<!doctype html public "-//w3c//dtd html 4.0 transitional//en">
<html><head>
<title>Static Call Graph - [D:\李翔\资料\C program\mpu9250备份\mpu9250-2015-11-18\Stm32\USER\TEST.axf]</title></head>
<body><HR>
<H1>Static Call Graph for image D:\李翔\资料\C program\mpu9250备份\mpu9250-2015-11-18\Stm32\USER\TEST.axf</H1><HR>
<BR><P>#&#060CALLGRAPH&#062# ARM Linker, RVCT4.0 [Build 524]: Last Updated: Mon Dec 21 18:06:45 2015
<BR><P>
<H3>Maximum Stack Usage =        664 bytes + Unknown(Functions without stacksize, Cycles, Untraceable Function Pointers)</H3><H3>
Call chain for Maximum Stack Depth:</H3>
__rt_entry_main &rArr; main &rArr; IMU_AHRSupdateComPass &rArr; sin &rArr; __ieee754_rem_pio2 &rArr; __aeabi_dmul
<P>
<H3>
Functions with no stack information
</H3><UL>
 <LI><a href="#[1f3c748]">__user_initial_stackheap</a>
</UL>
</UL>
<P>
<H3>
Mutually Recursive functions
</H3> <LI><a href="#[1f3c61c]">NMI_Handler</a>&nbsp;&nbsp;&nbsp;&rArr;&nbsp;&nbsp;&nbsp;<a href="#[1f3c61c]">NMI_Handler</a><BR>
 <LI><a href="#[1f3c5e0]">HardFault_Handler</a>&nbsp;&nbsp;&nbsp;&rArr;&nbsp;&nbsp;&nbsp;<a href="#[1f3c5e0]">HardFault_Handler</a><BR>
 <LI><a href="#[1f3c5a4]">MemManage_Handler</a>&nbsp;&nbsp;&nbsp;&rArr;&nbsp;&nbsp;&nbsp;<a href="#[1f3c5a4]">MemManage_Handler</a><BR>
 <LI><a href="#[1f3c568]">BusFault_Handler</a>&nbsp;&nbsp;&nbsp;&rArr;&nbsp;&nbsp;&nbsp;<a href="#[1f3c568]">BusFault_Handler</a><BR>
 <LI><a href="#[1f3c52c]">UsageFault_Handler</a>&nbsp;&nbsp;&nbsp;&rArr;&nbsp;&nbsp;&nbsp;<a href="#[1f3c52c]">UsageFault_Handler</a><BR>
 <LI><a href="#[1f3c4f0]">SVC_Handler</a>&nbsp;&nbsp;&nbsp;&rArr;&nbsp;&nbsp;&nbsp;<a href="#[1f3c4f0]">SVC_Handler</a><BR>
 <LI><a href="#[1f3c4b4]">DebugMon_Handler</a>&nbsp;&nbsp;&nbsp;&rArr;&nbsp;&nbsp;&nbsp;<a href="#[1f3c4b4]">DebugMon_Handler</a><BR>
 <LI><a href="#[1f3c478]">PendSV_Handler</a>&nbsp;&nbsp;&nbsp;&rArr;&nbsp;&nbsp;&nbsp;<a href="#[1f3c478]">PendSV_Handler</a><BR>
 <LI><a href="#[1f3c43c]">SysTick_Handler</a>&nbsp;&nbsp;&nbsp;&rArr;&nbsp;&nbsp;&nbsp;<a href="#[1f3c43c]">SysTick_Handler</a><BR>
 <LI><a href="#[1f3c400]">ADC_IRQHandler</a>&nbsp;&nbsp;&nbsp;&rArr;&nbsp;&nbsp;&nbsp;<a href="#[1f3c400]">ADC_IRQHandler</a><BR>
</UL>
<P>
<H3>
Function Pointers
</H3><UL>
 <LI><a href="#[1f3c658]">Reset_Handler</a>
 <LI><a href="#[1f3c61c]">NMI_Handler</a>
 <LI><a href="#[1f3c5e0]">HardFault_Handler</a>
 <LI><a href="#[1f3c5a4]">MemManage_Handler</a>
 <LI><a href="#[1f3c568]">BusFault_Handler</a>
 <LI><a href="#[1f3c52c]">UsageFault_Handler</a>
 <LI><a href="#[1f3c4f0]">SVC_Handler</a>
 <LI><a href="#[1f3c4b4]">DebugMon_Handler</a>
 <LI><a href="#[1f3c478]">PendSV_Handler</a>
 <LI><a href="#[1f3c43c]">SysTick_Handler</a>
 <LI><a href="#[1f35d58]">WWDG_IRQHandler</a>
 <LI><a href="#[1f3bed8]">PVD_IRQHandler</a>
 <LI><a href="#[1f3bd70]">TAMPER_IRQHandler</a>
 <LI><a href="#[1f3be24]">RTC_IRQHandler</a>
 <LI><a href="#[1f3c004]">FLASH_IRQHandler</a>
 <LI><a href="#[1f3be9c]">RCC_IRQHandler</a>
 <LI><a href="#[1f354ac]">EXTI0_IRQHandler</a>
 <LI><a href="#[1f3c130]">EXTI1_IRQHandler</a>
 <LI><a href="#[1f3c0f4]">EXTI2_IRQHandler</a>
 <LI><a href="#[1f3c0b8]">EXTI3_IRQHandler</a>
 <LI><a href="#[1f3c07c]">EXTI4_IRQHandler</a>
 <LI><a href="#[1f3c34c]">DMAChannel1_IRQHandler</a>
 <LI><a href="#[1f3c310]">DMAChannel2_IRQHandler</a>
 <LI><a href="#[1f3c2d4]">DMAChannel3_IRQHandler</a>
 <LI><a href="#[1f3c298]">DMAChannel4_IRQHandler</a>
 <LI><a href="#[1f3c25c]">DMAChannel5_IRQHandler</a>
 <LI><a href="#[1f3c220]">DMAChannel6_IRQHandler</a>
 <LI><a href="#[1f3c1e4]">DMAChannel7_IRQHandler</a>
 <LI><a href="#[1f3c400]">ADC_IRQHandler</a>
 <LI><a href="#[1f3baa0]">USB_HP_CAN_TX_IRQHandler</a>
 <LI><a href="#[1f3ba64]">USB_LP_CAN_RX0_IRQHandler</a>
 <LI><a href="#[1f3c3c4]">CAN_RX1_IRQHandler</a>
 <LI><a href="#[1f3c388]">CAN_SCE_IRQHandler</a>
 <LI><a href="#[1f3c040]">EXTI9_5_IRQHandler</a>
 <LI><a href="#[1f3bd34]">TIM1_BRK_IRQHandler</a>
 <LI><a href="#[1f3bc80]">TIM1_UP_IRQHandler</a>
 <LI><a href="#[1f3bcbc]">TIM1_TRG_COM_IRQHandler</a>
 <LI><a href="#[1f3bcf8]">TIM1_CC_IRQHandler</a>
 <LI><a href="#[1f3bc44]">TIM2_IRQHandler</a>
 <LI><a href="#[1f358e4]">TIM3_IRQHandler</a>
 <LI><a href="#[1f3bbcc]">TIM4_IRQHandler</a>
 <LI><a href="#[1f3bf8c]">I2C1_EV_IRQHandler</a>
 <LI><a href="#[1f3bfc8]">I2C1_ER_IRQHandler</a>
 <LI><a href="#[1f3bf14]">I2C2_EV_IRQHandler</a>
 <LI><a href="#[1f3bf50]">I2C2_ER_IRQHandler</a>
 <LI><a href="#[1f3bde8]">SPI1_IRQHandler</a>
 <LI><a href="#[1f3bdac]">SPI2_IRQHandler</a>
 <LI><a href="#[1f36ab4]">USART1_IRQHandler</a>
 <LI><a href="#[1f3bb54]">USART2_IRQHandler</a>
 <LI><a href="#[1f3bb18]">USART3_IRQHandler</a>
 <LI><a href="#[1f3c16c]">EXTI15_10_IRQHandler</a>
 <LI><a href="#[1f3be60]">RTCAlarm_IRQHandler</a>
 <LI><a href="#[1f3badc]">USBWakeUp_IRQHandler</a>
 <LI><a href="#[1f31654]">__main</a>
 <LI><a href="#[1f36af0]">fputc</a>
 <LI><a href="#[2bf4694]">_printf_input_char</a>
</UL>
<P>
<H3>
Global Symbols
</H3>
<P><STRONG><a name="[1f31654]"></a>__main</STRONG> (Thumb, 8 bytes, Stack size 0 bytes, __main.o(!!!main))
<BR><BR>[Calls]<UL><LI><a href="#[1f2e120]">&gt;&gt;</a>&nbsp;&nbsp;&nbsp;__rt_entry
<LI><a href="#[2bec1ec]">&gt;&gt;</a>&nbsp;&nbsp;&nbsp;__scatterload
</UL>

<P><STRONG><a name="[2bec1ec]"></a>__scatterload</STRONG> (Thumb, 0 bytes, Stack size unknown bytes, __scatter.o(!!!scatter))
<BR><BR>[Called By]<UL><LI><a href="#[1f31654]">&gt;&gt;</a>&nbsp;&nbsp;&nbsp;__main
</UL>

<P><STRONG><a name="[2bec1b0]"></a>__scatterload_rt2</STRONG> (Thumb, 44 bytes, Stack size unknown bytes, __scatter.o(!!!scatter), UNUSED)
<BR><BR>[Calls]<UL><LI><a href="#[1f2e120]">&gt;&gt;</a>&nbsp;&nbsp;&nbsp;__rt_entry
</UL>

<P><STRONG><a name="[2bec174]"></a>__scatterload_rt2_thumb_only</STRONG> (Thumb, 0 bytes, Stack size unknown bytes, __scatter.o(!!!scatter), UNUSED)

<P><STRONG><a name="[2bec138]"></a>__scatterload_null</STRONG> (Thumb, 0 bytes, Stack size unknown bytes, __scatter.o(!!!scatter), UNUSED)

<P><STRONG><a name="[2bebf94]"></a>__scatterload_copy</STRONG> (Thumb, 26 bytes, Stack size unknown bytes, __scatter_copy.o(!!handler_copy), UNUSED)
<BR><BR>[Calls]<UL><LI><a href="#[2bebf94]">&gt;&gt;</a>&nbsp;&nbsp;&nbsp;__scatterload_copy
</UL>
<BR>[Called By]<UL><LI><a href="#[2bebf94]">&gt;&gt;</a>&nbsp;&nbsp;&nbsp;__scatterload_copy
</UL>

<P><STRONG><a name="[2bebea4]"></a>__scatterload_zeroinit</STRONG> (Thumb, 28 bytes, Stack size unknown bytes, __scatter_zi.o(!!handler_zi), UNUSED)

<P><STRONG><a name="[1f31a8c]"></a>_printf_d</STRONG> (Thumb, 0 bytes, Stack size unknown bytes, _printf_d.o(.ARM.Collect$$_printf_percent$$00000009))
<BR><BR>[Stack]<UL><LI>Max Depth = 72 + Unknown Stack Size
<LI>Call Chain = _printf_d &rArr; _printf_int_dec &rArr; _printf_int_common &rArr; _printf_post_padding
</UL>
<BR>[Calls]<UL><LI><a href="#[1f324a0]">&gt;&gt;</a>&nbsp;&nbsp;&nbsp;_printf_int_dec
</UL>

<P><STRONG><a name="[1f319d8]"></a>_printf_percent</STRONG> (Thumb, 0 bytes, Stack size unknown bytes, _printf_percent.o(.ARM.Collect$$_printf_percent$$00000000))
<BR><BR>[Called By]<UL><LI><a href="#[1f31d98]">&gt;&gt;</a>&nbsp;&nbsp;&nbsp;__printf
</UL>

<P><STRONG><a name="[2bf4568]"></a>_printf_percent_end</STRONG> (Thumb, 0 bytes, Stack size unknown bytes, _printf_percent_end.o(.ARM.Collect$$_printf_percent$$00000017))

<P><STRONG><a name="[2bf1250]"></a>__rt_lib_init</STRONG> (Thumb, 0 bytes, Stack size unknown bytes, libinit.o(.ARM.Collect$$libinit$$00000000))
<BR><BR>[Called By]<UL><LI><a href="#[2bf254c]">&gt;&gt;</a>&nbsp;&nbsp;&nbsp;__rt_entry_li
</UL>

<P><STRONG><a name="[2bef93c]"></a>__rt_lib_init_alloca_1</STRONG> (Thumb, 0 bytes, Stack size unknown bytes, libinit2.o(.ARM.Collect$$libinit$$0000002A))

<P><STRONG><a name="[2bef9b4]"></a>__rt_lib_init_argv_1</STRONG> (Thumb, 0 bytes, Stack size unknown bytes, libinit2.o(.ARM.Collect$$libinit$$00000028))

<P><STRONG><a name="[2befd74]"></a>__rt_lib_init_atexit_1</STRONG> (Thumb, 0 bytes, Stack size unknown bytes, libinit2.o(.ARM.Collect$$libinit$$00000017))

<P><STRONG><a name="[2befc0c]"></a>__rt_lib_init_clock_1</STRONG> (Thumb, 0 bytes, Stack size unknown bytes, libinit2.o(.ARM.Collect$$libinit$$0000001D))

<P><STRONG><a name="[2bef84c]"></a>__rt_lib_init_cpp_1</STRONG> (Thumb, 0 bytes, Stack size unknown bytes, libinit2.o(.ARM.Collect$$libinit$$0000002E))

<P><STRONG><a name="[2bef8c4]"></a>__rt_lib_init_exceptions_1</STRONG> (Thumb, 0 bytes, Stack size unknown bytes, libinit2.o(.ARM.Collect$$libinit$$0000002C))

<P><STRONG><a name="[2befc84]"></a>__rt_lib_init_fp_trap_1</STRONG> (Thumb, 0 bytes, Stack size unknown bytes, libinit2.o(.ARM.Collect$$libinit$$0000001B))

<P><STRONG><a name="[2befb94]"></a>__rt_lib_init_getenv_1</STRONG> (Thumb, 0 bytes, Stack size unknown bytes, libinit2.o(.ARM.Collect$$libinit$$0000001F))

<P><STRONG><a name="[2bf0170]"></a>__rt_lib_init_heap_1</STRONG> (Thumb, 0 bytes, Stack size unknown bytes, libinit2.o(.ARM.Collect$$libinit$$00000006))

<P><STRONG><a name="[2beffcc]"></a>__rt_lib_init_lc_collate_1</STRONG> (Thumb, 0 bytes, Stack size unknown bytes, libinit2.o(.ARM.Collect$$libinit$$0000000D))

<P><STRONG><a name="[2beff54]"></a>__rt_lib_init_lc_ctype_1</STRONG> (Thumb, 0 bytes, Stack size unknown bytes, libinit2.o(.ARM.Collect$$libinit$$0000000F))

<P><STRONG><a name="[2befedc]"></a>__rt_lib_init_lc_monetary_1</STRONG> (Thumb, 0 bytes, Stack size unknown bytes, libinit2.o(.ARM.Collect$$libinit$$00000011))

<P><STRONG><a name="[2befe64]"></a>__rt_lib_init_lc_numeric_1</STRONG> (Thumb, 0 bytes, Stack size unknown bytes, libinit2.o(.ARM.Collect$$libinit$$00000013))

<P><STRONG><a name="[2befdec]"></a>__rt_lib_init_lc_time_1</STRONG> (Thumb, 0 bytes, Stack size unknown bytes, libinit2.o(.ARM.Collect$$libinit$$00000015))

<P><STRONG><a name="[2bf0080]"></a>__rt_lib_init_rand_1</STRONG> (Thumb, 0 bytes, Stack size unknown bytes, libinit2.o(.ARM.Collect$$libinit$$0000000A))

<P><STRONG><a name="[2bef810]"></a>__rt_lib_init_return</STRONG> (Thumb, 0 bytes, Stack size unknown bytes, libinit2.o(.ARM.Collect$$libinit$$0000002F))

<P><STRONG><a name="[2befcfc]"></a>__rt_lib_init_signal_1</STRONG> (Thumb, 0 bytes, Stack size unknown bytes, libinit2.o(.ARM.Collect$$libinit$$00000019))

<P><STRONG><a name="[2befb1c]"></a>__rt_lib_init_stdio_1</STRONG> (Thumb, 0 bytes, Stack size unknown bytes, libinit2.o(.ARM.Collect$$libinit$$00000021))

<P><STRONG><a name="[2bf00f8]"></a>__rt_lib_init_user_alloc_1</STRONG> (Thumb, 0 bytes, Stack size unknown bytes, libinit2.o(.ARM.Collect$$libinit$$00000008))

<P><STRONG><a name="[2bee988]"></a>__rt_lib_shutdown</STRONG> (Thumb, 0 bytes, Stack size unknown bytes, libshutdown.o(.ARM.Collect$$libshutdown$$00000000))
<BR><BR>[Called By]<UL><LI><a href="#[2bef090]">&gt;&gt;</a>&nbsp;&nbsp;&nbsp;__rt_exit_ls
</UL>

<P><STRONG><a name="[2bede0c]"></a>__rt_lib_shutdown_fp_trap_1</STRONG> (Thumb, 0 bytes, Stack size unknown bytes, libshutdown2.o(.ARM.Collect$$libshutdown$$00000006))

<P><STRONG><a name="[2bedc2c]"></a>__rt_lib_shutdown_heap_1</STRONG> (Thumb, 0 bytes, Stack size unknown bytes, libshutdown2.o(.ARM.Collect$$libshutdown$$0000000E))

<P><STRONG><a name="[2bedbf0]"></a>__rt_lib_shutdown_return</STRONG> (Thumb, 0 bytes, Stack size unknown bytes, libshutdown2.o(.ARM.Collect$$libshutdown$$0000000F))

<P><STRONG><a name="[2bedd58]"></a>__rt_lib_shutdown_signal_1</STRONG> (Thumb, 0 bytes, Stack size unknown bytes, libshutdown2.o(.ARM.Collect$$libshutdown$$00000009))

<P><STRONG><a name="[2bedec0]"></a>__rt_lib_shutdown_stdio_1</STRONG> (Thumb, 0 bytes, Stack size unknown bytes, libshutdown2.o(.ARM.Collect$$libshutdown$$00000003))

<P><STRONG><a name="[2bedce0]"></a>__rt_lib_shutdown_user_alloc_1</STRONG> (Thumb, 0 bytes, Stack size unknown bytes, libshutdown2.o(.ARM.Collect$$libshutdown$$0000000B))

<P><STRONG><a name="[1f2e120]"></a>__rt_entry</STRONG> (Thumb, 0 bytes, Stack size unknown bytes, rtentry.o(.ARM.Collect$$rtentry$$00000000))
<BR><BR>[Called By]<UL><LI><a href="#[1f31654]">&gt;&gt;</a>&nbsp;&nbsp;&nbsp;__main
<LI><a href="#[2bec1b0]">&gt;&gt;</a>&nbsp;&nbsp;&nbsp;__scatterload_rt2
</UL>

<P><STRONG><a name="[2bf2600]"></a>__rt_entry_presh_1</STRONG> (Thumb, 0 bytes, Stack size unknown bytes, rtentry2.o(.ARM.Collect$$rtentry$$00000002))

<P><STRONG><a name="[2bf227c]"></a>__rt_entry_sh</STRONG> (Thumb, 0 bytes, Stack size unknown bytes, rtentry4.o(.ARM.Collect$$rtentry$$00000004))
<BR><BR>[Stack]<UL><LI>Max Depth = 8 + Unknown Stack Size
<LI>Call Chain = __rt_entry_sh &rArr; __user_setup_stackheap
</UL>
<BR>[Calls]<UL><LI><a href="#[2bf17b4]">&gt;&gt;</a>&nbsp;&nbsp;&nbsp;__user_setup_stackheap
</UL>

<P><STRONG><a name="[2bf254c]"></a>__rt_entry_li</STRONG> (Thumb, 0 bytes, Stack size unknown bytes, rtentry2.o(.ARM.Collect$$rtentry$$0000000A))
<BR><BR>[Calls]<UL><LI><a href="#[2bf1250]">&gt;&gt;</a>&nbsp;&nbsp;&nbsp;__rt_lib_init
</UL>

<P><STRONG><a name="[2bf2588]"></a>__rt_entry_postsh_1</STRONG> (Thumb, 0 bytes, Stack size unknown bytes, rtentry2.o(.ARM.Collect$$rtentry$$00000009))

<P><STRONG><a name="[2bf2498]"></a>__rt_entry_main</STRONG> (Thumb, 0 bytes, Stack size unknown bytes, rtentry2.o(.ARM.Collect$$rtentry$$0000000D))
<BR><BR>[Stack]<UL><LI>Max Depth = 664 + Unknown Stack Size
<LI>Call Chain = __rt_entry_main &rArr; main &rArr; IMU_AHRSupdateComPass &rArr; sin &rArr; __ieee754_rem_pio2 &rArr; __aeabi_dmul
</UL>
<BR>[Calls]<UL><LI><a href="#[1f3838c]">&gt;&gt;</a>&nbsp;&nbsp;&nbsp;main
<LI><a href="#[2bf164c]">&gt;&gt;</a>&nbsp;&nbsp;&nbsp;exit
</UL>

<P><STRONG><a name="[2bf24d4]"></a>__rt_entry_postli_1</STRONG> (Thumb, 0 bytes, Stack size unknown bytes, rtentry2.o(.ARM.Collect$$rtentry$$0000000C))

<P><STRONG><a name="[2bf0cec]"></a>__rt_exit</STRONG> (Thumb, 0 bytes, Stack size unknown bytes, rtexit.o(.ARM.Collect$$rtexit$$00000000))
<BR><BR>[Called By]<UL><LI><a href="#[2bf164c]">&gt;&gt;</a>&nbsp;&nbsp;&nbsp;exit
</UL>

<P><STRONG><a name="[2bef090]"></a>__rt_exit_ls</STRONG> (Thumb, 0 bytes, Stack size unknown bytes, rtexit2.o(.ARM.Collect$$rtexit$$00000003))
<BR><BR>[Calls]<UL><LI><a href="#[2bee988]">&gt;&gt;</a>&nbsp;&nbsp;&nbsp;__rt_lib_shutdown
</UL>

<P><STRONG><a name="[2bef0cc]"></a>__rt_exit_prels_1</STRONG> (Thumb, 0 bytes, Stack size unknown bytes, rtexit2.o(.ARM.Collect$$rtexit$$00000002))

<P><STRONG><a name="[2bef054]"></a>__rt_exit_exit</STRONG> (Thumb, 0 bytes, Stack size unknown bytes, rtexit2.o(.ARM.Collect$$rtexit$$00000004))
<BR><BR>[Calls]<UL><LI><a href="#[1f36b2c]">&gt;&gt;</a>&nbsp;&nbsp;&nbsp;_sys_exit
</UL>

<P><STRONG><a name="[1f373d8]"></a>WFI_SET</STRONG> (Thumb, 2 bytes, Stack size 0 bytes, sys.o(.emb_text))
<BR><BR>[Called By]<UL><LI><a href="#[1f37270]">&gt;&gt;</a>&nbsp;&nbsp;&nbsp;Sys_Standby
</UL>

<P><STRONG><a name="[1f3c658]"></a>Reset_Handler</STRONG> (Thumb, 4 bytes, Stack size 0 bytes, stm32f10x.o(.text))
<BR>[Address Reference Count : 1]<UL><LI> stm32f10x.o(RESET)
</UL>
<P><STRONG><a name="[1f3c61c]"></a>NMI_Handler</STRONG> (Thumb, 2 bytes, Stack size 0 bytes, stm32f10x.o(.text))
<BR><BR>[Calls]<UL><LI><a href="#[1f3c61c]">&gt;&gt;</a>&nbsp;&nbsp;&nbsp;NMI_Handler
</UL>
<BR>[Called By]<UL><LI><a href="#[1f3c61c]">&gt;&gt;</a>&nbsp;&nbsp;&nbsp;NMI_Handler
</UL>
<BR>[Address Reference Count : 1]<UL><LI> stm32f10x.o(RESET)
</UL>
<P><STRONG><a name="[1f3c5e0]"></a>HardFault_Handler</STRONG> (Thumb, 2 bytes, Stack size 0 bytes, stm32f10x.o(.text))
<BR><BR>[Calls]<UL><LI><a href="#[1f3c5e0]">&gt;&gt;</a>&nbsp;&nbsp;&nbsp;HardFault_Handler
</UL>
<BR>[Called By]<UL><LI><a href="#[1f3c5e0]">&gt;&gt;</a>&nbsp;&nbsp;&nbsp;HardFault_Handler
</UL>
<BR>[Address Reference Count : 1]<UL><LI> stm32f10x.o(RESET)
</UL>
<P><STRONG><a name="[1f3c5a4]"></a>MemManage_Handler</STRONG> (Thumb, 2 bytes, Stack size 0 bytes, stm32f10x.o(.text))
<BR><BR>[Calls]<UL><LI><a href="#[1f3c5a4]">&gt;&gt;</a>&nbsp;&nbsp;&nbsp;MemManage_Handler
</UL>
<BR>[Called By]<UL><LI><a href="#[1f3c5a4]">&gt;&gt;</a>&nbsp;&nbsp;&nbsp;MemManage_Handler
</UL>
<BR>[Address Reference Count : 1]<UL><LI> stm32f10x.o(RESET)
</UL>
<P><STRONG><a name="[1f3c568]"></a>BusFault_Handler</STRONG> (Thumb, 2 bytes, Stack size 0 bytes, stm32f10x.o(.text))
<BR><BR>[Calls]<UL><LI><a href="#[1f3c568]">&gt;&gt;</a>&nbsp;&nbsp;&nbsp;BusFault_Handler
</UL>
<BR>[Called By]<UL><LI><a href="#[1f3c568]">&gt;&gt;</a>&nbsp;&nbsp;&nbsp;BusFault_Handler
</UL>
<BR>[Address Reference Count : 1]<UL><LI> stm32f10x.o(RESET)
</UL>
<P><STRONG><a name="[1f3c52c]"></a>UsageFault_Handler</STRONG> (Thumb, 2 bytes, Stack size 0 bytes, stm32f10x.o(.text))
<BR><BR>[Calls]<UL><LI><a href="#[1f3c52c]">&gt;&gt;</a>&nbsp;&nbsp;&nbsp;UsageFault_Handler
</UL>
<BR>[Called By]<UL><LI><a href="#[1f3c52c]">&gt;&gt;</a>&nbsp;&nbsp;&nbsp;UsageFault_Handler
</UL>
<BR>[Address Reference Count : 1]<UL><LI> stm32f10x.o(RESET)
</UL>
<P><STRONG><a name="[1f3c4f0]"></a>SVC_Handler</STRONG> (Thumb, 2 bytes, Stack size 0 bytes, stm32f10x.o(.text))
<BR><BR>[Calls]<UL><LI><a href="#[1f3c4f0]">&gt;&gt;</a>&nbsp;&nbsp;&nbsp;SVC_Handler
</UL>
<BR>[Called By]<UL><LI><a href="#[1f3c4f0]">&gt;&gt;</a>&nbsp;&nbsp;&nbsp;SVC_Handler
</UL>
<BR>[Address Reference Count : 1]<UL><LI> stm32f10x.o(RESET)
</UL>
<P><STRONG><a name="[1f3c4b4]"></a>DebugMon_Handler</STRONG> (Thumb, 2 bytes, Stack size 0 bytes, stm32f10x.o(.text))
<BR><BR>[Calls]<UL><LI><a href="#[1f3c4b4]">&gt;&gt;</a>&nbsp;&nbsp;&nbsp;DebugMon_Handler
</UL>
<BR>[Called By]<UL><LI><a href="#[1f3c4b4]">&gt;&gt;</a>&nbsp;&nbsp;&nbsp;DebugMon_Handler
</UL>
<BR>[Address Reference Count : 1]<UL><LI> stm32f10x.o(RESET)
</UL>
<P><STRONG><a name="[1f3c478]"></a>PendSV_Handler</STRONG> (Thumb, 2 bytes, Stack size 0 bytes, stm32f10x.o(.text))
<BR><BR>[Calls]<UL><LI><a href="#[1f3c478]">&gt;&gt;</a>&nbsp;&nbsp;&nbsp;PendSV_Handler
</UL>
<BR>[Called By]<UL><LI><a href="#[1f3c478]">&gt;&gt;</a>&nbsp;&nbsp;&nbsp;PendSV_Handler
</UL>
<BR>[Address Reference Count : 1]<UL><LI> stm32f10x.o(RESET)
</UL>
<P><STRONG><a name="[1f3c43c]"></a>SysTick_Handler</STRONG> (Thumb, 2 bytes, Stack size 0 bytes, stm32f10x.o(.text))
<BR><BR>[Calls]<UL><LI><a href="#[1f3c43c]">&gt;&gt;</a>&nbsp;&nbsp;&nbsp;SysTick_Handler
</UL>
<BR>[Called By]<UL><LI><a href="#[1f3c43c]">&gt;&gt;</a>&nbsp;&nbsp;&nbsp;SysTick_Handler
</UL>
<BR>[Address Reference Count : 1]<UL><LI> stm32f10x.o(RESET)
</UL>
<P><STRONG><a name="[1f3c400]"></a>ADC_IRQHandler</STRONG> (Thumb, 0 bytes, Stack size 0 bytes, stm32f10x.o(.text))
<BR><BR>[Calls]<UL><LI><a href="#[1f3c400]">&gt;&gt;</a>&nbsp;&nbsp;&nbsp;ADC_IRQHandler
</UL>
<BR>[Called By]<UL><LI><a href="#[1f3c400]">&gt;&gt;</a>&nbsp;&nbsp;&nbsp;ADC_IRQHandler
</UL>
<BR>[Address Reference Count : 1]<UL><LI> stm32f10x.o(RESET)
</UL>
<P><STRONG><a name="[1f3c3c4]"></a>CAN_RX1_IRQHandler</STRONG> (Thumb, 0 bytes, Stack size 0 bytes, stm32f10x.o(.text))
<BR>[Address Reference Count : 1]<UL><LI> stm32f10x.o(RESET)
</UL>
<P><STRONG><a name="[1f3c388]"></a>CAN_SCE_IRQHandler</STRONG> (Thumb, 0 bytes, Stack size 0 bytes, stm32f10x.o(.text))
<BR>[Address Reference Count : 1]<UL><LI> stm32f10x.o(RESET)
</UL>
<P><STRONG><a name="[1f3c34c]"></a>DMAChannel1_IRQHandler</STRONG> (Thumb, 0 bytes, Stack size 0 bytes, stm32f10x.o(.text))
<BR>[Address Reference Count : 1]<UL><LI> stm32f10x.o(RESET)
</UL>
<P><STRONG><a name="[1f3c310]"></a>DMAChannel2_IRQHandler</STRONG> (Thumb, 0 bytes, Stack size 0 bytes, stm32f10x.o(.text))
<BR>[Address Reference Count : 1]<UL><LI> stm32f10x.o(RESET)
</UL>
<P><STRONG><a name="[1f3c2d4]"></a>DMAChannel3_IRQHandler</STRONG> (Thumb, 0 bytes, Stack size 0 bytes, stm32f10x.o(.text))
<BR>[Address Reference Count : 1]<UL><LI> stm32f10x.o(RESET)
</UL>
<P><STRONG><a name="[1f3c298]"></a>DMAChannel4_IRQHandler</STRONG> (Thumb, 0 bytes, Stack size 0 bytes, stm32f10x.o(.text))
<BR>[Address Reference Count : 1]<UL><LI> stm32f10x.o(RESET)
</UL>
<P><STRONG><a name="[1f3c25c]"></a>DMAChannel5_IRQHandler</STRONG> (Thumb, 0 bytes, Stack size 0 bytes, stm32f10x.o(.text))
<BR>[Address Reference Count : 1]<UL><LI> stm32f10x.o(RESET)
</UL>
<P><STRONG><a name="[1f3c220]"></a>DMAChannel6_IRQHandler</STRONG> (Thumb, 0 bytes, Stack size 0 bytes, stm32f10x.o(.text))
<BR>[Address Reference Count : 1]<UL><LI> stm32f10x.o(RESET)
</UL>
<P><STRONG><a name="[1f3c1e4]"></a>DMAChannel7_IRQHandler</STRONG> (Thumb, 0 bytes, Stack size 0 bytes, stm32f10x.o(.text))
<BR>[Address Reference Count : 1]<UL><LI> stm32f10x.o(RESET)
</UL>
<P><STRONG><a name="[1f3c16c]"></a>EXTI15_10_IRQHandler</STRONG> (Thumb, 0 bytes, Stack size 0 bytes, stm32f10x.o(.text))
<BR>[Address Reference Count : 1]<UL><LI> stm32f10x.o(RESET)
</UL>
<P><STRONG><a name="[1f3c130]"></a>EXTI1_IRQHandler</STRONG> (Thumb, 0 bytes, Stack size 0 bytes, stm32f10x.o(.text))
<BR>[Address Reference Count : 1]<UL><LI> stm32f10x.o(RESET)
</UL>
<P><STRONG><a name="[1f3c0f4]"></a>EXTI2_IRQHandler</STRONG> (Thumb, 0 bytes, Stack size 0 bytes, stm32f10x.o(.text))
<BR>[Address Reference Count : 1]<UL><LI> stm32f10x.o(RESET)
</UL>
<P><STRONG><a name="[1f3c0b8]"></a>EXTI3_IRQHandler</STRONG> (Thumb, 0 bytes, Stack size 0 bytes, stm32f10x.o(.text))
<BR>[Address Reference Count : 1]<UL><LI> stm32f10x.o(RESET)
</UL>
<P><STRONG><a name="[1f3c07c]"></a>EXTI4_IRQHandler</STRONG> (Thumb, 0 bytes, Stack size 0 bytes, stm32f10x.o(.text))
<BR>[Address Reference Count : 1]<UL><LI> stm32f10x.o(RESET)
</UL>
<P><STRONG><a name="[1f3c040]"></a>EXTI9_5_IRQHandler</STRONG> (Thumb, 0 bytes, Stack size 0 bytes, stm32f10x.o(.text))
<BR>[Address Reference Count : 1]<UL><LI> stm32f10x.o(RESET)
</UL>
<P><STRONG><a name="[1f3c004]"></a>FLASH_IRQHandler</STRONG> (Thumb, 0 bytes, Stack size 0 bytes, stm32f10x.o(.text))
<BR>[Address Reference Count : 1]<UL><LI> stm32f10x.o(RESET)
</UL>
<P><STRONG><a name="[1f3bfc8]"></a>I2C1_ER_IRQHandler</STRONG> (Thumb, 0 bytes, Stack size 0 bytes, stm32f10x.o(.text))
<BR>[Address Reference Count : 1]<UL><LI> stm32f10x.o(RESET)
</UL>
<P><STRONG><a name="[1f3bf8c]"></a>I2C1_EV_IRQHandler</STRONG> (Thumb, 0 bytes, Stack size 0 bytes, stm32f10x.o(.text))
<BR>[Address Reference Count : 1]<UL><LI> stm32f10x.o(RESET)
</UL>
<P><STRONG><a name="[1f3bf50]"></a>I2C2_ER_IRQHandler</STRONG> (Thumb, 0 bytes, Stack size 0 bytes, stm32f10x.o(.text))
<BR>[Address Reference Count : 1]<UL><LI> stm32f10x.o(RESET)
</UL>
<P><STRONG><a name="[1f3bf14]"></a>I2C2_EV_IRQHandler</STRONG> (Thumb, 0 bytes, Stack size 0 bytes, stm32f10x.o(.text))
<BR>[Address Reference Count : 1]<UL><LI> stm32f10x.o(RESET)
</UL>
<P><STRONG><a name="[1f3bed8]"></a>PVD_IRQHandler</STRONG> (Thumb, 0 bytes, Stack size 0 bytes, stm32f10x.o(.text))
<BR>[Address Reference Count : 1]<UL><LI> stm32f10x.o(RESET)
</UL>
<P><STRONG><a name="[1f3be9c]"></a>RCC_IRQHandler</STRONG> (Thumb, 0 bytes, Stack size 0 bytes, stm32f10x.o(.text))
<BR>[Address Reference Count : 1]<UL><LI> stm32f10x.o(RESET)
</UL>
<P><STRONG><a name="[1f3be60]"></a>RTCAlarm_IRQHandler</STRONG> (Thumb, 0 bytes, Stack size 0 bytes, stm32f10x.o(.text))
<BR>[Address Reference Count : 1]<UL><LI> stm32f10x.o(RESET)
</UL>
<P><STRONG><a name="[1f3be24]"></a>RTC_IRQHandler</STRONG> (Thumb, 0 bytes, Stack size 0 bytes, stm32f10x.o(.text))
<BR>[Address Reference Count : 1]<UL><LI> stm32f10x.o(RESET)
</UL>
<P><STRONG><a name="[1f3bde8]"></a>SPI1_IRQHandler</STRONG> (Thumb, 0 bytes, Stack size 0 bytes, stm32f10x.o(.text))
<BR>[Address Reference Count : 1]<UL><LI> stm32f10x.o(RESET)
</UL>
<P><STRONG><a name="[1f3bdac]"></a>SPI2_IRQHandler</STRONG> (Thumb, 0 bytes, Stack size 0 bytes, stm32f10x.o(.text))
<BR>[Address Reference Count : 1]<UL><LI> stm32f10x.o(RESET)
</UL>
<P><STRONG><a name="[1f3bd70]"></a>TAMPER_IRQHandler</STRONG> (Thumb, 0 bytes, Stack size 0 bytes, stm32f10x.o(.text))
<BR>[Address Reference Count : 1]<UL><LI> stm32f10x.o(RESET)
</UL>
<P><STRONG><a name="[1f3bd34]"></a>TIM1_BRK_IRQHandler</STRONG> (Thumb, 0 bytes, Stack size 0 bytes, stm32f10x.o(.text))
<BR>[Address Reference Count : 1]<UL><LI> stm32f10x.o(RESET)
</UL>
<P><STRONG><a name="[1f3bcf8]"></a>TIM1_CC_IRQHandler</STRONG> (Thumb, 0 bytes, Stack size 0 bytes, stm32f10x.o(.text))
<BR>[Address Reference Count : 1]<UL><LI> stm32f10x.o(RESET)
</UL>
<P><STRONG><a name="[1f3bcbc]"></a>TIM1_TRG_COM_IRQHandler</STRONG> (Thumb, 0 bytes, Stack size 0 bytes, stm32f10x.o(.text))
<BR>[Address Reference Count : 1]<UL><LI> stm32f10x.o(RESET)
</UL>
<P><STRONG><a name="[1f3bc80]"></a>TIM1_UP_IRQHandler</STRONG> (Thumb, 0 bytes, Stack size 0 bytes, stm32f10x.o(.text))
<BR>[Address Reference Count : 1]<UL><LI> stm32f10x.o(RESET)
</UL>
<P><STRONG><a name="[1f3bc44]"></a>TIM2_IRQHandler</STRONG> (Thumb, 0 bytes, Stack size 0 bytes, stm32f10x.o(.text))
<BR>[Address Reference Count : 1]<UL><LI> stm32f10x.o(RESET)
</UL>
<P><STRONG><a name="[1f3bbcc]"></a>TIM4_IRQHandler</STRONG> (Thumb, 0 bytes, Stack size 0 bytes, stm32f10x.o(.text))
<BR>[Address Reference Count : 1]<UL><LI> stm32f10x.o(RESET)
</UL>
<P><STRONG><a name="[1f3bb54]"></a>USART2_IRQHandler</STRONG> (Thumb, 0 bytes, Stack size 0 bytes, stm32f10x.o(.text))
<BR>[Address Reference Count : 1]<UL><LI> stm32f10x.o(RESET)
</UL>
<P><STRONG><a name="[1f3bb18]"></a>USART3_IRQHandler</STRONG> (Thumb, 0 bytes, Stack size 0 bytes, stm32f10x.o(.text))
<BR>[Address Reference Count : 1]<UL><LI> stm32f10x.o(RESET)
</UL>
<P><STRONG><a name="[1f3badc]"></a>USBWakeUp_IRQHandler</STRONG> (Thumb, 0 bytes, Stack size 0 bytes, stm32f10x.o(.text))
<BR>[Address Reference Count : 1]<UL><LI> stm32f10x.o(RESET)
</UL>
<P><STRONG><a name="[1f3baa0]"></a>USB_HP_CAN_TX_IRQHandler</STRONG> (Thumb, 0 bytes, Stack size 0 bytes, stm32f10x.o(.text))
<BR>[Address Reference Count : 1]<UL><LI> stm32f10x.o(RESET)
</UL>
<P><STRONG><a name="[1f3ba64]"></a>USB_LP_CAN_RX0_IRQHandler</STRONG> (Thumb, 0 bytes, Stack size 0 bytes, stm32f10x.o(.text))
<BR>[Address Reference Count : 1]<UL><LI> stm32f10x.o(RESET)
</UL>
<P><STRONG><a name="[1f3c748]"></a>__user_initial_stackheap</STRONG> (Thumb, 0 bytes, Stack size unknown bytes, stm32f10x.o(.text))
<BR><BR>[Called By]<UL><LI><a href="#[2bf17b4]">&gt;&gt;</a>&nbsp;&nbsp;&nbsp;__user_setup_stackheap
</UL>

<P><STRONG><a name="[1f383c8]"></a>InitMPU9250</STRONG> (Thumb, 64 bytes, Stack size 8 bytes, test.o(.text))
<BR><BR>[Stack]<UL><LI>Max Depth = 24<LI>Call Chain = InitMPU9250 &rArr; NRF24L01_Write_Reg
</UL>
<BR>[Calls]<UL><LI><a href="#[1f38134]">&gt;&gt;</a>&nbsp;&nbsp;&nbsp;NRF24L01_Write_Reg
<LI><a href="#[1f38350]">&gt;&gt;</a>&nbsp;&nbsp;&nbsp;AT24CXX_Init
</UL>
<BR>[Called By]<UL><LI><a href="#[1f3838c]">&gt;&gt;</a>&nbsp;&nbsp;&nbsp;main
</UL>

<P><STRONG><a name="[1f3838c]"></a>main</STRONG> (Thumb, 1232 bytes, Stack size 176 bytes, test.o(.text))
<BR><BR>[Stack]<UL><LI>Max Depth = 664 + Unknown Stack Size
<LI>Call Chain = main &rArr; IMU_AHRSupdateComPass &rArr; sin &rArr; __ieee754_rem_pio2 &rArr; __aeabi_dmul
</UL>
<BR>[Calls]<UL><LI><a href="#[1f2f020]">&gt;&gt;</a>&nbsp;&nbsp;&nbsp;__aeabi_fmul
<LI><a href="#[1f2f278]">&gt;&gt;</a>&nbsp;&nbsp;&nbsp;__aeabi_ui2f
<LI><a href="#[1f2f32c]">&gt;&gt;</a>&nbsp;&nbsp;&nbsp;__aeabi_i2f
<LI><a href="#[1f2f9bc]">&gt;&gt;</a>&nbsp;&nbsp;&nbsp;__aeabi_cfcmpeq
<LI><a href="#[1f2fb9c]">&gt;&gt;</a>&nbsp;&nbsp;&nbsp;__aeabi_fdiv
<LI><a href="#[1f2ff5c]">&gt;&gt;</a>&nbsp;&nbsp;&nbsp;__aeabi_fadd
<LI><a href="#[1f302a4]">&gt;&gt;</a>&nbsp;&nbsp;&nbsp;__aeabi_f2d
<LI><a href="#[1f3040c]">&gt;&gt;</a>&nbsp;&nbsp;&nbsp;__aeabi_dmul
<LI><a href="#[1f30c04]">&gt;&gt;</a>&nbsp;&nbsp;&nbsp;__aeabi_ddiv
<LI><a href="#[1f313c0]">&gt;&gt;</a>&nbsp;&nbsp;&nbsp;__aeabi_d2f
<LI><a href="#[1f358e4]">&gt;&gt;</a>&nbsp;&nbsp;&nbsp;TIM3_IRQHandler
<LI><a href="#[1f37cfc]">&gt;&gt;</a>&nbsp;&nbsp;&nbsp;uart_init
<LI><a href="#[1f37d74]">&gt;&gt;</a>&nbsp;&nbsp;&nbsp;delay_ms
<LI><a href="#[1f37db0]">&gt;&gt;</a>&nbsp;&nbsp;&nbsp;delay_init
<LI><a href="#[1f380bc]">&gt;&gt;</a>&nbsp;&nbsp;&nbsp;Timerx_Init
<LI><a href="#[1f380f8]">&gt;&gt;</a>&nbsp;&nbsp;&nbsp;Stm32_Clock_Init
<LI><a href="#[1f38134]">&gt;&gt;</a>&nbsp;&nbsp;&nbsp;NRF24L01_Write_Reg
<LI><a href="#[1f38170]">&gt;&gt;</a>&nbsp;&nbsp;&nbsp;NRF24L01_Read_Reg
<LI><a href="#[1f381ac]">&gt;&gt;</a>&nbsp;&nbsp;&nbsp;NRF24L01_Init
<LI><a href="#[1f381e8]">&gt;&gt;</a>&nbsp;&nbsp;&nbsp;LED_Init
<LI><a href="#[1f38224]">&gt;&gt;</a>&nbsp;&nbsp;&nbsp;KEY_Init
<LI><a href="#[1f38260]">&gt;&gt;</a>&nbsp;&nbsp;&nbsp;IMU_AHRSupdateComPass
<LI><a href="#[1f3829c]">&gt;&gt;</a>&nbsp;&nbsp;&nbsp;IIC_WriteOneByte
<LI><a href="#[1f382d8]">&gt;&gt;</a>&nbsp;&nbsp;&nbsp;IIC_ReadOneByte
<LI><a href="#[1f38314]">&gt;&gt;</a>&nbsp;&nbsp;&nbsp;Element_4_int
<LI><a href="#[1f383c8]">&gt;&gt;</a>&nbsp;&nbsp;&nbsp;InitMPU9250
</UL>
<BR>[Called By]<UL><LI><a href="#[2bf2498]">&gt;&gt;</a>&nbsp;&nbsp;&nbsp;__rt_entry_main
</UL>

<P><STRONG><a name="[1f37db0]"></a>delay_init</STRONG> (Thumb, 46 bytes, Stack size 0 bytes, delay.o(.text))
<BR><BR>[Called By]<UL><LI><a href="#[1f3838c]">&gt;&gt;</a>&nbsp;&nbsp;&nbsp;main
</UL>

<P><STRONG><a name="[1f37d74]"></a>delay_ms</STRONG> (Thumb, 54 bytes, Stack size 0 bytes, delay.o(.text))
<BR><BR>[Called By]<UL><LI><a href="#[1f333a0]">&gt;&gt;</a>&nbsp;&nbsp;&nbsp;AT24CXX_WriteOneByte
<LI><a href="#[1f354e8]">&gt;&gt;</a>&nbsp;&nbsp;&nbsp;Check_WKUP
<LI><a href="#[1f3829c]">&gt;&gt;</a>&nbsp;&nbsp;&nbsp;IIC_WriteOneByte
<LI><a href="#[1f3838c]">&gt;&gt;</a>&nbsp;&nbsp;&nbsp;main
</UL>

<P><STRONG><a name="[1f37888]"></a>delay_us</STRONG> (Thumb, 52 bytes, Stack size 0 bytes, delay.o(.text))
<BR><BR>[Called By]<UL><LI><a href="#[1f32d4c]">&gt;&gt;</a>&nbsp;&nbsp;&nbsp;IIC_Ack
<LI><a href="#[1f330d0]">&gt;&gt;</a>&nbsp;&nbsp;&nbsp;IIC_Wait_Ack
<LI><a href="#[1f3310c]">&gt;&gt;</a>&nbsp;&nbsp;&nbsp;IIC_Stop
<LI><a href="#[1f33148]">&gt;&gt;</a>&nbsp;&nbsp;&nbsp;IIC_Start
<LI><a href="#[1f33184]">&gt;&gt;</a>&nbsp;&nbsp;&nbsp;IIC_Send_Byte
<LI><a href="#[1f331c0]">&gt;&gt;</a>&nbsp;&nbsp;&nbsp;IIC_Read_Byte
<LI><a href="#[1f331fc]">&gt;&gt;</a>&nbsp;&nbsp;&nbsp;IIC_NAck
</UL>

<P><STRONG><a name="[1f3739c]"></a>MY_NVIC_SetVectorTable</STRONG> (Thumb, 12 bytes, Stack size 0 bytes, sys.o(.text))
<BR><BR>[Called By]<UL><LI><a href="#[1f372ac]">&gt;&gt;</a>&nbsp;&nbsp;&nbsp;MYRCC_DeInit
</UL>

<P><STRONG><a name="[1f37360]"></a>MY_NVIC_PriorityGroupConfig</STRONG> (Thumb, 36 bytes, Stack size 0 bytes, sys.o(.text))
<BR><BR>[Called By]<UL><LI><a href="#[1f37324]">&gt;&gt;</a>&nbsp;&nbsp;&nbsp;MY_NVIC_Init
</UL>

<P><STRONG><a name="[1f37324]"></a>MY_NVIC_Init</STRONG> (Thumb, 148 bytes, Stack size 32 bytes, sys.o(.text))
<BR><BR>[Stack]<UL><LI>Max Depth = 32<LI>Call Chain = MY_NVIC_Init
</UL>
<BR>[Calls]<UL><LI><a href="#[1f37360]">&gt;&gt;</a>&nbsp;&nbsp;&nbsp;MY_NVIC_PriorityGroupConfig
</UL>
<BR>[Called By]<UL><LI><a href="#[1f35470]">&gt;&gt;</a>&nbsp;&nbsp;&nbsp;WKUP_Init
<LI><a href="#[1f35dd0]">&gt;&gt;</a>&nbsp;&nbsp;&nbsp;WWDG_Init
<LI><a href="#[1f37cfc]">&gt;&gt;</a>&nbsp;&nbsp;&nbsp;uart_init
<LI><a href="#[1f380bc]">&gt;&gt;</a>&nbsp;&nbsp;&nbsp;Timerx_Init
</UL>

<P><STRONG><a name="[1f372e8]"></a>Ex_NVIC_Config</STRONG> (Thumb, 148 bytes, Stack size 16 bytes, sys.o(.text), UNUSED)
<BR><BR>[Called By]<UL><LI><a href="#[1f35470]">&gt;&gt;</a>&nbsp;&nbsp;&nbsp;WKUP_Init
</UL>

<P><STRONG><a name="[1f372ac]"></a>MYRCC_DeInit</STRONG> (Thumb, 90 bytes, Stack size 4 bytes, sys.o(.text))
<BR><BR>[Stack]<UL><LI>Max Depth = 4<LI>Call Chain = MYRCC_DeInit
</UL>
<BR>[Calls]<UL><LI><a href="#[1f3739c]">&gt;&gt;</a>&nbsp;&nbsp;&nbsp;MY_NVIC_SetVectorTable
</UL>
<BR>[Called By]<UL><LI><a href="#[1f380f8]">&gt;&gt;</a>&nbsp;&nbsp;&nbsp;Stm32_Clock_Init
</UL>

<P><STRONG><a name="[1f37270]"></a>Sys_Standby</STRONG> (Thumb, 70 bytes, Stack size 8 bytes, sys.o(.text))
<BR><BR>[Stack]<UL><LI>Max Depth = 8<LI>Call Chain = Sys_Standby
</UL>
<BR>[Calls]<UL><LI><a href="#[1f373d8]">&gt;&gt;</a>&nbsp;&nbsp;&nbsp;WFI_SET
</UL>
<BR>[Called By]<UL><LI><a href="#[1f35470]">&gt;&gt;</a>&nbsp;&nbsp;&nbsp;WKUP_Init
<LI><a href="#[1f35524]">&gt;&gt;</a>&nbsp;&nbsp;&nbsp;Sys_Enter_Standby
</UL>

<P><STRONG><a name="[1f37234]"></a>Sys_Soft_Reset</STRONG> (Thumb, 12 bytes, Stack size 0 bytes, sys.o(.text), UNUSED)

<P><STRONG><a name="[1f371f8]"></a>JTAG_Set</STRONG> (Thumb, 44 bytes, Stack size 0 bytes, sys.o(.text))
<BR><BR>[Called By]<UL><LI><a href="#[1f362bc]">&gt;&gt;</a>&nbsp;&nbsp;&nbsp;KEY_Scan
</UL>

<P><STRONG><a name="[1f380f8]"></a>Stm32_Clock_Init</STRONG> (Thumb, 130 bytes, Stack size 12 bytes, sys.o(.text))
<BR><BR>[Stack]<UL><LI>Max Depth = 16<LI>Call Chain = Stm32_Clock_Init &rArr; MYRCC_DeInit
</UL>
<BR>[Calls]<UL><LI><a href="#[1f372ac]">&gt;&gt;</a>&nbsp;&nbsp;&nbsp;MYRCC_DeInit
</UL>
<BR>[Called By]<UL><LI><a href="#[1f3838c]">&gt;&gt;</a>&nbsp;&nbsp;&nbsp;main
</UL>

<P><STRONG><a name="[1f36b2c]"></a>_sys_exit</STRONG> (Thumb, 6 bytes, Stack size 0 bytes, usart.o(.text))
<BR><BR>[Called By]<UL><LI><a href="#[2bef054]">&gt;&gt;</a>&nbsp;&nbsp;&nbsp;__rt_exit_exit
</UL>

<P><STRONG><a name="[1f36af0]"></a>fputc</STRONG> (Thumb, 22 bytes, Stack size 0 bytes, usart.o(.text))
<BR>[Address Reference Count : 1]<UL><LI> noretval__2printf.o(.text)
</UL>
<P><STRONG><a name="[1f36ab4]"></a>USART1_IRQHandler</STRONG> (Thumb, 118 bytes, Stack size 0 bytes, usart.o(.text))
<BR>[Address Reference Count : 1]<UL><LI> stm32f10x.o(RESET)
</UL>
<P><STRONG><a name="[1f37cfc]"></a>uart_init</STRONG> (Thumb, 226 bytes, Stack size 40 bytes, usart.o(.text))
<BR><BR>[Stack]<UL><LI>Max Depth = 72<LI>Call Chain = uart_init &rArr; MY_NVIC_Init
</UL>
<BR>[Calls]<UL><LI><a href="#[1f2f020]">&gt;&gt;</a>&nbsp;&nbsp;&nbsp;__aeabi_fmul
<LI><a href="#[1f2f278]">&gt;&gt;</a>&nbsp;&nbsp;&nbsp;__aeabi_ui2f
<LI><a href="#[1f2f584]">&gt;&gt;</a>&nbsp;&nbsp;&nbsp;__aeabi_f2uiz
<LI><a href="#[1f2fb9c]">&gt;&gt;</a>&nbsp;&nbsp;&nbsp;__aeabi_fdiv
<LI><a href="#[1f2fea8]">&gt;&gt;</a>&nbsp;&nbsp;&nbsp;__aeabi_frsub
<LI><a href="#[1f37324]">&gt;&gt;</a>&nbsp;&nbsp;&nbsp;MY_NVIC_Init
</UL>
<BR>[Called By]<UL><LI><a href="#[1f3838c]">&gt;&gt;</a>&nbsp;&nbsp;&nbsp;main
</UL>

<P><STRONG><a name="[1f381e8]"></a>LED_Init</STRONG> (Thumb, 110 bytes, Stack size 0 bytes, led.o(.text))
<BR><BR>[Called By]<UL><LI><a href="#[1f3838c]">&gt;&gt;</a>&nbsp;&nbsp;&nbsp;main
</UL>

<P><STRONG><a name="[1f38224]"></a>KEY_Init</STRONG> (Thumb, 102 bytes, Stack size 0 bytes, key.o(.text))
<BR><BR>[Called By]<UL><LI><a href="#[1f3838c]">&gt;&gt;</a>&nbsp;&nbsp;&nbsp;main
</UL>

<P><STRONG><a name="[1f362bc]"></a>KEY_Scan</STRONG> (Thumb, 114 bytes, Stack size 8 bytes, key.o(.text))
<BR><BR>[Stack]<UL><LI>Max Depth = 8<LI>Call Chain = KEY_Scan
</UL>
<BR>[Calls]<UL><LI><a href="#[1f371f8]">&gt;&gt;</a>&nbsp;&nbsp;&nbsp;JTAG_Set
</UL>
<BR>[Called By]<UL><LI><a href="#[1f34444]">&gt;&gt;</a>&nbsp;&nbsp;&nbsp;IMU_AHRSupdate
<LI><a href="#[1f38260]">&gt;&gt;</a>&nbsp;&nbsp;&nbsp;IMU_AHRSupdateComPass
</UL>

<P><STRONG><a name="[1f35e48]"></a>IWDG_Init</STRONG> (Thumb, 28 bytes, Stack size 0 bytes, wdg.o(.text), UNUSED)

<P><STRONG><a name="[1f35e0c]"></a>IWDG_Feed</STRONG> (Thumb, 10 bytes, Stack size 0 bytes, wdg.o(.text), UNUSED)

<P><STRONG><a name="[1f35dd0]"></a>WWDG_Init</STRONG> (Thumb, 124 bytes, Stack size 16 bytes, wdg.o(.text), UNUSED)
<BR><BR>[Calls]<UL><LI><a href="#[1f37324]">&gt;&gt;</a>&nbsp;&nbsp;&nbsp;MY_NVIC_Init
</UL>

<P><STRONG><a name="[1f35d94]"></a>WWDG_Set_Counter</STRONG> (Thumb, 20 bytes, Stack size 0 bytes, wdg.o(.text))
<BR><BR>[Called By]<UL><LI><a href="#[1f35d58]">&gt;&gt;</a>&nbsp;&nbsp;&nbsp;WWDG_IRQHandler
</UL>

<P><STRONG><a name="[1f35d58]"></a>WWDG_IRQHandler</STRONG> (Thumb, 60 bytes, Stack size 8 bytes, wdg.o(.text))
<BR><BR>[Stack]<UL><LI>Max Depth = 8<LI>Call Chain = WWDG_IRQHandler
</UL>
<BR>[Calls]<UL><LI><a href="#[1f35d94]">&gt;&gt;</a>&nbsp;&nbsp;&nbsp;WWDG_Set_Counter
</UL>
<BR>[Address Reference Count : 1]<UL><LI> stm32f10x.o(RESET)
</UL>
<P><STRONG><a name="[1f358e4]"></a>TIM3_IRQHandler</STRONG> (Thumb, 60 bytes, Stack size 0 bytes, timer.o(.text))
<BR><BR>[Called By]<UL><LI><a href="#[1f3838c]">&gt;&gt;</a>&nbsp;&nbsp;&nbsp;main
</UL>
<BR>[Address Reference Count : 1]<UL><LI> stm32f10x.o(RESET)
</UL>
<P><STRONG><a name="[1f380bc]"></a>Timerx_Init</STRONG> (Thumb, 104 bytes, Stack size 16 bytes, timer.o(.text))
<BR><BR>[Stack]<UL><LI>Max Depth = 48<LI>Call Chain = Timerx_Init &rArr; MY_NVIC_Init
</UL>
<BR>[Calls]<UL><LI><a href="#[1f37324]">&gt;&gt;</a>&nbsp;&nbsp;&nbsp;MY_NVIC_Init
</UL>
<BR>[Called By]<UL><LI><a href="#[1f3838c]">&gt;&gt;</a>&nbsp;&nbsp;&nbsp;main
</UL>

<P><STRONG><a name="[1f358a8]"></a>PWM_Init</STRONG> (Thumb, 162 bytes, Stack size 0 bytes, timer.o(.text), UNUSED)

<P><STRONG><a name="[1f35524]"></a>Sys_Enter_Standby</STRONG> (Thumb, 20 bytes, Stack size 8 bytes, wkup.o(.text))
<BR><BR>[Stack]<UL><LI>Max Depth = 16<LI>Call Chain = Sys_Enter_Standby &rArr; Sys_Standby
</UL>
<BR>[Calls]<UL><LI><a href="#[1f37270]">&gt;&gt;</a>&nbsp;&nbsp;&nbsp;Sys_Standby
</UL>
<BR>[Called By]<UL><LI><a href="#[1f354ac]">&gt;&gt;</a>&nbsp;&nbsp;&nbsp;EXTI0_IRQHandler
</UL>

<P><STRONG><a name="[1f354e8]"></a>Check_WKUP</STRONG> (Thumb, 70 bytes, Stack size 16 bytes, wkup.o(.text))
<BR><BR>[Stack]<UL><LI>Max Depth = 16<LI>Call Chain = Check_WKUP
</UL>
<BR>[Calls]<UL><LI><a href="#[1f37d74]">&gt;&gt;</a>&nbsp;&nbsp;&nbsp;delay_ms
</UL>
<BR>[Called By]<UL><LI><a href="#[1f35470]">&gt;&gt;</a>&nbsp;&nbsp;&nbsp;WKUP_Init
<LI><a href="#[1f354ac]">&gt;&gt;</a>&nbsp;&nbsp;&nbsp;EXTI0_IRQHandler
</UL>

<P><STRONG><a name="[1f354ac]"></a>EXTI0_IRQHandler</STRONG> (Thumb, 20 bytes, Stack size 8 bytes, wkup.o(.text))
<BR><BR>[Stack]<UL><LI>Max Depth = 24<LI>Call Chain = EXTI0_IRQHandler &rArr; Check_WKUP
</UL>
<BR>[Calls]<UL><LI><a href="#[1f354e8]">&gt;&gt;</a>&nbsp;&nbsp;&nbsp;Check_WKUP
<LI><a href="#[1f35524]">&gt;&gt;</a>&nbsp;&nbsp;&nbsp;Sys_Enter_Standby
</UL>
<BR>[Address Reference Count : 1]<UL><LI> stm32f10x.o(RESET)
</UL>
<P><STRONG><a name="[1f35470]"></a>WKUP_Init</STRONG> (Thumb, 86 bytes, Stack size 8 bytes, wkup.o(.text), UNUSED)
<BR><BR>[Calls]<UL><LI><a href="#[1f354e8]">&gt;&gt;</a>&nbsp;&nbsp;&nbsp;Check_WKUP
<LI><a href="#[1f37270]">&gt;&gt;</a>&nbsp;&nbsp;&nbsp;Sys_Standby
<LI><a href="#[1f372e8]">&gt;&gt;</a>&nbsp;&nbsp;&nbsp;Ex_NVIC_Config
<LI><a href="#[1f37324]">&gt;&gt;</a>&nbsp;&nbsp;&nbsp;MY_NVIC_Init
</UL>

<P><STRONG><a name="[1f34ffc]"></a>SPIx_ReadWriteByte</STRONG> (Thumb, 66 bytes, Stack size 0 bytes, spi.o(.text))
<BR><BR>[Called By]<UL><LI><a href="#[1f33814]">&gt;&gt;</a>&nbsp;&nbsp;&nbsp;NRF24L01_Write_Buf
<LI><a href="#[1f33850]">&gt;&gt;</a>&nbsp;&nbsp;&nbsp;NRF24L01_Read_Buf
<LI><a href="#[1f34fc0]">&gt;&gt;</a>&nbsp;&nbsp;&nbsp;SPIx_Init
<LI><a href="#[1f38134]">&gt;&gt;</a>&nbsp;&nbsp;&nbsp;NRF24L01_Write_Reg
<LI><a href="#[1f38170]">&gt;&gt;</a>&nbsp;&nbsp;&nbsp;NRF24L01_Read_Reg
</UL>

<P><STRONG><a name="[1f34fc0]"></a>SPIx_Init</STRONG> (Thumb, 156 bytes, Stack size 4 bytes, spi.o(.text))
<BR><BR>[Stack]<UL><LI>Max Depth = 4<LI>Call Chain = SPIx_Init
</UL>
<BR>[Calls]<UL><LI><a href="#[1f34ffc]">&gt;&gt;</a>&nbsp;&nbsp;&nbsp;SPIx_ReadWriteByte
</UL>
<BR>[Called By]<UL><LI><a href="#[1f381ac]">&gt;&gt;</a>&nbsp;&nbsp;&nbsp;NRF24L01_Init
</UL>

<P><STRONG><a name="[1f34f84]"></a>SPIx_SetSpeed</STRONG> (Thumb, 140 bytes, Stack size 0 bytes, spi.o(.text))
<BR><BR>[Called By]<UL><LI><a href="#[1f33760]">&gt;&gt;</a>&nbsp;&nbsp;&nbsp;NRF24L01_RxPacket
<LI><a href="#[1f3379c]">&gt;&gt;</a>&nbsp;&nbsp;&nbsp;NRF24L01_TxPacket
<LI><a href="#[1f337d8]">&gt;&gt;</a>&nbsp;&nbsp;&nbsp;NRF24L01_Check
<LI><a href="#[1f38134]">&gt;&gt;</a>&nbsp;&nbsp;&nbsp;NRF24L01_Write_Reg
<LI><a href="#[1f38170]">&gt;&gt;</a>&nbsp;&nbsp;&nbsp;NRF24L01_Read_Reg
</UL>

<P><STRONG><a name="[1f38314]"></a>Element_4_int</STRONG> (Thumb, 1068 bytes, Stack size 176 bytes, imu.o(.text))
<BR><BR>[Stack]<UL><LI>Max Depth = 328<LI>Call Chain = Element_4_int &rArr; sin &rArr; __ieee754_rem_pio2 &rArr; __aeabi_dmul
</UL>
<BR>[Calls]<UL><LI><a href="#[1f2e4e0]">&gt;&gt;</a>&nbsp;&nbsp;&nbsp;sin
<LI><a href="#[1f2e738]">&gt;&gt;</a>&nbsp;&nbsp;&nbsp;cos
<LI><a href="#[1f2e954]">&gt;&gt;</a>&nbsp;&nbsp;&nbsp;atan2
<LI><a href="#[1f2ec24]">&gt;&gt;</a>&nbsp;&nbsp;&nbsp;asin
<LI><a href="#[1f2fb9c]">&gt;&gt;</a>&nbsp;&nbsp;&nbsp;__aeabi_fdiv
<LI><a href="#[1f302a4]">&gt;&gt;</a>&nbsp;&nbsp;&nbsp;__aeabi_f2d
<LI><a href="#[1f3040c]">&gt;&gt;</a>&nbsp;&nbsp;&nbsp;__aeabi_dmul
<LI><a href="#[1f30ed4]">&gt;&gt;</a>&nbsp;&nbsp;&nbsp;__aeabi_dsub
<LI><a href="#[1f31000]">&gt;&gt;</a>&nbsp;&nbsp;&nbsp;__aeabi_dadd
<LI><a href="#[1f313c0]">&gt;&gt;</a>&nbsp;&nbsp;&nbsp;__aeabi_d2f
</UL>
<BR>[Called By]<UL><LI><a href="#[1f3838c]">&gt;&gt;</a>&nbsp;&nbsp;&nbsp;main
</UL>

<P><STRONG><a name="[1f38260]"></a>IMU_AHRSupdateComPass</STRONG> (Thumb, 3650 bytes, Stack size 336 bytes, imu.o(.text))
<BR><BR>[Stack]<UL><LI>Max Depth = 488 + Unknown Stack Size
<LI>Call Chain = IMU_AHRSupdateComPass &rArr; sin &rArr; __ieee754_rem_pio2 &rArr; __aeabi_dmul
</UL>
<BR>[Calls]<UL><LI><a href="#[1f2e33c]">&gt;&gt;</a>&nbsp;&nbsp;&nbsp;sqrt
<LI><a href="#[1f2e4e0]">&gt;&gt;</a>&nbsp;&nbsp;&nbsp;sin
<LI><a href="#[1f2e738]">&gt;&gt;</a>&nbsp;&nbsp;&nbsp;cos
<LI><a href="#[1f2e954]">&gt;&gt;</a>&nbsp;&nbsp;&nbsp;atan2
<LI><a href="#[1f2ec24]">&gt;&gt;</a>&nbsp;&nbsp;&nbsp;asin
<LI><a href="#[1f2f020]">&gt;&gt;</a>&nbsp;&nbsp;&nbsp;__aeabi_fmul
<LI><a href="#[1f2f7dc]">&gt;&gt;</a>&nbsp;&nbsp;&nbsp;__aeabi_f2iz
<LI><a href="#[1f2fb9c]">&gt;&gt;</a>&nbsp;&nbsp;&nbsp;__aeabi_fdiv
<LI><a href="#[1f2fe30]">&gt;&gt;</a>&nbsp;&nbsp;&nbsp;__aeabi_fsub
<LI><a href="#[1f2ff5c]">&gt;&gt;</a>&nbsp;&nbsp;&nbsp;__aeabi_fadd
<LI><a href="#[1f302a4]">&gt;&gt;</a>&nbsp;&nbsp;&nbsp;__aeabi_f2d
<LI><a href="#[1f3040c]">&gt;&gt;</a>&nbsp;&nbsp;&nbsp;__aeabi_dmul
<LI><a href="#[1f30574]">&gt;&gt;</a>&nbsp;&nbsp;&nbsp;__aeabi_cdcmple
<LI><a href="#[1f30754]">&gt;&gt;</a>&nbsp;&nbsp;&nbsp;__aeabi_i2d
<LI><a href="#[1f309ac]">&gt;&gt;</a>&nbsp;&nbsp;&nbsp;__aeabi_d2iz
<LI><a href="#[1f30c04]">&gt;&gt;</a>&nbsp;&nbsp;&nbsp;__aeabi_ddiv
<LI><a href="#[1f30ed4]">&gt;&gt;</a>&nbsp;&nbsp;&nbsp;__aeabi_dsub
<LI><a href="#[1f31000]">&gt;&gt;</a>&nbsp;&nbsp;&nbsp;__aeabi_dadd
<LI><a href="#[1f313c0]">&gt;&gt;</a>&nbsp;&nbsp;&nbsp;__aeabi_d2f
<LI><a href="#[1f318ac]">&gt;&gt;</a>&nbsp;&nbsp;&nbsp;abs
<LI><a href="#[1f327ac]">&gt;&gt;</a>&nbsp;&nbsp;&nbsp;__2printf
<LI><a href="#[1f362bc]">&gt;&gt;</a>&nbsp;&nbsp;&nbsp;KEY_Scan
</UL>
<BR>[Called By]<UL><LI><a href="#[1f3838c]">&gt;&gt;</a>&nbsp;&nbsp;&nbsp;main
</UL>

<P><STRONG><a name="[1f34480]"></a>IMU</STRONG> (Thumb, 2560 bytes, Stack size 160 bytes, imu.o(.text), UNUSED)
<BR><BR>[Calls]<UL><LI><a href="#[1f2e33c]">&gt;&gt;</a>&nbsp;&nbsp;&nbsp;sqrt
<LI><a href="#[1f2e954]">&gt;&gt;</a>&nbsp;&nbsp;&nbsp;atan2
<LI><a href="#[1f2ec24]">&gt;&gt;</a>&nbsp;&nbsp;&nbsp;asin
<LI><a href="#[1f2f020]">&gt;&gt;</a>&nbsp;&nbsp;&nbsp;__aeabi_fmul
<LI><a href="#[1f2f14c]">&gt;&gt;</a>&nbsp;&nbsp;&nbsp;__aeabi_cfcmple
<LI><a href="#[1f2f7dc]">&gt;&gt;</a>&nbsp;&nbsp;&nbsp;__aeabi_f2iz
<LI><a href="#[1f2fb9c]">&gt;&gt;</a>&nbsp;&nbsp;&nbsp;__aeabi_fdiv
<LI><a href="#[1f2fe30]">&gt;&gt;</a>&nbsp;&nbsp;&nbsp;__aeabi_fsub
<LI><a href="#[1f2ff5c]">&gt;&gt;</a>&nbsp;&nbsp;&nbsp;__aeabi_fadd
<LI><a href="#[1f302a4]">&gt;&gt;</a>&nbsp;&nbsp;&nbsp;__aeabi_f2d
<LI><a href="#[1f3040c]">&gt;&gt;</a>&nbsp;&nbsp;&nbsp;__aeabi_dmul
<LI><a href="#[1f30574]">&gt;&gt;</a>&nbsp;&nbsp;&nbsp;__aeabi_cdcmple
<LI><a href="#[1f30754]">&gt;&gt;</a>&nbsp;&nbsp;&nbsp;__aeabi_i2d
<LI><a href="#[1f309ac]">&gt;&gt;</a>&nbsp;&nbsp;&nbsp;__aeabi_d2iz
<LI><a href="#[1f30c04]">&gt;&gt;</a>&nbsp;&nbsp;&nbsp;__aeabi_ddiv
<LI><a href="#[1f30ed4]">&gt;&gt;</a>&nbsp;&nbsp;&nbsp;__aeabi_dsub
<LI><a href="#[1f31000]">&gt;&gt;</a>&nbsp;&nbsp;&nbsp;__aeabi_dadd
<LI><a href="#[1f313c0]">&gt;&gt;</a>&nbsp;&nbsp;&nbsp;__aeabi_d2f
<LI><a href="#[1f318ac]">&gt;&gt;</a>&nbsp;&nbsp;&nbsp;abs
<LI><a href="#[1f327ac]">&gt;&gt;</a>&nbsp;&nbsp;&nbsp;__2printf
</UL>

<P><STRONG><a name="[1f34444]"></a>IMU_AHRSupdate</STRONG> (Thumb, 1530 bytes, Stack size 160 bytes, imu.o(.text), UNUSED)
<BR><BR>[Calls]<UL><LI><a href="#[1f2e33c]">&gt;&gt;</a>&nbsp;&nbsp;&nbsp;sqrt
<LI><a href="#[1f2f020]">&gt;&gt;</a>&nbsp;&nbsp;&nbsp;__aeabi_fmul
<LI><a href="#[1f2f7dc]">&gt;&gt;</a>&nbsp;&nbsp;&nbsp;__aeabi_f2iz
<LI><a href="#[1f2fb9c]">&gt;&gt;</a>&nbsp;&nbsp;&nbsp;__aeabi_fdiv
<LI><a href="#[1f2fe30]">&gt;&gt;</a>&nbsp;&nbsp;&nbsp;__aeabi_fsub
<LI><a href="#[1f2ff5c]">&gt;&gt;</a>&nbsp;&nbsp;&nbsp;__aeabi_fadd
<LI><a href="#[1f302a4]">&gt;&gt;</a>&nbsp;&nbsp;&nbsp;__aeabi_f2d
<LI><a href="#[1f30574]">&gt;&gt;</a>&nbsp;&nbsp;&nbsp;__aeabi_cdcmple
<LI><a href="#[1f30754]">&gt;&gt;</a>&nbsp;&nbsp;&nbsp;__aeabi_i2d
<LI><a href="#[1f313c0]">&gt;&gt;</a>&nbsp;&nbsp;&nbsp;__aeabi_d2f
<LI><a href="#[1f318ac]">&gt;&gt;</a>&nbsp;&nbsp;&nbsp;abs
<LI><a href="#[1f327ac]">&gt;&gt;</a>&nbsp;&nbsp;&nbsp;__2printf
<LI><a href="#[1f362bc]">&gt;&gt;</a>&nbsp;&nbsp;&nbsp;KEY_Scan
</UL>

<P><STRONG><a name="[1f34408]"></a>invSqrt</STRONG> (Thumb, 76 bytes, Stack size 32 bytes, imu.o(.text), UNUSED)
<BR><BR>[Calls]<UL><LI><a href="#[1f2f020]">&gt;&gt;</a>&nbsp;&nbsp;&nbsp;__aeabi_fmul
<LI><a href="#[1f2fea8]">&gt;&gt;</a>&nbsp;&nbsp;&nbsp;__aeabi_frsub
</UL>
<BR>[Called By]<UL><LI><a href="#[1f34318]">&gt;&gt;</a>&nbsp;&nbsp;&nbsp;MadgwickAHRSupdate
<LI><a href="#[1f34354]">&gt;&gt;</a>&nbsp;&nbsp;&nbsp;MadgwickAHRSupdateIMU
<LI><a href="#[1f34390]">&gt;&gt;</a>&nbsp;&nbsp;&nbsp;MahonyAHRSupdate
<LI><a href="#[1f343cc]">&gt;&gt;</a>&nbsp;&nbsp;&nbsp;MahonyAHRSupdateIMU
</UL>

<P><STRONG><a name="[1f343cc]"></a>MahonyAHRSupdateIMU</STRONG> (Thumb, 2146 bytes, Stack size 152 bytes, imu.o(.text), UNUSED)
<BR><BR>[Calls]<UL><LI><a href="#[1f2e954]">&gt;&gt;</a>&nbsp;&nbsp;&nbsp;atan2
<LI><a href="#[1f2ec24]">&gt;&gt;</a>&nbsp;&nbsp;&nbsp;asin
<LI><a href="#[1f2eeb8]">&gt;&gt;</a>&nbsp;&nbsp;&nbsp;__aeabi_cfrcmple
<LI><a href="#[1f2f020]">&gt;&gt;</a>&nbsp;&nbsp;&nbsp;__aeabi_fmul
<LI><a href="#[1f2f14c]">&gt;&gt;</a>&nbsp;&nbsp;&nbsp;__aeabi_cfcmple
<LI><a href="#[1f2f7dc]">&gt;&gt;</a>&nbsp;&nbsp;&nbsp;__aeabi_f2iz
<LI><a href="#[1f2f9bc]">&gt;&gt;</a>&nbsp;&nbsp;&nbsp;__aeabi_cfcmpeq
<LI><a href="#[1f2fe30]">&gt;&gt;</a>&nbsp;&nbsp;&nbsp;__aeabi_fsub
<LI><a href="#[1f2ff5c]">&gt;&gt;</a>&nbsp;&nbsp;&nbsp;__aeabi_fadd
<LI><a href="#[1f302a4]">&gt;&gt;</a>&nbsp;&nbsp;&nbsp;__aeabi_f2d
<LI><a href="#[1f3040c]">&gt;&gt;</a>&nbsp;&nbsp;&nbsp;__aeabi_dmul
<LI><a href="#[1f309ac]">&gt;&gt;</a>&nbsp;&nbsp;&nbsp;__aeabi_d2iz
<LI><a href="#[1f30c04]">&gt;&gt;</a>&nbsp;&nbsp;&nbsp;__aeabi_ddiv
<LI><a href="#[1f31000]">&gt;&gt;</a>&nbsp;&nbsp;&nbsp;__aeabi_dadd
<LI><a href="#[1f313c0]">&gt;&gt;</a>&nbsp;&nbsp;&nbsp;__aeabi_d2f
<LI><a href="#[1f327ac]">&gt;&gt;</a>&nbsp;&nbsp;&nbsp;__2printf
<LI><a href="#[1f34408]">&gt;&gt;</a>&nbsp;&nbsp;&nbsp;invSqrt
</UL>
<BR>[Called By]<UL><LI><a href="#[1f34390]">&gt;&gt;</a>&nbsp;&nbsp;&nbsp;MahonyAHRSupdate
</UL>

<P><STRONG><a name="[1f34390]"></a>MahonyAHRSupdate</STRONG> (Thumb, 3222 bytes, Stack size 232 bytes, imu.o(.text), UNUSED)
<BR><BR>[Calls]<UL><LI><a href="#[1f2e33c]">&gt;&gt;</a>&nbsp;&nbsp;&nbsp;sqrt
<LI><a href="#[1f2e954]">&gt;&gt;</a>&nbsp;&nbsp;&nbsp;atan2
<LI><a href="#[1f2ec24]">&gt;&gt;</a>&nbsp;&nbsp;&nbsp;asin
<LI><a href="#[1f2eeb8]">&gt;&gt;</a>&nbsp;&nbsp;&nbsp;__aeabi_cfrcmple
<LI><a href="#[1f2f020]">&gt;&gt;</a>&nbsp;&nbsp;&nbsp;__aeabi_fmul
<LI><a href="#[1f2f14c]">&gt;&gt;</a>&nbsp;&nbsp;&nbsp;__aeabi_cfcmple
<LI><a href="#[1f2f32c]">&gt;&gt;</a>&nbsp;&nbsp;&nbsp;__aeabi_i2f
<LI><a href="#[1f2f7dc]">&gt;&gt;</a>&nbsp;&nbsp;&nbsp;__aeabi_f2iz
<LI><a href="#[1f2f9bc]">&gt;&gt;</a>&nbsp;&nbsp;&nbsp;__aeabi_cfcmpeq
<LI><a href="#[1f2fe30]">&gt;&gt;</a>&nbsp;&nbsp;&nbsp;__aeabi_fsub
<LI><a href="#[1f2ff5c]">&gt;&gt;</a>&nbsp;&nbsp;&nbsp;__aeabi_fadd
<LI><a href="#[1f302a4]">&gt;&gt;</a>&nbsp;&nbsp;&nbsp;__aeabi_f2d
<LI><a href="#[1f3040c]">&gt;&gt;</a>&nbsp;&nbsp;&nbsp;__aeabi_dmul
<LI><a href="#[1f309ac]">&gt;&gt;</a>&nbsp;&nbsp;&nbsp;__aeabi_d2iz
<LI><a href="#[1f30c04]">&gt;&gt;</a>&nbsp;&nbsp;&nbsp;__aeabi_ddiv
<LI><a href="#[1f30ed4]">&gt;&gt;</a>&nbsp;&nbsp;&nbsp;__aeabi_dsub
<LI><a href="#[1f31000]">&gt;&gt;</a>&nbsp;&nbsp;&nbsp;__aeabi_dadd
<LI><a href="#[1f313c0]">&gt;&gt;</a>&nbsp;&nbsp;&nbsp;__aeabi_d2f
<LI><a href="#[1f327ac]">&gt;&gt;</a>&nbsp;&nbsp;&nbsp;__2printf
<LI><a href="#[1f343cc]">&gt;&gt;</a>&nbsp;&nbsp;&nbsp;MahonyAHRSupdateIMU
<LI><a href="#[1f34408]">&gt;&gt;</a>&nbsp;&nbsp;&nbsp;invSqrt
</UL>

<P><STRONG><a name="[1f34354]"></a>MadgwickAHRSupdateIMU</STRONG> (Thumb, 2546 bytes, Stack size 216 bytes, imu.o(.text), UNUSED)
<BR><BR>[Calls]<UL><LI><a href="#[1f2e954]">&gt;&gt;</a>&nbsp;&nbsp;&nbsp;atan2
<LI><a href="#[1f2ec24]">&gt;&gt;</a>&nbsp;&nbsp;&nbsp;asin
<LI><a href="#[1f2f020]">&gt;&gt;</a>&nbsp;&nbsp;&nbsp;__aeabi_fmul
<LI><a href="#[1f2f14c]">&gt;&gt;</a>&nbsp;&nbsp;&nbsp;__aeabi_cfcmple
<LI><a href="#[1f2f7dc]">&gt;&gt;</a>&nbsp;&nbsp;&nbsp;__aeabi_f2iz
<LI><a href="#[1f2f9bc]">&gt;&gt;</a>&nbsp;&nbsp;&nbsp;__aeabi_cfcmpeq
<LI><a href="#[1f2fe30]">&gt;&gt;</a>&nbsp;&nbsp;&nbsp;__aeabi_fsub
<LI><a href="#[1f2fea8]">&gt;&gt;</a>&nbsp;&nbsp;&nbsp;__aeabi_frsub
<LI><a href="#[1f2ff5c]">&gt;&gt;</a>&nbsp;&nbsp;&nbsp;__aeabi_fadd
<LI><a href="#[1f302a4]">&gt;&gt;</a>&nbsp;&nbsp;&nbsp;__aeabi_f2d
<LI><a href="#[1f3040c]">&gt;&gt;</a>&nbsp;&nbsp;&nbsp;__aeabi_dmul
<LI><a href="#[1f309ac]">&gt;&gt;</a>&nbsp;&nbsp;&nbsp;__aeabi_d2iz
<LI><a href="#[1f30c04]">&gt;&gt;</a>&nbsp;&nbsp;&nbsp;__aeabi_ddiv
<LI><a href="#[1f31000]">&gt;&gt;</a>&nbsp;&nbsp;&nbsp;__aeabi_dadd
<LI><a href="#[1f313c0]">&gt;&gt;</a>&nbsp;&nbsp;&nbsp;__aeabi_d2f
<LI><a href="#[1f327ac]">&gt;&gt;</a>&nbsp;&nbsp;&nbsp;__2printf
<LI><a href="#[1f34408]">&gt;&gt;</a>&nbsp;&nbsp;&nbsp;invSqrt
</UL>
<BR>[Called By]<UL><LI><a href="#[1f34318]">&gt;&gt;</a>&nbsp;&nbsp;&nbsp;MadgwickAHRSupdate
</UL>

<P><STRONG><a name="[1f34318]"></a>MadgwickAHRSupdate</STRONG> (Thumb, 5034 bytes, Stack size 272 bytes, imu.o(.text), UNUSED)
<BR><BR>[Calls]<UL><LI><a href="#[1f2e33c]">&gt;&gt;</a>&nbsp;&nbsp;&nbsp;sqrt
<LI><a href="#[1f2e954]">&gt;&gt;</a>&nbsp;&nbsp;&nbsp;atan2
<LI><a href="#[1f2ec24]">&gt;&gt;</a>&nbsp;&nbsp;&nbsp;asin
<LI><a href="#[1f2f020]">&gt;&gt;</a>&nbsp;&nbsp;&nbsp;__aeabi_fmul
<LI><a href="#[1f2f14c]">&gt;&gt;</a>&nbsp;&nbsp;&nbsp;__aeabi_cfcmple
<LI><a href="#[1f2f9bc]">&gt;&gt;</a>&nbsp;&nbsp;&nbsp;__aeabi_cfcmpeq
<LI><a href="#[1f2fe30]">&gt;&gt;</a>&nbsp;&nbsp;&nbsp;__aeabi_fsub
<LI><a href="#[1f2fea8]">&gt;&gt;</a>&nbsp;&nbsp;&nbsp;__aeabi_frsub
<LI><a href="#[1f2ff5c]">&gt;&gt;</a>&nbsp;&nbsp;&nbsp;__aeabi_fadd
<LI><a href="#[1f302a4]">&gt;&gt;</a>&nbsp;&nbsp;&nbsp;__aeabi_f2d
<LI><a href="#[1f3040c]">&gt;&gt;</a>&nbsp;&nbsp;&nbsp;__aeabi_dmul
<LI><a href="#[1f309ac]">&gt;&gt;</a>&nbsp;&nbsp;&nbsp;__aeabi_d2iz
<LI><a href="#[1f30c04]">&gt;&gt;</a>&nbsp;&nbsp;&nbsp;__aeabi_ddiv
<LI><a href="#[1f30ed4]">&gt;&gt;</a>&nbsp;&nbsp;&nbsp;__aeabi_dsub
<LI><a href="#[1f31000]">&gt;&gt;</a>&nbsp;&nbsp;&nbsp;__aeabi_dadd
<LI><a href="#[1f313c0]">&gt;&gt;</a>&nbsp;&nbsp;&nbsp;__aeabi_d2f
<LI><a href="#[1f327ac]">&gt;&gt;</a>&nbsp;&nbsp;&nbsp;__2printf
<LI><a href="#[1f34354]">&gt;&gt;</a>&nbsp;&nbsp;&nbsp;MadgwickAHRSupdateIMU
<LI><a href="#[1f34408]">&gt;&gt;</a>&nbsp;&nbsp;&nbsp;invSqrt
</UL>

<P><STRONG><a name="[1f381ac]"></a>NRF24L01_Init</STRONG> (Thumb, 90 bytes, Stack size 8 bytes, 24l01.o(.text))
<BR><BR>[Stack]<UL><LI>Max Depth = 12<LI>Call Chain = NRF24L01_Init &rArr; SPIx_Init
</UL>
<BR>[Calls]<UL><LI><a href="#[1f34fc0]">&gt;&gt;</a>&nbsp;&nbsp;&nbsp;SPIx_Init
</UL>
<BR>[Called By]<UL><LI><a href="#[1f3838c]">&gt;&gt;</a>&nbsp;&nbsp;&nbsp;main
</UL>

<P><STRONG><a name="[1f33850]"></a>NRF24L01_Read_Buf</STRONG> (Thumb, 64 bytes, Stack size 24 bytes, 24l01.o(.text), UNUSED)
<BR><BR>[Calls]<UL><LI><a href="#[1f34ffc]">&gt;&gt;</a>&nbsp;&nbsp;&nbsp;SPIx_ReadWriteByte
</UL>
<BR>[Called By]<UL><LI><a href="#[1f33760]">&gt;&gt;</a>&nbsp;&nbsp;&nbsp;NRF24L01_RxPacket
<LI><a href="#[1f337d8]">&gt;&gt;</a>&nbsp;&nbsp;&nbsp;NRF24L01_Check
</UL>

<P><STRONG><a name="[1f33814]"></a>NRF24L01_Write_Buf</STRONG> (Thumb, 62 bytes, Stack size 24 bytes, 24l01.o(.text), UNUSED)
<BR><BR>[Calls]<UL><LI><a href="#[1f34ffc]">&gt;&gt;</a>&nbsp;&nbsp;&nbsp;SPIx_ReadWriteByte
</UL>
<BR>[Called By]<UL><LI><a href="#[1f3379c]">&gt;&gt;</a>&nbsp;&nbsp;&nbsp;NRF24L01_TxPacket
<LI><a href="#[1f337d8]">&gt;&gt;</a>&nbsp;&nbsp;&nbsp;NRF24L01_Check
</UL>

<P><STRONG><a name="[1f337d8]"></a>NRF24L01_Check</STRONG> (Thumb, 72 bytes, Stack size 16 bytes, 24l01.o(.text), UNUSED)
<BR><BR>[Calls]<UL><LI><a href="#[1f33814]">&gt;&gt;</a>&nbsp;&nbsp;&nbsp;NRF24L01_Write_Buf
<LI><a href="#[1f33850]">&gt;&gt;</a>&nbsp;&nbsp;&nbsp;NRF24L01_Read_Buf
<LI><a href="#[1f34f84]">&gt;&gt;</a>&nbsp;&nbsp;&nbsp;SPIx_SetSpeed
</UL>

<P><STRONG><a name="[1f38134]"></a>NRF24L01_Write_Reg</STRONG> (Thumb, 50 bytes, Stack size 16 bytes, 24l01.o(.text))
<BR><BR>[Stack]<UL><LI>Max Depth = 16<LI>Call Chain = NRF24L01_Write_Reg
</UL>
<BR>[Calls]<UL><LI><a href="#[1f34f84]">&gt;&gt;</a>&nbsp;&nbsp;&nbsp;SPIx_SetSpeed
<LI><a href="#[1f34ffc]">&gt;&gt;</a>&nbsp;&nbsp;&nbsp;SPIx_ReadWriteByte
</UL>
<BR>[Called By]<UL><LI><a href="#[1f33760]">&gt;&gt;</a>&nbsp;&nbsp;&nbsp;NRF24L01_RxPacket
<LI><a href="#[1f3379c]">&gt;&gt;</a>&nbsp;&nbsp;&nbsp;NRF24L01_TxPacket
<LI><a href="#[1f3838c]">&gt;&gt;</a>&nbsp;&nbsp;&nbsp;main
<LI><a href="#[1f383c8]">&gt;&gt;</a>&nbsp;&nbsp;&nbsp;InitMPU9250
</UL>

<P><STRONG><a name="[1f38170]"></a>NRF24L01_Read_Reg</STRONG> (Thumb, 50 bytes, Stack size 16 bytes, 24l01.o(.text))
<BR><BR>[Stack]<UL><LI>Max Depth = 16<LI>Call Chain = NRF24L01_Read_Reg
</UL>
<BR>[Calls]<UL><LI><a href="#[1f34f84]">&gt;&gt;</a>&nbsp;&nbsp;&nbsp;SPIx_SetSpeed
<LI><a href="#[1f34ffc]">&gt;&gt;</a>&nbsp;&nbsp;&nbsp;SPIx_ReadWriteByte
</UL>
<BR>[Called By]<UL><LI><a href="#[1f33760]">&gt;&gt;</a>&nbsp;&nbsp;&nbsp;NRF24L01_RxPacket
<LI><a href="#[1f3379c]">&gt;&gt;</a>&nbsp;&nbsp;&nbsp;NRF24L01_TxPacket
<LI><a href="#[1f3838c]">&gt;&gt;</a>&nbsp;&nbsp;&nbsp;main
</UL>

<P><STRONG><a name="[1f3379c]"></a>NRF24L01_TxPacket</STRONG> (Thumb, 94 bytes, Stack size 16 bytes, 24l01.o(.text), UNUSED)
<BR><BR>[Calls]<UL><LI><a href="#[1f33814]">&gt;&gt;</a>&nbsp;&nbsp;&nbsp;NRF24L01_Write_Buf
<LI><a href="#[1f34f84]">&gt;&gt;</a>&nbsp;&nbsp;&nbsp;SPIx_SetSpeed
<LI><a href="#[1f38134]">&gt;&gt;</a>&nbsp;&nbsp;&nbsp;NRF24L01_Write_Reg
<LI><a href="#[1f38170]">&gt;&gt;</a>&nbsp;&nbsp;&nbsp;NRF24L01_Read_Reg
</UL>

<P><STRONG><a name="[1f33760]"></a>NRF24L01_RxPacket</STRONG> (Thumb, 58 bytes, Stack size 16 bytes, 24l01.o(.text), UNUSED)
<BR><BR>[Calls]<UL><LI><a href="#[1f33850]">&gt;&gt;</a>&nbsp;&nbsp;&nbsp;NRF24L01_Read_Buf
<LI><a href="#[1f34f84]">&gt;&gt;</a>&nbsp;&nbsp;&nbsp;SPIx_SetSpeed
<LI><a href="#[1f38134]">&gt;&gt;</a>&nbsp;&nbsp;&nbsp;NRF24L01_Write_Reg
<LI><a href="#[1f38170]">&gt;&gt;</a>&nbsp;&nbsp;&nbsp;NRF24L01_Read_Reg
</UL>

<P><STRONG><a name="[1f38350]"></a>AT24CXX_Init</STRONG> (Thumb, 8 bytes, Stack size 8 bytes, 24cxx.o(.text))
<BR><BR>[Stack]<UL><LI>Max Depth = 8<LI>Call Chain = AT24CXX_Init
</UL>
<BR>[Calls]<UL><LI><a href="#[1f33238]">&gt;&gt;</a>&nbsp;&nbsp;&nbsp;IIC_Init
</UL>
<BR>[Called By]<UL><LI><a href="#[1f383c8]">&gt;&gt;</a>&nbsp;&nbsp;&nbsp;InitMPU9250
</UL>

<P><STRONG><a name="[1f333dc]"></a>AT24CXX_ReadOneByte</STRONG> (Thumb, 90 bytes, Stack size 16 bytes, 24cxx.o(.text), UNUSED)
<BR><BR>[Calls]<UL><LI><a href="#[1f330d0]">&gt;&gt;</a>&nbsp;&nbsp;&nbsp;IIC_Wait_Ack
<LI><a href="#[1f3310c]">&gt;&gt;</a>&nbsp;&nbsp;&nbsp;IIC_Stop
<LI><a href="#[1f33148]">&gt;&gt;</a>&nbsp;&nbsp;&nbsp;IIC_Start
<LI><a href="#[1f33184]">&gt;&gt;</a>&nbsp;&nbsp;&nbsp;IIC_Send_Byte
<LI><a href="#[1f331c0]">&gt;&gt;</a>&nbsp;&nbsp;&nbsp;IIC_Read_Byte
</UL>
<BR>[Called By]<UL><LI><a href="#[1f332b0]">&gt;&gt;</a>&nbsp;&nbsp;&nbsp;AT24CXX_Read
<LI><a href="#[1f332ec]">&gt;&gt;</a>&nbsp;&nbsp;&nbsp;AT24CXX_Check
<LI><a href="#[1f33328]">&gt;&gt;</a>&nbsp;&nbsp;&nbsp;AT24CXX_ReadLenByte
</UL>

<P><STRONG><a name="[1f382d8]"></a>IIC_ReadOneByte</STRONG> (Thumb, 68 bytes, Stack size 16 bytes, 24cxx.o(.text))
<BR><BR>[Stack]<UL><LI>Max Depth = 40<LI>Call Chain = IIC_ReadOneByte &rArr; IIC_Read_Byte &rArr; IIC_Ack
</UL>
<BR>[Calls]<UL><LI><a href="#[1f330d0]">&gt;&gt;</a>&nbsp;&nbsp;&nbsp;IIC_Wait_Ack
<LI><a href="#[1f3310c]">&gt;&gt;</a>&nbsp;&nbsp;&nbsp;IIC_Stop
<LI><a href="#[1f33148]">&gt;&gt;</a>&nbsp;&nbsp;&nbsp;IIC_Start
<LI><a href="#[1f33184]">&gt;&gt;</a>&nbsp;&nbsp;&nbsp;IIC_Send_Byte
<LI><a href="#[1f331c0]">&gt;&gt;</a>&nbsp;&nbsp;&nbsp;IIC_Read_Byte
<LI><a href="#[1f331fc]">&gt;&gt;</a>&nbsp;&nbsp;&nbsp;IIC_NAck
</UL>
<BR>[Called By]<UL><LI><a href="#[1f3838c]">&gt;&gt;</a>&nbsp;&nbsp;&nbsp;main
</UL>

<P><STRONG><a name="[1f333a0]"></a>AT24CXX_WriteOneByte</STRONG> (Thumb, 82 bytes, Stack size 16 bytes, 24cxx.o(.text), UNUSED)
<BR><BR>[Calls]<UL><LI><a href="#[1f330d0]">&gt;&gt;</a>&nbsp;&nbsp;&nbsp;IIC_Wait_Ack
<LI><a href="#[1f3310c]">&gt;&gt;</a>&nbsp;&nbsp;&nbsp;IIC_Stop
<LI><a href="#[1f33148]">&gt;&gt;</a>&nbsp;&nbsp;&nbsp;IIC_Start
<LI><a href="#[1f33184]">&gt;&gt;</a>&nbsp;&nbsp;&nbsp;IIC_Send_Byte
<LI><a href="#[1f37d74]">&gt;&gt;</a>&nbsp;&nbsp;&nbsp;delay_ms
</UL>
<BR>[Called By]<UL><LI><a href="#[1f33274]">&gt;&gt;</a>&nbsp;&nbsp;&nbsp;AT24CXX_Write
<LI><a href="#[1f332ec]">&gt;&gt;</a>&nbsp;&nbsp;&nbsp;AT24CXX_Check
<LI><a href="#[1f33364]">&gt;&gt;</a>&nbsp;&nbsp;&nbsp;AT24CXX_WriteLenByte
</UL>

<P><STRONG><a name="[1f3829c]"></a>IIC_WriteOneByte</STRONG> (Thumb, 64 bytes, Stack size 24 bytes, 24cxx.o(.text))
<BR><BR>[Stack]<UL><LI>Max Depth = 40<LI>Call Chain = IIC_WriteOneByte &rArr; IIC_Wait_Ack &rArr; IIC_Stop
</UL>
<BR>[Calls]<UL><LI><a href="#[1f330d0]">&gt;&gt;</a>&nbsp;&nbsp;&nbsp;IIC_Wait_Ack
<LI><a href="#[1f3310c]">&gt;&gt;</a>&nbsp;&nbsp;&nbsp;IIC_Stop
<LI><a href="#[1f33148]">&gt;&gt;</a>&nbsp;&nbsp;&nbsp;IIC_Start
<LI><a href="#[1f33184]">&gt;&gt;</a>&nbsp;&nbsp;&nbsp;IIC_Send_Byte
<LI><a href="#[1f37d74]">&gt;&gt;</a>&nbsp;&nbsp;&nbsp;delay_ms
</UL>
<BR>[Called By]<UL><LI><a href="#[1f3838c]">&gt;&gt;</a>&nbsp;&nbsp;&nbsp;main
</UL>

<P><STRONG><a name="[1f33364]"></a>AT24CXX_WriteLenByte</STRONG> (Thumb, 42 bytes, Stack size 24 bytes, 24cxx.o(.text), UNUSED)
<BR><BR>[Calls]<UL><LI><a href="#[1f333a0]">&gt;&gt;</a>&nbsp;&nbsp;&nbsp;AT24CXX_WriteOneByte
</UL>

<P><STRONG><a name="[1f33328]"></a>AT24CXX_ReadLenByte</STRONG> (Thumb, 44 bytes, Stack size 24 bytes, 24cxx.o(.text), UNUSED)
<BR><BR>[Calls]<UL><LI><a href="#[1f333dc]">&gt;&gt;</a>&nbsp;&nbsp;&nbsp;AT24CXX_ReadOneByte
</UL>

<P><STRONG><a name="[1f332ec]"></a>AT24CXX_Check</STRONG> (Thumb, 46 bytes, Stack size 8 bytes, 24cxx.o(.text), UNUSED)
<BR><BR>[Calls]<UL><LI><a href="#[1f333a0]">&gt;&gt;</a>&nbsp;&nbsp;&nbsp;AT24CXX_WriteOneByte
<LI><a href="#[1f333dc]">&gt;&gt;</a>&nbsp;&nbsp;&nbsp;AT24CXX_ReadOneByte
</UL>

<P><STRONG><a name="[1f332b0]"></a>AT24CXX_Read</STRONG> (Thumb, 34 bytes, Stack size 16 bytes, 24cxx.o(.text), UNUSED)
<BR><BR>[Calls]<UL><LI><a href="#[1f333dc]">&gt;&gt;</a>&nbsp;&nbsp;&nbsp;AT24CXX_ReadOneByte
</UL>

<P><STRONG><a name="[1f33274]"></a>AT24CXX_Write</STRONG> (Thumb, 36 bytes, Stack size 16 bytes, 24cxx.o(.text), UNUSED)
<BR><BR>[Calls]<UL><LI><a href="#[1f333a0]">&gt;&gt;</a>&nbsp;&nbsp;&nbsp;AT24CXX_WriteOneByte
</UL>

<P><STRONG><a name="[1f33238]"></a>IIC_Init</STRONG> (Thumb, 46 bytes, Stack size 0 bytes, myiic.o(.text))
<BR><BR>[Called By]<UL><LI><a href="#[1f38350]">&gt;&gt;</a>&nbsp;&nbsp;&nbsp;AT24CXX_Init
</UL>

<P><STRONG><a name="[1f33148]"></a>IIC_Start</STRONG> (Thumb, 64 bytes, Stack size 8 bytes, myiic.o(.text))
<BR><BR>[Stack]<UL><LI>Max Depth = 8<LI>Call Chain = IIC_Start
</UL>
<BR>[Calls]<UL><LI><a href="#[1f37888]">&gt;&gt;</a>&nbsp;&nbsp;&nbsp;delay_us
</UL>
<BR>[Called By]<UL><LI><a href="#[1f333a0]">&gt;&gt;</a>&nbsp;&nbsp;&nbsp;AT24CXX_WriteOneByte
<LI><a href="#[1f333dc]">&gt;&gt;</a>&nbsp;&nbsp;&nbsp;AT24CXX_ReadOneByte
<LI><a href="#[1f3829c]">&gt;&gt;</a>&nbsp;&nbsp;&nbsp;IIC_WriteOneByte
<LI><a href="#[1f382d8]">&gt;&gt;</a>&nbsp;&nbsp;&nbsp;IIC_ReadOneByte
</UL>

<P><STRONG><a name="[1f3310c]"></a>IIC_Stop</STRONG> (Thumb, 66 bytes, Stack size 8 bytes, myiic.o(.text))
<BR><BR>[Stack]<UL><LI>Max Depth = 8<LI>Call Chain = IIC_Stop
</UL>
<BR>[Calls]<UL><LI><a href="#[1f37888]">&gt;&gt;</a>&nbsp;&nbsp;&nbsp;delay_us
</UL>
<BR>[Called By]<UL><LI><a href="#[1f330d0]">&gt;&gt;</a>&nbsp;&nbsp;&nbsp;IIC_Wait_Ack
<LI><a href="#[1f333a0]">&gt;&gt;</a>&nbsp;&nbsp;&nbsp;AT24CXX_WriteOneByte
<LI><a href="#[1f333dc]">&gt;&gt;</a>&nbsp;&nbsp;&nbsp;AT24CXX_ReadOneByte
<LI><a href="#[1f3829c]">&gt;&gt;</a>&nbsp;&nbsp;&nbsp;IIC_WriteOneByte
<LI><a href="#[1f382d8]">&gt;&gt;</a>&nbsp;&nbsp;&nbsp;IIC_ReadOneByte
</UL>

<P><STRONG><a name="[1f330d0]"></a>IIC_Wait_Ack</STRONG> (Thumb, 84 bytes, Stack size 8 bytes, myiic.o(.text))
<BR><BR>[Stack]<UL><LI>Max Depth = 16<LI>Call Chain = IIC_Wait_Ack &rArr; IIC_Stop
</UL>
<BR>[Calls]<UL><LI><a href="#[1f3310c]">&gt;&gt;</a>&nbsp;&nbsp;&nbsp;IIC_Stop
<LI><a href="#[1f37888]">&gt;&gt;</a>&nbsp;&nbsp;&nbsp;delay_us
</UL>
<BR>[Called By]<UL><LI><a href="#[1f333a0]">&gt;&gt;</a>&nbsp;&nbsp;&nbsp;AT24CXX_WriteOneByte
<LI><a href="#[1f333dc]">&gt;&gt;</a>&nbsp;&nbsp;&nbsp;AT24CXX_ReadOneByte
<LI><a href="#[1f3829c]">&gt;&gt;</a>&nbsp;&nbsp;&nbsp;IIC_WriteOneByte
<LI><a href="#[1f382d8]">&gt;&gt;</a>&nbsp;&nbsp;&nbsp;IIC_ReadOneByte
</UL>

<P><STRONG><a name="[1f32d4c]"></a>IIC_Ack</STRONG> (Thumb, 70 bytes, Stack size 8 bytes, myiic.o(.text))
<BR><BR>[Stack]<UL><LI>Max Depth = 8<LI>Call Chain = IIC_Ack
</UL>
<BR>[Calls]<UL><LI><a href="#[1f37888]">&gt;&gt;</a>&nbsp;&nbsp;&nbsp;delay_us
</UL>
<BR>[Called By]<UL><LI><a href="#[1f331c0]">&gt;&gt;</a>&nbsp;&nbsp;&nbsp;IIC_Read_Byte
</UL>

<P><STRONG><a name="[1f331fc]"></a>IIC_NAck</STRONG> (Thumb, 70 bytes, Stack size 8 bytes, myiic.o(.text))
<BR><BR>[Stack]<UL><LI>Max Depth = 8<LI>Call Chain = IIC_NAck
</UL>
<BR>[Calls]<UL><LI><a href="#[1f37888]">&gt;&gt;</a>&nbsp;&nbsp;&nbsp;delay_us
</UL>
<BR>[Called By]<UL><LI><a href="#[1f331c0]">&gt;&gt;</a>&nbsp;&nbsp;&nbsp;IIC_Read_Byte
<LI><a href="#[1f382d8]">&gt;&gt;</a>&nbsp;&nbsp;&nbsp;IIC_ReadOneByte
</UL>

<P><STRONG><a name="[1f33184]"></a>IIC_Send_Byte</STRONG> (Thumb, 92 bytes, Stack size 16 bytes, myiic.o(.text))
<BR><BR>[Stack]<UL><LI>Max Depth = 16<LI>Call Chain = IIC_Send_Byte
</UL>
<BR>[Calls]<UL><LI><a href="#[1f37888]">&gt;&gt;</a>&nbsp;&nbsp;&nbsp;delay_us
</UL>
<BR>[Called By]<UL><LI><a href="#[1f333a0]">&gt;&gt;</a>&nbsp;&nbsp;&nbsp;AT24CXX_WriteOneByte
<LI><a href="#[1f333dc]">&gt;&gt;</a>&nbsp;&nbsp;&nbsp;AT24CXX_ReadOneByte
<LI><a href="#[1f3829c]">&gt;&gt;</a>&nbsp;&nbsp;&nbsp;IIC_WriteOneByte
<LI><a href="#[1f382d8]">&gt;&gt;</a>&nbsp;&nbsp;&nbsp;IIC_ReadOneByte
</UL>

<P><STRONG><a name="[1f331c0]"></a>IIC_Read_Byte</STRONG> (Thumb, 100 bytes, Stack size 16 bytes, myiic.o(.text))
<BR><BR>[Stack]<UL><LI>Max Depth = 24<LI>Call Chain = IIC_Read_Byte &rArr; IIC_Ack
</UL>
<BR>[Calls]<UL><LI><a href="#[1f32d4c]">&gt;&gt;</a>&nbsp;&nbsp;&nbsp;IIC_Ack
<LI><a href="#[1f331fc]">&gt;&gt;</a>&nbsp;&nbsp;&nbsp;IIC_NAck
<LI><a href="#[1f37888]">&gt;&gt;</a>&nbsp;&nbsp;&nbsp;delay_us
</UL>
<BR>[Called By]<UL><LI><a href="#[1f333dc]">&gt;&gt;</a>&nbsp;&nbsp;&nbsp;AT24CXX_ReadOneByte
<LI><a href="#[1f382d8]">&gt;&gt;</a>&nbsp;&nbsp;&nbsp;IIC_ReadOneByte
</UL>

<P><STRONG><a name="[1f32ab8]"></a>__use_no_semihosting</STRONG> (Thumb, 2 bytes, Stack size 0 bytes, use_no_semi_2.o(.text), UNUSED)

<P><STRONG><a name="[1f327ac]"></a>__2printf</STRONG> (Thumb, 24 bytes, Stack size 24 bytes, noretval__2printf.o(.text))
<BR><BR>[Stack]<UL><LI>Max Depth = 136 + Unknown Stack Size
<LI>Call Chain = __2printf &rArr; _printf_char_common &rArr; __printf
</UL>
<BR>[Calls]<UL><LI><a href="#[2bf4658]">&gt;&gt;</a>&nbsp;&nbsp;&nbsp;_printf_char_common
</UL>
<BR>[Called By]<UL><LI><a href="#[1f34318]">&gt;&gt;</a>&nbsp;&nbsp;&nbsp;MadgwickAHRSupdate
<LI><a href="#[1f34354]">&gt;&gt;</a>&nbsp;&nbsp;&nbsp;MadgwickAHRSupdateIMU
<LI><a href="#[1f34390]">&gt;&gt;</a>&nbsp;&nbsp;&nbsp;MahonyAHRSupdate
<LI><a href="#[1f343cc]">&gt;&gt;</a>&nbsp;&nbsp;&nbsp;MahonyAHRSupdateIMU
<LI><a href="#[1f34444]">&gt;&gt;</a>&nbsp;&nbsp;&nbsp;IMU_AHRSupdate
<LI><a href="#[1f34480]">&gt;&gt;</a>&nbsp;&nbsp;&nbsp;IMU
<LI><a href="#[1f38260]">&gt;&gt;</a>&nbsp;&nbsp;&nbsp;IMU_AHRSupdateComPass
</UL>

<P><STRONG><a name="[1f325cc]"></a>_printf_pre_padding</STRONG> (Thumb, 42 bytes, Stack size 16 bytes, _printf_pad.o(.text))
<BR><BR>[Stack]<UL><LI>Max Depth = 16<LI>Call Chain = _printf_pre_padding
</UL>
<BR>[Called By]<UL><LI><a href="#[2bf47c0]">&gt;&gt;</a>&nbsp;&nbsp;&nbsp;_printf_int_common
</UL>

<P><STRONG><a name="[1f32590]"></a>_printf_post_padding</STRONG> (Thumb, 34 bytes, Stack size 16 bytes, _printf_pad.o(.text))
<BR><BR>[Stack]<UL><LI>Max Depth = 16<LI>Call Chain = _printf_post_padding
</UL>
<BR>[Called By]<UL><LI><a href="#[2bf47c0]">&gt;&gt;</a>&nbsp;&nbsp;&nbsp;_printf_int_common
</UL>

<P><STRONG><a name="[1f324a0]"></a>_printf_int_dec</STRONG> (Thumb, 96 bytes, Stack size 24 bytes, _printf_dec.o(.text))
<BR><BR>[Stack]<UL><LI>Max Depth = 72<LI>Call Chain = _printf_int_dec &rArr; _printf_int_common &rArr; _printf_post_padding
</UL>
<BR>[Calls]<UL><LI><a href="#[2bf4220]">&gt;&gt;</a>&nbsp;&nbsp;&nbsp;__rt_udiv10
<LI><a href="#[2bf47c0]">&gt;&gt;</a>&nbsp;&nbsp;&nbsp;_printf_int_common
</UL>
<BR>[Called By]<UL><LI><a href="#[1f31a8c]">&gt;&gt;</a>&nbsp;&nbsp;&nbsp;_printf_d
</UL>

<P><STRONG><a name="[1f31d98]"></a>__printf</STRONG> (Thumb, 324 bytes, Stack size 40 bytes, __printf_flags_wp.o(.text))
<BR><BR>[Stack]<UL><LI>Max Depth = 40 + Unknown Stack Size
<LI>Call Chain = __printf
</UL>
<BR>[Calls]<UL><LI><a href="#[1f319d8]">&gt;&gt;</a>&nbsp;&nbsp;&nbsp;_printf_percent
</UL>
<BR>[Called By]<UL><LI><a href="#[2bf4658]">&gt;&gt;</a>&nbsp;&nbsp;&nbsp;_printf_char_common
</UL>

<P><STRONG><a name="[1f318ac]"></a>abs</STRONG> (Thumb, 8 bytes, Stack size 0 bytes, abs.o(.text))
<BR><BR>[Called By]<UL><LI><a href="#[1f34444]">&gt;&gt;</a>&nbsp;&nbsp;&nbsp;IMU_AHRSupdate
<LI><a href="#[1f34480]">&gt;&gt;</a>&nbsp;&nbsp;&nbsp;IMU
<LI><a href="#[1f38260]">&gt;&gt;</a>&nbsp;&nbsp;&nbsp;IMU_AHRSupdateComPass
</UL>

<P><STRONG><a name="[1f317bc]"></a>__use_two_region_memory</STRONG> (Thumb, 2 bytes, Stack size 0 bytes, heapauxi.o(.text), UNUSED)

<P><STRONG><a name="[1f31780]"></a>__rt_heap_escrow$2region</STRONG> (Thumb, 2 bytes, Stack size 0 bytes, heapauxi.o(.text), UNUSED)

<P><STRONG><a name="[1f31744]"></a>__rt_heap_expand$2region</STRONG> (Thumb, 2 bytes, Stack size 0 bytes, heapauxi.o(.text), UNUSED)

<P><STRONG><a name="[1f2e210]"></a>__I$use$semihosting</STRONG> (Thumb, 0 bytes, Stack size 0 bytes, use_no_semi.o(.text), UNUSED)

<P><STRONG><a name="[1f2e1d4]"></a>__use_no_semihosting_swi</STRONG> (Thumb, 2 bytes, Stack size 0 bytes, use_no_semi.o(.text), UNUSED)

<P><STRONG><a name="[2bf4928]"></a>__read_errno</STRONG> (Thumb, 10 bytes, Stack size 8 bytes, _rserrno.o(.text), UNUSED)
<BR><BR>[Calls]<UL><LI><a href="#[2bf1f70]">&gt;&gt;</a>&nbsp;&nbsp;&nbsp;__aeabi_errno_addr
</UL>

<P><STRONG><a name="[2bf48ec]"></a>__set_errno</STRONG> (Thumb, 12 bytes, Stack size 8 bytes, _rserrno.o(.text))
<BR><BR>[Stack]<UL><LI>Max Depth = 8<LI>Call Chain = __set_errno
</UL>
<BR>[Calls]<UL><LI><a href="#[2bf1f70]">&gt;&gt;</a>&nbsp;&nbsp;&nbsp;__aeabi_errno_addr
</UL>
<BR>[Called By]<UL><LI><a href="#[1f2e33c]">&gt;&gt;</a>&nbsp;&nbsp;&nbsp;sqrt
<LI><a href="#[1f2e4e0]">&gt;&gt;</a>&nbsp;&nbsp;&nbsp;sin
<LI><a href="#[1f2e738]">&gt;&gt;</a>&nbsp;&nbsp;&nbsp;cos
<LI><a href="#[1f2e954]">&gt;&gt;</a>&nbsp;&nbsp;&nbsp;atan2
<LI><a href="#[1f2ec24]">&gt;&gt;</a>&nbsp;&nbsp;&nbsp;asin
</UL>

<P><STRONG><a name="[2bf47c0]"></a>_printf_int_common</STRONG> (Thumb, 174 bytes, Stack size 32 bytes, _printf_intcommon.o(.text))
<BR><BR>[Stack]<UL><LI>Max Depth = 48<LI>Call Chain = _printf_int_common &rArr; _printf_post_padding
</UL>
<BR>[Calls]<UL><LI><a href="#[1f32590]">&gt;&gt;</a>&nbsp;&nbsp;&nbsp;_printf_post_padding
<LI><a href="#[1f325cc]">&gt;&gt;</a>&nbsp;&nbsp;&nbsp;_printf_pre_padding
</UL>
<BR>[Called By]<UL><LI><a href="#[1f324a0]">&gt;&gt;</a>&nbsp;&nbsp;&nbsp;_printf_int_dec
</UL>

<P><STRONG><a name="[2bf4658]"></a>_printf_char_common</STRONG> (Thumb, 34 bytes, Stack size 72 bytes, _printf_char_common.o(.text))
<BR><BR>[Stack]<UL><LI>Max Depth = 112 + Unknown Stack Size
<LI>Call Chain = _printf_char_common &rArr; __printf
</UL>
<BR>[Calls]<UL><LI><a href="#[1f31d98]">&gt;&gt;</a>&nbsp;&nbsp;&nbsp;__printf
</UL>
<BR>[Called By]<UL><LI><a href="#[1f327ac]">&gt;&gt;</a>&nbsp;&nbsp;&nbsp;__2printf
</UL>

<P><STRONG><a name="[2bf4220]"></a>__rt_udiv10</STRONG> (Thumb, 16 bytes, Stack size 0 bytes, rtudiv10.o(.text))
<BR><BR>[Called By]<UL><LI><a href="#[1f324a0]">&gt;&gt;</a>&nbsp;&nbsp;&nbsp;_printf_int_dec
</UL>

<P><STRONG><a name="[2bf1f70]"></a>__aeabi_errno_addr</STRONG> (Thumb, 12 bytes, Stack size 0 bytes, rt_errno_addr_intlibspace.o(.text))
<BR><BR>[Called By]<UL><LI><a href="#[2bf48ec]">&gt;&gt;</a>&nbsp;&nbsp;&nbsp;__set_errno
<LI><a href="#[2bf4928]">&gt;&gt;</a>&nbsp;&nbsp;&nbsp;__read_errno
</UL>

<P><STRONG><a name="[2bf1f34]"></a>__errno$intlibspace</STRONG> (Thumb, 0 bytes, Stack size 0 bytes, rt_errno_addr_intlibspace.o(.text), UNUSED)

<P><STRONG><a name="[2bf1ef8]"></a>__rt_errno_addr$intlibspace</STRONG> (Thumb, 0 bytes, Stack size 0 bytes, rt_errno_addr_intlibspace.o(.text), UNUSED)

<P><STRONG><a name="[2bf191c]"></a>__user_libspace</STRONG> (Thumb, 8 bytes, Stack size 0 bytes, libspace.o(.text), UNUSED)

<P><STRONG><a name="[2bf18e0]"></a>__user_perproc_libspace</STRONG> (Thumb, 0 bytes, Stack size 0 bytes, libspace.o(.text))
<BR><BR>[Called By]<UL><LI><a href="#[2bf17b4]">&gt;&gt;</a>&nbsp;&nbsp;&nbsp;__user_setup_stackheap
</UL>

<P><STRONG><a name="[2bf18a4]"></a>__user_perthread_libspace</STRONG> (Thumb, 0 bytes, Stack size 0 bytes, libspace.o(.text), UNUSED)

<P><STRONG><a name="[2bf17b4]"></a>__user_setup_stackheap</STRONG> (Thumb, 74 bytes, Stack size 8 bytes, sys_stackheap_outer.o(.text))
<BR><BR>[Stack]<UL><LI>Max Depth = 8 + Unknown Stack Size
<LI>Call Chain = __user_setup_stackheap
</UL>
<BR>[Calls]<UL><LI><a href="#[1f3c748]">&gt;&gt;</a>&nbsp;&nbsp;&nbsp;__user_initial_stackheap
<LI><a href="#[2bf18e0]">&gt;&gt;</a>&nbsp;&nbsp;&nbsp;__user_perproc_libspace
</UL>
<BR>[Called By]<UL><LI><a href="#[2bf227c]">&gt;&gt;</a>&nbsp;&nbsp;&nbsp;__rt_entry_sh
</UL>

<P><STRONG><a name="[2bf164c]"></a>exit</STRONG> (Thumb, 12 bytes, Stack size 0 bytes, exit.o(.text))
<BR><BR>[Calls]<UL><LI><a href="#[2bf0cec]">&gt;&gt;</a>&nbsp;&nbsp;&nbsp;__rt_exit
</UL>
<BR>[Called By]<UL><LI><a href="#[2bf2498]">&gt;&gt;</a>&nbsp;&nbsp;&nbsp;__rt_entry_main
</UL>

<P><STRONG><a name="[2bf2a38]"></a>__ieee754_rem_pio2</STRONG> (Thumb, 642 bytes, Stack size 96 bytes, rred.o(i.__ieee754_rem_pio2))
<BR><BR>[Stack]<UL><LI>Max Depth = 112<LI>Call Chain = __ieee754_rem_pio2 &rArr; __aeabi_dmul
</UL>
<BR>[Calls]<UL><LI><a href="#[1f3040c]">&gt;&gt;</a>&nbsp;&nbsp;&nbsp;__aeabi_dmul
<LI><a href="#[1f30754]">&gt;&gt;</a>&nbsp;&nbsp;&nbsp;__aeabi_i2d
<LI><a href="#[1f309ac]">&gt;&gt;</a>&nbsp;&nbsp;&nbsp;__aeabi_d2iz
<LI><a href="#[1f30c04]">&gt;&gt;</a>&nbsp;&nbsp;&nbsp;__aeabi_ddiv
<LI><a href="#[1f30ed4]">&gt;&gt;</a>&nbsp;&nbsp;&nbsp;__aeabi_dsub
<LI><a href="#[1f30f4c]">&gt;&gt;</a>&nbsp;&nbsp;&nbsp;__aeabi_drsub
<LI><a href="#[1f31000]">&gt;&gt;</a>&nbsp;&nbsp;&nbsp;__aeabi_dadd
<LI><a href="#[2bf1cdc]">&gt;&gt;</a>&nbsp;&nbsp;&nbsp;_drem
<LI><a href="#[2bf3320]">&gt;&gt;</a>&nbsp;&nbsp;&nbsp;__ARM_scalbn
</UL>
<BR>[Called By]<UL><LI><a href="#[1f2e4e0]">&gt;&gt;</a>&nbsp;&nbsp;&nbsp;sin
<LI><a href="#[1f2e738]">&gt;&gt;</a>&nbsp;&nbsp;&nbsp;cos
</UL>

<P><STRONG><a name="[2bf2d80]"></a>__kernel_cos</STRONG> (Thumb, 222 bytes, Stack size 56 bytes, cos_i.o(i.__kernel_cos))
<BR><BR>[Stack]<UL><LI>Max Depth = 96<LI>Call Chain = __kernel_cos &rArr; __kernel_poly &rArr; __aeabi_dmul
</UL>
<BR>[Calls]<UL><LI><a href="#[1f3040c]">&gt;&gt;</a>&nbsp;&nbsp;&nbsp;__aeabi_dmul
<LI><a href="#[1f309ac]">&gt;&gt;</a>&nbsp;&nbsp;&nbsp;__aeabi_d2iz
<LI><a href="#[1f30ed4]">&gt;&gt;</a>&nbsp;&nbsp;&nbsp;__aeabi_dsub
<LI><a href="#[1f30f4c]">&gt;&gt;</a>&nbsp;&nbsp;&nbsp;__aeabi_drsub
<LI><a href="#[2bf2c90]">&gt;&gt;</a>&nbsp;&nbsp;&nbsp;__kernel_poly
<LI><a href="#[2bf3320]">&gt;&gt;</a>&nbsp;&nbsp;&nbsp;__ARM_scalbn
</UL>
<BR>[Called By]<UL><LI><a href="#[1f2e4e0]">&gt;&gt;</a>&nbsp;&nbsp;&nbsp;sin
<LI><a href="#[1f2e738]">&gt;&gt;</a>&nbsp;&nbsp;&nbsp;cos
</UL>

<P><STRONG><a name="[2bf2c90]"></a>__kernel_poly</STRONG> (Thumb, 162 bytes, Stack size 24 bytes, poly.o(i.__kernel_poly))
<BR><BR>[Stack]<UL><LI>Max Depth = 40<LI>Call Chain = __kernel_poly &rArr; __aeabi_dmul
</UL>
<BR>[Calls]<UL><LI><a href="#[1f3040c]">&gt;&gt;</a>&nbsp;&nbsp;&nbsp;__aeabi_dmul
<LI><a href="#[1f31000]">&gt;&gt;</a>&nbsp;&nbsp;&nbsp;__aeabi_dadd
</UL>
<BR>[Called By]<UL><LI><a href="#[1f2ec24]">&gt;&gt;</a>&nbsp;&nbsp;&nbsp;asin
<LI><a href="#[2bf2894]">&gt;&gt;</a>&nbsp;&nbsp;&nbsp;__kernel_sin
<LI><a href="#[2bf2d80]">&gt;&gt;</a>&nbsp;&nbsp;&nbsp;__kernel_cos
<LI><a href="#[2bf2ee8]">&gt;&gt;</a>&nbsp;&nbsp;&nbsp;atan
</UL>

<P><STRONG><a name="[2bf2894]"></a>__kernel_sin</STRONG> (Thumb, 222 bytes, Stack size 56 bytes, sin_i.o(i.__kernel_sin))
<BR><BR>[Stack]<UL><LI>Max Depth = 96<LI>Call Chain = __kernel_sin &rArr; __kernel_poly &rArr; __aeabi_dmul
</UL>
<BR>[Calls]<UL><LI><a href="#[1f3040c]">&gt;&gt;</a>&nbsp;&nbsp;&nbsp;__aeabi_dmul
<LI><a href="#[1f309ac]">&gt;&gt;</a>&nbsp;&nbsp;&nbsp;__aeabi_d2iz
<LI><a href="#[1f30ed4]">&gt;&gt;</a>&nbsp;&nbsp;&nbsp;__aeabi_dsub
<LI><a href="#[1f30f4c]">&gt;&gt;</a>&nbsp;&nbsp;&nbsp;__aeabi_drsub
<LI><a href="#[1f31000]">&gt;&gt;</a>&nbsp;&nbsp;&nbsp;__aeabi_dadd
<LI><a href="#[2bf2c90]">&gt;&gt;</a>&nbsp;&nbsp;&nbsp;__kernel_poly
<LI><a href="#[2bf3320]">&gt;&gt;</a>&nbsp;&nbsp;&nbsp;__ARM_scalbn
</UL>
<BR>[Called By]<UL><LI><a href="#[1f2e4e0]">&gt;&gt;</a>&nbsp;&nbsp;&nbsp;sin
<LI><a href="#[1f2e738]">&gt;&gt;</a>&nbsp;&nbsp;&nbsp;cos
</UL>

<P><STRONG><a name="[1f2ec24]"></a>asin</STRONG> (Thumb, 582 bytes, Stack size 72 bytes, asin.o(i.asin))
<BR><BR>[Stack]<UL><LI>Max Depth = 112<LI>Call Chain = asin &rArr; __kernel_poly &rArr; __aeabi_dmul
</UL>
<BR>[Calls]<UL><LI><a href="#[1f2e33c]">&gt;&gt;</a>&nbsp;&nbsp;&nbsp;sqrt
<LI><a href="#[1f3040c]">&gt;&gt;</a>&nbsp;&nbsp;&nbsp;__aeabi_dmul
<LI><a href="#[1f30c04]">&gt;&gt;</a>&nbsp;&nbsp;&nbsp;__aeabi_ddiv
<LI><a href="#[1f30ed4]">&gt;&gt;</a>&nbsp;&nbsp;&nbsp;__aeabi_dsub
<LI><a href="#[1f30f4c]">&gt;&gt;</a>&nbsp;&nbsp;&nbsp;__aeabi_drsub
<LI><a href="#[1f31000]">&gt;&gt;</a>&nbsp;&nbsp;&nbsp;__aeabi_dadd
<LI><a href="#[2bf2c90]">&gt;&gt;</a>&nbsp;&nbsp;&nbsp;__kernel_poly
<LI><a href="#[2bf3320]">&gt;&gt;</a>&nbsp;&nbsp;&nbsp;__ARM_scalbn
<LI><a href="#[2bf3dac]">&gt;&gt;</a>&nbsp;&nbsp;&nbsp;__aeabi_cdrcmple
<LI><a href="#[2bf48ec]">&gt;&gt;</a>&nbsp;&nbsp;&nbsp;__set_errno
</UL>
<BR>[Called By]<UL><LI><a href="#[1f34318]">&gt;&gt;</a>&nbsp;&nbsp;&nbsp;MadgwickAHRSupdate
<LI><a href="#[1f34354]">&gt;&gt;</a>&nbsp;&nbsp;&nbsp;MadgwickAHRSupdateIMU
<LI><a href="#[1f34390]">&gt;&gt;</a>&nbsp;&nbsp;&nbsp;MahonyAHRSupdate
<LI><a href="#[1f343cc]">&gt;&gt;</a>&nbsp;&nbsp;&nbsp;MahonyAHRSupdateIMU
<LI><a href="#[1f34480]">&gt;&gt;</a>&nbsp;&nbsp;&nbsp;IMU
<LI><a href="#[1f38260]">&gt;&gt;</a>&nbsp;&nbsp;&nbsp;IMU_AHRSupdateComPass
<LI><a href="#[1f38314]">&gt;&gt;</a>&nbsp;&nbsp;&nbsp;Element_4_int
</UL>

<P><STRONG><a name="[2bf2ee8]"></a>atan</STRONG> (Thumb, 474 bytes, Stack size 48 bytes, atan.o(i.atan))
<BR><BR>[Stack]<UL><LI>Max Depth = 88<LI>Call Chain = atan &rArr; __kernel_poly &rArr; __aeabi_dmul
</UL>
<BR>[Calls]<UL><LI><a href="#[1f3040c]">&gt;&gt;</a>&nbsp;&nbsp;&nbsp;__aeabi_dmul
<LI><a href="#[1f30c04]">&gt;&gt;</a>&nbsp;&nbsp;&nbsp;__aeabi_ddiv
<LI><a href="#[1f30ed4]">&gt;&gt;</a>&nbsp;&nbsp;&nbsp;__aeabi_dsub
<LI><a href="#[1f30f4c]">&gt;&gt;</a>&nbsp;&nbsp;&nbsp;__aeabi_drsub
<LI><a href="#[1f31000]">&gt;&gt;</a>&nbsp;&nbsp;&nbsp;__aeabi_dadd
<LI><a href="#[2bf2c90]">&gt;&gt;</a>&nbsp;&nbsp;&nbsp;__kernel_poly
<LI><a href="#[2bf3320]">&gt;&gt;</a>&nbsp;&nbsp;&nbsp;__ARM_scalbn
<LI><a href="#[2bf3dac]">&gt;&gt;</a>&nbsp;&nbsp;&nbsp;__aeabi_cdrcmple
</UL>
<BR>[Called By]<UL><LI><a href="#[1f2e954]">&gt;&gt;</a>&nbsp;&nbsp;&nbsp;atan2
</UL>

<P><STRONG><a name="[1f2e954]"></a>atan2</STRONG> (Thumb, 306 bytes, Stack size 32 bytes, atan2.o(i.atan2))
<BR><BR>[Stack]<UL><LI>Max Depth = 120<LI>Call Chain = atan2 &rArr; atan &rArr; __kernel_poly &rArr; __aeabi_dmul
</UL>
<BR>[Calls]<UL><LI><a href="#[1f30c04]">&gt;&gt;</a>&nbsp;&nbsp;&nbsp;__aeabi_ddiv
<LI><a href="#[1f30ed4]">&gt;&gt;</a>&nbsp;&nbsp;&nbsp;__aeabi_dsub
<LI><a href="#[1f30f4c]">&gt;&gt;</a>&nbsp;&nbsp;&nbsp;__aeabi_drsub
<LI><a href="#[1f31000]">&gt;&gt;</a>&nbsp;&nbsp;&nbsp;__aeabi_dadd
<LI><a href="#[2bf2ee8]">&gt;&gt;</a>&nbsp;&nbsp;&nbsp;atan
<LI><a href="#[2bf48ec]">&gt;&gt;</a>&nbsp;&nbsp;&nbsp;__set_errno
</UL>
<BR>[Called By]<UL><LI><a href="#[1f34318]">&gt;&gt;</a>&nbsp;&nbsp;&nbsp;MadgwickAHRSupdate
<LI><a href="#[1f34354]">&gt;&gt;</a>&nbsp;&nbsp;&nbsp;MadgwickAHRSupdateIMU
<LI><a href="#[1f34390]">&gt;&gt;</a>&nbsp;&nbsp;&nbsp;MahonyAHRSupdate
<LI><a href="#[1f343cc]">&gt;&gt;</a>&nbsp;&nbsp;&nbsp;MahonyAHRSupdateIMU
<LI><a href="#[1f34480]">&gt;&gt;</a>&nbsp;&nbsp;&nbsp;IMU
<LI><a href="#[1f38260]">&gt;&gt;</a>&nbsp;&nbsp;&nbsp;IMU_AHRSupdateComPass
<LI><a href="#[1f38314]">&gt;&gt;</a>&nbsp;&nbsp;&nbsp;Element_4_int
</UL>

<P><STRONG><a name="[1f2e738]"></a>cos</STRONG> (Thumb, 130 bytes, Stack size 40 bytes, cos.o(i.cos))
<BR><BR>[Stack]<UL><LI>Max Depth = 152<LI>Call Chain = cos &rArr; __ieee754_rem_pio2 &rArr; __aeabi_dmul
</UL>
<BR>[Calls]<UL><LI><a href="#[2bf2894]">&gt;&gt;</a>&nbsp;&nbsp;&nbsp;__kernel_sin
<LI><a href="#[2bf2a38]">&gt;&gt;</a>&nbsp;&nbsp;&nbsp;__ieee754_rem_pio2
<LI><a href="#[2bf2d80]">&gt;&gt;</a>&nbsp;&nbsp;&nbsp;__kernel_cos
<LI><a href="#[2bf3320]">&gt;&gt;</a>&nbsp;&nbsp;&nbsp;__ARM_scalbn
<LI><a href="#[2bf48ec]">&gt;&gt;</a>&nbsp;&nbsp;&nbsp;__set_errno
</UL>
<BR>[Called By]<UL><LI><a href="#[1f38260]">&gt;&gt;</a>&nbsp;&nbsp;&nbsp;IMU_AHRSupdateComPass
<LI><a href="#[1f38314]">&gt;&gt;</a>&nbsp;&nbsp;&nbsp;Element_4_int
</UL>

<P><STRONG><a name="[1f2e4e0]"></a>sin</STRONG> (Thumb, 136 bytes, Stack size 40 bytes, sin.o(i.sin))
<BR><BR>[Stack]<UL><LI>Max Depth = 152<LI>Call Chain = sin &rArr; __ieee754_rem_pio2 &rArr; __aeabi_dmul
</UL>
<BR>[Calls]<UL><LI><a href="#[2bf2894]">&gt;&gt;</a>&nbsp;&nbsp;&nbsp;__kernel_sin
<LI><a href="#[2bf2a38]">&gt;&gt;</a>&nbsp;&nbsp;&nbsp;__ieee754_rem_pio2
<LI><a href="#[2bf2d80]">&gt;&gt;</a>&nbsp;&nbsp;&nbsp;__kernel_cos
<LI><a href="#[2bf3320]">&gt;&gt;</a>&nbsp;&nbsp;&nbsp;__ARM_scalbn
<LI><a href="#[2bf48ec]">&gt;&gt;</a>&nbsp;&nbsp;&nbsp;__set_errno
</UL>
<BR>[Called By]<UL><LI><a href="#[1f38260]">&gt;&gt;</a>&nbsp;&nbsp;&nbsp;IMU_AHRSupdateComPass
<LI><a href="#[1f38314]">&gt;&gt;</a>&nbsp;&nbsp;&nbsp;Element_4_int
</UL>

<P><STRONG><a name="[1f2e33c]"></a>sqrt</STRONG> (Thumb, 62 bytes, Stack size 16 bytes, sqrt.o(i.sqrt))
<BR><BR>[Stack]<UL><LI>Max Depth = 32<LI>Call Chain = sqrt &rArr; _dsqrt
</UL>
<BR>[Calls]<UL><LI><a href="#[1f30574]">&gt;&gt;</a>&nbsp;&nbsp;&nbsp;__aeabi_cdcmple
<LI><a href="#[2bf3c80]">&gt;&gt;</a>&nbsp;&nbsp;&nbsp;_dsqrt
<LI><a href="#[2bf48ec]">&gt;&gt;</a>&nbsp;&nbsp;&nbsp;__set_errno
</UL>
<BR>[Called By]<UL><LI><a href="#[1f2ec24]">&gt;&gt;</a>&nbsp;&nbsp;&nbsp;asin
<LI><a href="#[1f34318]">&gt;&gt;</a>&nbsp;&nbsp;&nbsp;MadgwickAHRSupdate
<LI><a href="#[1f34390]">&gt;&gt;</a>&nbsp;&nbsp;&nbsp;MahonyAHRSupdate
<LI><a href="#[1f34444]">&gt;&gt;</a>&nbsp;&nbsp;&nbsp;IMU_AHRSupdate
<LI><a href="#[1f34480]">&gt;&gt;</a>&nbsp;&nbsp;&nbsp;IMU
<LI><a href="#[1f38260]">&gt;&gt;</a>&nbsp;&nbsp;&nbsp;IMU_AHRSupdateComPass
</UL>

[...]
</UL>

<P><STRONG><a name="[1f303d0]"></a>_dmul</STRONG> (Thumb, 440 bytes, Stack size 16 bytes, dmul.o(x$fpl$dmul), UNUSED)
<BR><BR>[Calls]<UL><LI><a href="#[2bf4130]">&gt;&gt;</a>&nbsp;&nbsp;&nbsp;__fpl_dcheck_NaN2
</UL>

<P><STRONG><a name="[1f30394]"></a>__fpl_inf_dmul</STRONG> (Thumb, 0 bytes, Stack size unknown bytes, dmul.o(x$fpl$dmul), UNUSED)

<P><STRONG><a name="[2bf1cdc]"></a>_drem</STRONG> (Thumb, 396 bytes, Stack size 16 bytes, drem_clz.o(x$fpl$drem))
<BR><BR>[Stack]<UL><LI>Max Depth = 16<LI>Call Chain = _drem
</UL>
<BR>[Calls]<UL><LI><a href="#[2bf4130]">&gt;&gt;</a>&nbsp;&nbsp;&nbsp;__fpl_dcheck_NaN2
</UL>
<BR>[Called By]<UL><LI><a href="#[2bf2a38]">&gt;&gt;</a>&nbsp;&nbsp;&nbsp;__ieee754_rem_pio2
</UL>

<P><STRONG><a name="[2bf1ca0]"></a>__fpl_inf_drem</STRONG> (Thumb, 0 bytes, Stack size unknown bytes, drem_clz.o(x$fpl$drem), UNUSED)

<P><STRONG><a name="[2bf3dac]"></a>__aeabi_cdrcmple</STRONG> (Thumb, 0 bytes, Stack size 0 bytes, drleqf.o(x$fpl$drleqf))
<BR><BR>[Called By]<UL><LI><a href="#[1f2ec24]">&gt;&gt;</a>&nbsp;&nbsp;&nbsp;asin
<LI><a href="#[2bf2ee8]">&gt;&gt;</a>&nbsp;&nbsp;&nbsp;atan
</UL>

<P><STRONG><a name="[2bf3d70]"></a>_drcmple</STRONG> (Thumb, 130 bytes, Stack size 0 bytes, drleqf.o(x$fpl$drleqf), UNUSED)
<BR><BR>[Calls]<UL><LI><a href="#[2bf3f14]">&gt;&gt;</a>&nbsp;&nbsp;&nbsp;__fpl_dcmp_InfNaN
</UL>

<P><STRONG><a name="[1f30f4c]"></a>__aeabi_drsub</STRONG> (Thumb, 0 bytes, Stack size 8 bytes, daddsub_clz.o(x$fpl$drsb))
<BR><BR>[Stack]<UL><LI>Max Depth = 8<LI>Call Chain = __aeabi_drsub
</UL>
<BR>[Called By]<UL><LI><a href="#[1f2e954]">&gt;&gt;</a>&nbsp;&nbsp;&nbsp;atan2
<LI><a href="#[1f2ec24]">&gt;&gt;</a>&nbsp;&nbsp;&nbsp;asin
<LI><a href="#[2bf2894]">&gt;&gt;</a>&nbsp;&nbsp;&nbsp;__kernel_sin
<LI><a href="#[2bf2a38]">&gt;&gt;</a>&nbsp;&nbsp;&nbsp;__ieee754_rem_pio2
<LI><a href="#[2bf2d80]">&gt;&gt;</a>&nbsp;&nbsp;&nbsp;__kernel_cos
<LI><a href="#[2bf2ee8]">&gt;&gt;</a>&nbsp;&nbsp;&nbsp;atan
</UL>

<P><STRONG><a name="[1f30f10]"></a>_drsb</STRONG> (Thumb, 22 bytes, Stack size 8 bytes, daddsub_clz.o(x$fpl$drsb), UNUSED)
<BR><BR>[Calls]<UL><LI><a href="#[1f3103c]">&gt;&gt;</a>&nbsp;&nbsp;&nbsp;_dsub1
<LI><a href="#[1f31078]">&gt;&gt;</a>&nbsp;&nbsp;&nbsp;_dadd1
</UL>

<P><STRONG><a name="[2bf3c80]"></a>_dsqrt</STRONG> (Thumb, 316 bytes, Stack size 16 bytes, dsqrt.o(x$fpl$dsqrt))
<BR><BR>[Stack]<UL><LI>Max Depth = 16<LI>Call Chain = _dsqrt
</UL>
<BR>[Calls]<UL><LI><a href="#[2bf4004]">&gt;&gt;</a>&nbsp;&nbsp;&nbsp;__fpl_dcheck_NaN1
</UL>
<BR>[Called By]<UL><LI><a href="#[1f2e33c]">&gt;&gt;</a>&nbsp;&nbsp;&nbsp;sqrt
</UL>

<P><STRONG><a name="[2bf3c44]"></a>__fpl_inf_dsqrt</STRONG> (Thumb, 0 bytes, Stack size unknown bytes, dsqrt.o(x$fpl$dsqrt), UNUSED)

<P><STRONG><a name="[1f30ed4]"></a>__aeabi_dsub</STRONG> (Thumb, 0 bytes, Stack size 8 bytes, daddsub_clz.o(x$fpl$dsub))
<BR><BR>[Stack]<UL><LI>Max Depth = 8<LI>Call Chain = __aeabi_dsub
</UL>
<BR>[Called By]<UL><LI><a href="#[1f2e954]">&gt;&gt;</a>&nbsp;&nbsp;&nbsp;atan2
<LI><a href="#[1f2ec24]">&gt;&gt;</a>&nbsp;&nbsp;&nbsp;asin
<LI><a href="#[1f34318]">&gt;&gt;</a>&nbsp;&nbsp;&nbsp;MadgwickAHRSupdate
<LI><a href="#[1f34390]">&gt;&gt;</a>&nbsp;&nbsp;&nbsp;MahonyAHRSupdate
<LI><a href="#[1f34480]">&gt;&gt;</a>&nbsp;&nbsp;&nbsp;IMU
<LI><a href="#[1f38260]">&gt;&gt;</a>&nbsp;&nbsp;&nbsp;IMU_AHRSupdateComPass
<LI><a href="#[1f38314]">&gt;&gt;</a>&nbsp;&nbsp;&nbsp;Element_4_int
<LI><a href="#[2bf2894]">&gt;&gt;</a>&nbsp;&nbsp;&nbsp;__kernel_sin
<LI><a href="#[2bf2a38]">&gt;&gt;</a>&nbsp;&nbsp;&nbsp;__ieee754_rem_pio2
<LI><a href="#[2bf2d80]">&gt;&gt;</a>&nbsp;&nbsp;&nbsp;__kernel_cos
<LI><a href="#[2bf2ee8]">&gt;&gt;</a>&nbsp;&nbsp;&nbsp;atan
</UL>

<P><STRONG><a name="[1f30e98]"></a>_dsub</STRONG> (Thumb, 572 bytes, Stack size 8 bytes, daddsub_clz.o(x$fpl$dsub), UNUSED)
<BR><BR>[Calls]<UL><LI><a href="#[1f31078]">&gt;&gt;</a>&nbsp;&nbsp;&nbsp;_dadd1
<LI><a href="#[2bf4130]">&gt;&gt;</a>&nbsp;&nbsp;&nbsp;__fpl_dcheck_NaN2
</UL>

<P><STRONG><a name="[1f30e5c]"></a>__fpl_inf_dsub</STRONG> (Thumb, 0 bytes, Stack size unknown bytes, daddsub_clz.o(x$fpl$dsub), UNUSED)

<P><STRONG><a name="[2bf3b54]"></a>__dunder</STRONG> (Thumb, 234 bytes, Stack size 4 bytes, dunder.o(x$fpl$dunder), UNUSED)

<P><STRONG><a name="[2bf3b18]"></a>__dunder_d</STRONG> (Thumb, 2 bytes, Stack size 0 bytes, dunder.o(x$fpl$dunder), UNUSED)

<P><STRONG><a name="[1f302a4]"></a>__aeabi_f2d</STRONG> (Thumb, 0 bytes, Stack size 0 bytes, f2d.o(x$fpl$f2d))
<BR><BR>[Called By]<UL><LI><a href="#[1f34318]">&gt;&gt;</a>&nbsp;&nbsp;&nbsp;MadgwickAHRSupdate
<LI><a href="#[1f34354]">&gt;&gt;</a>&nbsp;&nbsp;&nbsp;MadgwickAHRSupdateIMU
<LI><a href="#[1f34390]">&gt;&gt;</a>&nbsp;&nbsp;&nbsp;MahonyAHRSupdate
<LI><a href="#[1f343cc]">&gt;&gt;</a>&nbsp;&nbsp;&nbsp;MahonyAHRSupdateIMU
<LI><a href="#[1f34444]">&gt;&gt;</a>&nbsp;&nbsp;&nbsp;IMU_AHRSupdate
<LI><a href="#[1f34480]">&gt;&gt;</a>&nbsp;&nbsp;&nbsp;IMU
<LI><a href="#[1f38260]">&gt;&gt;</a>&nbsp;&nbsp;&nbsp;IMU_AHRSupdateComPass
<LI><a href="#[1f38314]">&gt;&gt;</a>&nbsp;&nbsp;&nbsp;Element_4_int
<LI><a href="#[1f3838c]">&gt;&gt;</a>&nbsp;&nbsp;&nbsp;main
</UL>

<P><STRONG><a name="[1f30268]"></a>_f2d</STRONG> (Thumb, 76 bytes, Stack size 0 bytes, f2d.o(x$fpl$f2d), UNUSED)
<BR><BR>[Calls]<UL><LI><a href="#[2bf3938]">&gt;&gt;</a>&nbsp;&nbsp;&nbsp;__fpl_fcheck_NaN1
</UL>

<P><STRONG><a name="[1f3022c]"></a>__fpl_inf_f2d</STRONG> (Thumb, 0 bytes, Stack size unknown bytes, f2d.o(x$fpl$f2d), UNUSED)

<P><STRONG><a name="[1f2ff5c]"></a>__aeabi_fadd</STRONG> (Thumb, 0 bytes, Stack size 0 bytes, faddsub_clz.o(x$fpl$fadd))
<BR><BR>[Called By]<UL><LI><a href="#[1f34318]">&gt;&gt;</a>&nbsp;&nbsp;&nbsp;MadgwickAHRSupdate
<LI><a href="#[1f34354]">&gt;&gt;</a>&nbsp;&nbsp;&nbsp;MadgwickAHRSupdateIMU
<LI><a href="#[1f34390]">&gt;&gt;</a>&nbsp;&nbsp;&nbsp;MahonyAHRSupdate
<LI><a href="#[1f343cc]">&gt;&gt;</a>&nbsp;&nbsp;&nbsp;MahonyAHRSupdateIMU
<LI><a href="#[1f34444]">&gt;&gt;</a>&nbsp;&nbsp;&nbsp;IMU_AHRSupdate
<LI><a href="#[1f34480]">&gt;&gt;</a>&nbsp;&nbsp;&nbsp;IMU
<LI><a href="#[1f38260]">&gt;&gt;</a>&nbsp;&nbsp;&nbsp;IMU_AHRSupdateComPass
<LI><a href="#[1f3838c]">&gt;&gt;</a>&nbsp;&nbsp;&nbsp;main
</UL>

<P><STRONG><a name="[1f2ff20]"></a>_fadd</STRONG> (Thumb, 248 bytes, Stack size 0 bytes, faddsub_clz.o(x$fpl$fadd), UNUSED)
<BR><BR>[Calls]<UL><LI><a href="#[1f2ff98]">&gt;&gt;</a>&nbsp;&nbsp;&nbsp;_fsub1
<LI><a href="#[2bf3a28]">&gt;&gt;</a>&nbsp;&nbsp;&nbsp;__fpl_fcheck_NaN2
</UL>

<P><STRONG><a name="[1f2fee4]"></a>__fpl_inf_fadd</STRONG> (Thumb, 0 bytes, Stack size unknown bytes, faddsub_clz.o(x$fpl$fadd), UNUSED)

<P><STRONG><a name="[2bf3a28]"></a>__fpl_fcheck_NaN2</STRONG> (Thumb, 6 bytes, Stack size 0 bytes, fcheck.o(x$fpl$fcheck), UNUSED)
<BR><BR>[Calls]<UL><LI><a href="#[2bf1bb0]">&gt;&gt;</a>&nbsp;&nbsp;&nbsp;__fpl_return_NaN
</UL>
<BR>[Called By]<UL><LI><a href="#[1f2efe4]">&gt;&gt;</a>&nbsp;&nbsp;&nbsp;_fmul
<LI><a href="#[1f2fb60]">&gt;&gt;</a>&nbsp;&nbsp;&nbsp;_fdiv
<LI><a href="#[1f2fdf4]">&gt;&gt;</a>&nbsp;&nbsp;&nbsp;_fsub
<LI><a href="#[1f2ff20]">&gt;&gt;</a>&nbsp;&nbsp;&nbsp;_fadd
<LI><a href="#[2bf3848]">&gt;&gt;</a>&nbsp;&nbsp;&nbsp;__fpl_fcmp_InfNaN
</UL>

<P><STRONG><a name="[2bf3938]"></a>__fpl_fcheck_NaN1</STRONG> (Thumb, 6 bytes, Stack size 0 bytes, fcheck1.o(x$fpl$fcheck1), UNUSED)
<BR><BR>[Calls]<UL><LI><a href="#[2bf1bb0]">&gt;&gt;</a>&nbsp;&nbsp;&nbsp;__fpl_return_NaN
</UL>
<BR>[Called By]<UL><LI><a href="#[1f2f548]">&gt;&gt;</a>&nbsp;&nbsp;&nbsp;_ffixu
<LI><a href="#[1f2f7a0]">&gt;&gt;</a>&nbsp;&nbsp;&nbsp;_ffix
<LI><a href="#[1f30268]">&gt;&gt;</a>&nbsp;&nbsp;&nbsp;_f2d
</UL>

<P><STRONG><a name="[1f2fb9c]"></a>__aeabi_fdiv</STRONG> (Thumb, 0 bytes, Stack size 4 bytes, fdiv.o(x$fpl$fdiv))
<BR><BR>[Stack]<UL><LI>Max Depth = 4<LI>Call Chain = __aeabi_fdiv
</UL>
<BR>[Called By]<UL><LI><a href="#[1f34444]">&gt;&gt;</a>&nbsp;&nbsp;&nbsp;IMU_AHRSupdate
<LI><a href="#[1f34480]">&gt;&gt;</a>&nbsp;&nbsp;&nbsp;IMU
<LI><a href="#[1f37cfc]">&gt;&gt;</a>&nbsp;&nbsp;&nbsp;uart_init
<LI><a href="#[1f38260]">&gt;&gt;</a>&nbsp;&nbsp;&nbsp;IMU_AHRSupdateComPass
<LI><a href="#[1f38314]">&gt;&gt;</a>&nbsp;&nbsp;&nbsp;Element_4_int
<LI><a href="#[1f3838c]">&gt;&gt;</a>&nbsp;&nbsp;&nbsp;main
</UL>

<P><STRONG><a name="[1f2fb60]"></a>_fdiv</STRONG> (Thumb, 476 bytes, Stack size 4 bytes, fdiv.o(x$fpl$fdiv), UNUSED)
<BR><BR>[Calls]<UL><LI><a href="#[2bf3a28]">&gt;&gt;</a>&nbsp;&nbsp;&nbsp;__fpl_fcheck_NaN2
</UL>

<P><STRONG><a name="[1f2fb24]"></a>__fpl_inf_fdiv</STRONG> (Thumb, 0 bytes, Stack size unknown bytes, fdiv.o(x$fpl$fdiv), UNUSED)

<P><STRONG><a name="[1f2f9bc]"></a>__aeabi_cfcmpeq</STRONG> (Thumb, 0 bytes, Stack size 0 bytes, feqf.o(x$fpl$feqf))
<BR><BR>[Called By]<UL><LI><a href="#[1f34318]">&gt;&gt;</a>&nbsp;&nbsp;&nbsp;MadgwickAHRSupdate
<LI><a href="#[1f34354]">&gt;&gt;</a>&nbsp;&nbsp;&nbsp;MadgwickAHRSupdateIMU
<LI><a href="#[1f34390]">&gt;&gt;</a>&nbsp;&nbsp;&nbsp;MahonyAHRSupdate
<LI><a href="#[1f343cc]">&gt;&gt;</a>&nbsp;&nbsp;&nbsp;MahonyAHRSupdateIMU
<LI><a href="#[1f3838c]">&gt;&gt;</a>&nbsp;&nbsp;&nbsp;main
</UL>

<P><STRONG><a name="[1f2f980]"></a>_fcmpeq</STRONG> (Thumb, 90 bytes, Stack size 0 bytes, feqf.o(x$fpl$feqf), UNUSED)
<BR><BR>[Calls]<UL><LI><a href="#[2bf3848]">&gt;&gt;</a>&nbsp;&nbsp;&nbsp;__fpl_fcmp_InfNaN
</UL>

<P><STRONG><a name="[1f2f7dc]"></a>__aeabi_f2iz</STRONG> (Thumb, 0 bytes, Stack size 0 bytes, ffix.o(x$fpl$ffix))
<BR><BR>[Called By]<UL><LI><a href="#[1f34354]">&gt;&gt;</a>&nbsp;&nbsp;&nbsp;MadgwickAHRSupdateIMU
<LI><a href="#[1f34390]">&gt;&gt;</a>&nbsp;&nbsp;&nbsp;MahonyAHRSupdate
<LI><a href="#[1f343cc]">&gt;&gt;</a>&nbsp;&nbsp;&nbsp;MahonyAHRSupdateIMU
<LI><a href="#[1f34444]">&gt;&gt;</a>&nbsp;&nbsp;&nbsp;IMU_AHRSupdate
<LI><a href="#[1f34480]">&gt;&gt;</a>&nbsp;&nbsp;&nbsp;IMU
<LI><a href="#[1f38260]">&gt;&gt;</a>&nbsp;&nbsp;&nbsp;IMU_AHRSupdateComPass
</UL>

<P><STRONG><a name="[1f2f7a0]"></a>_ffix</STRONG> (Thumb, 108 bytes, Stack size 0 bytes, ffix.o(x$fpl$ffix), UNUSED)
<BR><BR>[Calls]<UL><LI><a href="#[2bf3938]">&gt;&gt;</a>&nbsp;&nbsp;&nbsp;__fpl_fcheck_NaN1
</UL>

<P><STRONG><a name="[1f2f764]"></a>__fpl_inf_ffix</STRONG> (Thumb, 0 bytes, Stack size unknown bytes, ffix.o(x$fpl$ffix), UNUSED)

<P><STRONG><a name="[1f2f584]"></a>__aeabi_f2uiz</STRONG> (Thumb, 0 bytes, Stack size 0 bytes, ffixu.o(x$fpl$ffixu))
<BR><BR>[Called By]<UL><LI><a href="#[1f37cfc]">&gt;&gt;</a>&nbsp;&nbsp;&nbsp;uart_init
</UL>

<P><STRONG><a name="[1f2f548]"></a>_ffixu</STRONG> (Thumb, 82 bytes, Stack size 0 bytes, ffixu.o(x$fpl$ffixu), UNUSED)
<BR><BR>[Calls]<UL><LI><a href="#[2bf3938]">&gt;&gt;</a>&nbsp;&nbsp;&nbsp;__fpl_fcheck_NaN1
</UL>

<P><STRONG><a name="[1f2f50c]"></a>__fpl_inf_ffixu</STRONG> (Thumb, 0 bytes, Stack size unknown bytes, ffixu.o(x$fpl$ffixu), UNUSED)

<P><STRONG><a name="[1f2f32c]"></a>__aeabi_i2f</STRONG> (Thumb, 0 bytes, Stack size 0 bytes, fflt_clz.o(x$fpl$fflt))
<BR><BR>[Called By]<UL><LI><a href="#[1f34390]">&gt;&gt;</a>&nbsp;&nbsp;&nbsp;MahonyAHRSupdate
<LI><a href="#[1f3838c]">&gt;&gt;</a>&nbsp;&nbsp;&nbsp;main
</UL>

<P><STRONG><a name="[1f2f2f0]"></a>_fflt</STRONG> (Thumb, 50 bytes, Stack size 0 bytes, fflt_clz.o(x$fpl$fflt), UNUSED)

<P><STRONG><a name="[1f2f2b4]"></a>__fflt_normalise</STRONG> (Thumb, 0 bytes, Stack size unknown bytes, fflt_clz.o(x$fpl$fflt), UNUSED)
<BR><BR>[Called By]<UL><LI><a href="#[1f2f23c]">&gt;&gt;</a>&nbsp;&nbsp;&nbsp;_ffltu
</UL>

<P><STRONG><a name="[1f2f278]"></a>__aeabi_ui2f</STRONG> (Thumb, 0 bytes, Stack size 0 bytes, fflt_clz.o(x$fpl$ffltu))
<BR><BR>[Called By]<UL><LI><a href="#[1f37cfc]">&gt;&gt;</a>&nbsp;&nbsp;&nbsp;uart_init
<LI><a href="#[1f3838c]">&gt;&gt;</a>&nbsp;&nbsp;&nbsp;main
</UL>

<P><STRONG><a name="[1f2f23c]"></a>_ffltu</STRONG> (Thumb, 8 bytes, Stack size 0 bytes, fflt_clz.o(x$fpl$ffltu), UNUSED)
<BR><BR>[Calls]<UL><LI><a href="#[1f2f2b4]">&gt;&gt;</a>&nbsp;&nbsp;&nbsp;__fflt_normalise
</UL>

<P><STRONG><a name="[1f2f14c]"></a>__aeabi_cfcmple</STRONG> (Thumb, 0 bytes, Stack size 0 bytes, fleqf.o(x$fpl$fleqf), UNUSED)
<BR><BR>[Called By]<UL><LI><a href="#[1f34318]">&gt;&gt;</a>&nbsp;&nbsp;&nbsp;MadgwickAHRSupdate
<LI><a href="#[1f34354]">&gt;&gt;</a>&nbsp;&nbsp;&nbsp;MadgwickAHRSupdateIMU
<LI><a href="#[1f34390]">&gt;&gt;</a>&nbsp;&nbsp;&nbsp;MahonyAHRSupdate
<LI><a href="#[1f343cc]">&gt;&gt;</a>&nbsp;&nbsp;&nbsp;MahonyAHRSupdateIMU
<LI><a href="#[1f34480]">&gt;&gt;</a>&nbsp;&nbsp;&nbsp;IMU
</UL>

<P><STRONG><a name="[1f2f110]"></a>_fcmple</STRONG> (Thumb, 90 bytes, Stack size 0 bytes, fleqf.o(x$fpl$fleqf), UNUSED)
<BR><BR>[Calls]<UL><LI><a href="#[2bf3848]">&gt;&gt;</a>&nbsp;&nbsp;&nbsp;__fpl_fcmp_InfNaN
</UL>

<P><STRONG><a name="[1f2f020]"></a>__aeabi_fmul</STRONG> (Thumb, 0 bytes, Stack size 0 bytes, fmul.o(x$fpl$fmul))
<BR><BR>[Called By]<UL><LI><a href="#[1f34318]">&gt;&gt;</a>&nbsp;&nbsp;&nbsp;MadgwickAHRSupdate
<LI><a href="#[1f34354]">&gt;&gt;</a>&nbsp;&nbsp;&nbsp;MadgwickAHRSupdateIMU
<LI><a href="#[1f34390]">&gt;&gt;</a>&nbsp;&nbsp;&nbsp;MahonyAHRSupdate
<LI><a href="#[1f343cc]">&gt;&gt;</a>&nbsp;&nbsp;&nbsp;MahonyAHRSupdateIMU
<LI><a href="#[1f34408]">&gt;&gt;</a>&nbsp;&nbsp;&nbsp;invSqrt
<LI><a href="#[1f34444]">&gt;&gt;</a>&nbsp;&nbsp;&nbsp;IMU_AHRSupdate
<LI><a href="#[1f34480]">&gt;&gt;</a>&nbsp;&nbsp;&nbsp;IMU
<LI><a href="#[1f37cfc]">&gt;&gt;</a>&nbsp;&nbsp;&nbsp;uart_init
<LI><a href="#[1f38260]">&gt;&gt;</a>&nbsp;&nbsp;&nbsp;IMU_AHRSupdateComPass
<LI><a href="#[1f3838c]">&gt;&gt;</a>&nbsp;&nbsp;&nbsp;main
</UL>

<P><STRONG><a name="[1f2efe4]"></a>_fmul</STRONG> (Thumb, 258 bytes, Stack size 0 bytes, fmul.o(x$fpl$fmul), UNUSED)
<BR><BR>[Calls]<UL><LI><a href="#[2bf3a28]">&gt;&gt;</a>&nbsp;&nbsp;&nbsp;__fpl_fcheck_NaN2
</UL>

<P><STRONG><a name="[1f2efa8]"></a>__fpl_inf_fmul</STRONG> (Thumb, 0 bytes, Stack size unknown bytes, fmul.o(x$fpl$fmul), UNUSED)

<P><STRONG><a name="[2bf371c]"></a>__fpl_normalise2</STRONG> (Thumb, 74 bytes, Stack size 4 bytes, fnorm2_clz.o(x$fpl$fnorm2), UNUSED)

<P><STRONG><a name="[1f2eeb8]"></a>__aeabi_cfrcmple</STRONG> (Thumb, 0 bytes, Stack size 0 bytes, frleqf.o(x$fpl$frleqf), UNUSED)
<BR><BR>[Called By]<UL><LI><a href="#[1f34390]">&gt;&gt;</a>&nbsp;&nbsp;&nbsp;MahonyAHRSupdate
<LI><a href="#[1f343cc]">&gt;&gt;</a>&nbsp;&nbsp;&nbsp;MahonyAHRSupdateIMU
</UL>

<P><STRONG><a name="[1f2ee7c]"></a>_frcmple</STRONG> (Thumb, 102 bytes, Stack size 0 bytes, frleqf.o(x$fpl$frleqf), UNUSED)
<BR><BR>[Calls]<UL><LI><a href="#[2bf3848]">&gt;&gt;</a>&nbsp;&nbsp;&nbsp;__fpl_fcmp_InfNaN
</UL>

<P><STRONG><a name="[1f2fea8]"></a>__aeabi_frsub</STRONG> (Thumb, 0 bytes, Stack size 0 bytes, faddsub_clz.o(x$fpl$frsb))
<BR><BR>[Called By]<UL><LI><a href="#[1f34318]">&gt;&gt;</a>&nbsp;&nbsp;&nbsp;MadgwickAHRSupdate
<LI><a href="#[1f34354]">&gt;&gt;</a>&nbsp;&nbsp;&nbsp;MadgwickAHRSupdateIMU
<LI><a href="#[1f34408]">&gt;&gt;</a>&nbsp;&nbsp;&nbsp;invSqrt
<LI><a href="#[1f37cfc]">&gt;&gt;</a>&nbsp;&nbsp;&nbsp;uart_init
</UL>

<P><STRONG><a name="[1f2fe6c]"></a>_frsb</STRONG> (Thumb, 20 bytes, Stack size 0 bytes, faddsub_clz.o(x$fpl$frsb), UNUSED)
<BR><BR>[Calls]<UL><LI><a href="#[1f2ff98]">&gt;&gt;</a>&nbsp;&nbsp;&nbsp;_fsub1
<LI><a href="#[1f2ffd4]">&gt;&gt;</a>&nbsp;&nbsp;&nbsp;_fadd1
</UL>

<P><STRONG><a name="[1f2fe30]"></a>__aeabi_fsub</STRONG> (Thumb, 0 bytes, Stack size 0 bytes, faddsub_clz.o(x$fpl$fsub))
<BR><BR>[Called By]<UL><LI><a href="#[1f34318]">&gt;&gt;</a>&nbsp;&nbsp;&nbsp;MadgwickAHRSupdate
<LI><a href="#[1f34354]">&gt;&gt;</a>&nbsp;&nbsp;&nbsp;MadgwickAHRSupdateIMU
<LI><a href="#[1f34390]">&gt;&gt;</a>&nbsp;&nbsp;&nbsp;MahonyAHRSupdate
<LI><a href="#[1f343cc]">&gt;&gt;</a>&nbsp;&nbsp;&nbsp;MahonyAHRSupdateIMU
<LI><a href="#[1f34444]">&gt;&gt;</a>&nbsp;&nbsp;&nbsp;IMU_AHRSupdate
<LI><a href="#[1f34480]">&gt;&gt;</a>&nbsp;&nbsp;&nbsp;IMU
<LI><a href="#[1f38260]">&gt;&gt;</a>&nbsp;&nbsp;&nbsp;IMU_AHRSupdateComPass
</UL>

<P><STRONG><a name="[1f2fdf4]"></a>_fsub</STRONG> (Thumb, 282 bytes, Stack size 0 bytes, faddsub_clz.o(x$fpl$fsub), UNUSED)
<BR><BR>[Calls]<UL><LI><a href="#[1f2ffd4]">&gt;&gt;</a>&nbsp;&nbsp;&nbsp;_fadd1
<LI><a href="#[2bf3a28]">&gt;&gt;</a>&nbsp;&nbsp;&nbsp;__fpl_fcheck_NaN2
</UL>

<P><STRONG><a name="[1f2fdb8]"></a>__fpl_inf_fsub</STRONG> (Thumb, 0 bytes, Stack size unknown bytes, faddsub_clz.o(x$fpl$fsub), UNUSED)

<P><STRONG><a name="[2bf362c]"></a>__funder</STRONG> (Thumb, 132 bytes, Stack size 0 bytes, funder.o(x$fpl$funder), UNUSED)

<P><STRONG><a name="[2bf35f0]"></a>__funder_d</STRONG> (Thumb, 2 bytes, Stack size 0 bytes, funder.o(x$fpl$funder), UNUSED)

<P><STRONG><a name="[2bf1bb0]"></a>__fpl_return_NaN</STRONG> (Thumb, 100 bytes, Stack size 0 bytes, retnan.o(x$fpl$retnan))
<BR><BR>[Calls]<UL><LI><a href="#[2bf1ac0]">&gt;&gt;</a>&nbsp;&nbsp;&nbsp;__fpl_cmpreturn
</UL>
<BR>[Called By]<UL><LI><a href="#[2bf3938]">&gt;&gt;</a>&nbsp;&nbsp;&nbsp;__fpl_fcheck_NaN1
<LI><a href="#[2bf3a28]">&gt;&gt;</a>&nbsp;&nbsp;&nbsp;__fpl_fcheck_NaN2
<LI><a href="#[2bf4004]">&gt;&gt;</a>&nbsp;&nbsp;&nbsp;__fpl_dcheck_NaN1
<LI><a href="#[2bf4130]">&gt;&gt;</a>&nbsp;&nbsp;&nbsp;__fpl_dcheck_NaN2
</UL>

<P><STRONG><a name="[2bf3320]"></a>__ARM_scalbn</STRONG> (Thumb, 0 bytes, Stack size 0 bytes, scalbn.o(x$fpl$scalbn))
<BR><BR>[Called By]<UL><LI><a href="#[1f2e4e0]">&gt;&gt;</a>&nbsp;&nbsp;&nbsp;sin
<LI><a href="#[1f2e738]">&gt;&gt;</a>&nbsp;&nbsp;&nbsp;cos
<LI><a href="#[1f2ec24]">&gt;&gt;</a>&nbsp;&nbsp;&nbsp;asin
<LI><a href="#[2bf2894]">&gt;&gt;</a>&nbsp;&nbsp;&nbsp;__kernel_sin
<LI><a href="#[2bf2a38]">&gt;&gt;</a>&nbsp;&nbsp;&nbsp;__ieee754_rem_pio2
<LI><a href="#[2bf2d80]">&gt;&gt;</a>&nbsp;&nbsp;&nbsp;__kernel_cos
<LI><a href="#[2bf2ee8]">&gt;&gt;</a>&nbsp;&nbsp;&nbsp;atan
</UL>

<P><STRONG><a name="[2bf32e4]"></a>scalbn</STRONG> (Thumb, 96 bytes, Stack size 0 bytes, scalbn.o(x$fpl$scalbn), UNUSED)
<BR><BR>[Calls]<UL><LI><a href="#[2bf4004]">&gt;&gt;</a>&nbsp;&nbsp;&nbsp;__fpl_dcheck_NaN1
</UL>

<P><STRONG><a name="[2bf32a8]"></a>__fpl_inf_scalbn</STRONG> (Thumb, 0 bytes, Stack size unknown bytes, scalbn.o(x$fpl$scalbn), UNUSED)

<P><STRONG><a name="[2bf1ac0]"></a>__fpl_cmpreturn</STRONG> (Thumb, 48 bytes, Stack size 0 bytes, trapv.o(x$fpl$trapveneer))
<BR><BR>[Called By]<UL><LI><a href="#[2bf1bb0]">&gt;&gt;</a>&nbsp;&nbsp;&nbsp;__fpl_return_NaN
<LI><a href="#[2bf3848]">&gt;&gt;</a>&nbsp;&nbsp;&nbsp;__fpl_fcmp_InfNaN
<LI><a href="#[2bf3f14]">&gt;&gt;</a>&nbsp;&nbsp;&nbsp;__fpl_dcmp_InfNaN
</UL>

<P><STRONG><a name="[2bf31b8]"></a>__I$use$fp</STRONG> (Thumb, 0 bytes, Stack size unknown bytes, usenofp.o(x$fpl$usenofp), UNUSED)
<P>
<H3>
Local Symbols
</H3>
<P><STRONG><a name="[1f31078]"></a>_dadd1</STRONG> (Thumb, 0 bytes, Stack size unknown bytes, daddsub_clz.o(x$fpl$dadd), UNUSED)
<BR><BR>[Called By]<UL><LI><a href="#[1f30e98]">&gt;&gt;</a>&nbsp;&nbsp;&nbsp;_dsub
<LI><a href="#[1f30f10]">&gt;&gt;</a>&nbsp;&nbsp;&nbsp;_drsb
</UL>

<P><STRONG><a name="[1f3103c]"></a>_dsub1</STRONG> (Thumb, 0 bytes, Stack size unknown bytes, daddsub_clz.o(x$fpl$dsub), UNUSED)
<BR><BR>[Called By]<UL><LI><a href="#[1f30f10]">&gt;&gt;</a>&nbsp;&nbsp;&nbsp;_drsb
<LI><a href="#[1f30fc4]">&gt;&gt;</a>&nbsp;&nbsp;&nbsp;_dadd
</UL>

<P><STRONG><a name="[1f2ffd4]"></a>_fadd1</STRONG> (Thumb, 0 bytes, Stack size unknown bytes, faddsub_clz.o(x$fpl$fadd), UNUSED)
<BR><BR>[Called By]<UL><LI><a href="#[1f2fdf4]">&gt;&gt;</a>&nbsp;&nbsp;&nbsp;_fsub
<LI><a href="#[1f2fe6c]">&gt;&gt;</a>&nbsp;&nbsp;&nbsp;_frsb
</UL>

<P><STRONG><a name="[1f2ff98]"></a>_fsub1</STRONG> (Thumb, 0 bytes, Stack size unknown bytes, faddsub_clz.o(x$fpl$fsub), UNUSED)
<BR><BR>[Called By]<UL><LI><a href="#[1f2fe6c]">&gt;&gt;</a>&nbsp;&nbsp;&nbsp;_frsb
<LI><a href="#[1f2ff20]">&gt;&gt;</a>&nbsp;&nbsp;&nbsp;_fadd
</UL>

<P><STRONG><a name="[2bf4694]"></a>_printf_input_char</STRONG> (Thumb, 10 bytes, Stack size 0 bytes, _printf_char_common.o(.text))
<BR>[Address Reference Count : 1]<UL><LI> _printf_char_common.o(.text)
</UL><P>
<H3>
Undefined Global Symbols
</H3><HR></body></html>
