ARM Linker, RVCT4.0 [Build 524] for uVision [Professional]

==============================================================================

Section Cross References

    stm32f10x.o(STACK) refers (Special) to heapauxi.o(.text) for __use_two_region_memory
    stm32f10x.o(HEAP) refers (Special) to heapauxi.o(.text) for __use_two_region_memory
    stm32f10x.o(RESET) refers (Special) to heapauxi.o(.text) for __use_two_region_memory
    stm32f10x.o(RESET) refers to stm32f10x.o(STACK) for __initial_sp
    stm32f10x.o(RESET) refers to stm32f10x.o(.text) for Reset_Handler
    stm32f10x.o(RESET) refers to wdg.o(.text) for WWDG_IRQHandler
    stm32f10x.o(RESET) refers to wkup.o(.text) for EXTI0_IRQHandler
    stm32f10x.o(RESET) refers to timer.o(.text) for TIM3_IRQHandler
    stm32f10x.o(RESET) refers to usart.o(.text) for USART1_IRQHandler
    stm32f10x.o(.text) refers (Special) to heapauxi.o(.text) for __use_two_region_memory
    stm32f10x.o(.text) refers to __main.o(!!!main) for __main
    stm32f10x.o(.text) refers to stm32f10x.o(HEAP) for Heap_Mem
    stm32f10x.o(.text) refers to stm32f10x.o(STACK) for Stack_Mem
    test.o(.text) refers to 24l01.o(.text) for NRF24L01_Write_Reg
    test.o(.text) refers to 24cxx.o(.text) for AT24CXX_Init
    test.o(.text) refers to sys.o(.text) for Stm32_Clock_Init
    test.o(.text) refers to delay.o(.text) for delay_init
    test.o(.text) refers to usart.o(.text) for uart_init
    test.o(.text) refers to led.o(.text) for LED_Init
    test.o(.text) refers to key.o(.text) for KEY_Init
    test.o(.text) refers to imu.o(.text) for Element_4_int
    test.o(.text) refers to fflt_clz.o(x$fpl$fflt) for __aeabi_i2f
    test.o(.text) refers to f2d.o(x$fpl$f2d) for __aeabi_f2d
    test.o(.text) refers to ddiv.o(x$fpl$ddiv) for __aeabi_ddiv
    test.o(.text) refers to dmul.o(x$fpl$dmul) for __aeabi_dmul
    test.o(.text) refers to d2f.o(x$fpl$d2f) for __aeabi_d2f
    test.o(.text) refers to fmul.o(x$fpl$fmul) for __aeabi_fmul
    test.o(.text) refers to timer.o(.text) for TIM3_IRQHandler
    test.o(.text) refers to fflt_clz.o(x$fpl$ffltu) for __aeabi_ui2f
    test.o(.text) refers to fdiv.o(x$fpl$fdiv) for __aeabi_fdiv
    test.o(.text) refers to faddsub_clz.o(x$fpl$fadd) for __aeabi_fadd
    test.o(.text) refers to feqf.o(x$fpl$feqf) for __aeabi_cfcmpeq
    test.o(.text) refers to test.o(.data) for time_us
    test.o(.text) refers to usart.o(.data) for USART_RX_STA
    test.o(.text) refers to usart.o(.bss) for USART_RX_BUF
    delay.o(.text) refers to delay.o(.data) for .data
    sys.o(.text) refers to sys.o(.emb_text) for WFI_SET
    usart.o(.text) refers (Special) to use_no_semi_2.o(.text) for __use_no_semihosting
    usart.o(.text) refers to fflt_clz.o(x$fpl$ffltu) for __aeabi_ui2f
    usart.o(.text) refers to fdiv.o(x$fpl$fdiv) for __aeabi_fdiv
    usart.o(.text) refers to ffixu.o(x$fpl$ffixu) for __aeabi_f2uiz
    usart.o(.text) refers to faddsub_clz.o(x$fpl$frsb) for __aeabi_frsub
    usart.o(.text) refers to fmul.o(x$fpl$fmul) for __aeabi_fmul
    usart.o(.text) refers to sys.o(.text) for MY_NVIC_Init
    usart.o(.text) refers to usart.o(.data) for USART_RX_STA
    usart.o(.text) refers to usart.o(.bss) for USART_RX_BUF
    usart.o(.bss) refers (Special) to use_no_semi_2.o(.text) for __use_no_semihosting
    usart.o(.data) refers (Special) to use_no_semi_2.o(.text) for __use_no_semihosting
    key.o(.text) refers to sys.o(.text) for JTAG_Set
    key.o(.text) refers to key.o(.data) for .data
    wdg.o(.text) refers to sys.o(.text) for MY_NVIC_Init
    wdg.o(.text) refers to wdg.o(.data) for WWDG_CNT
    timer.o(.text) refers to sys.o(.text) for MY_NVIC_Init
    timer.o(.text) refers to timer.o(.data) for count_ms
    wkup.o(.text) refers to sys.o(.text) for Sys_Standby
    wkup.o(.text) refers to delay.o(.text) for delay_ms
    imu.o(.text) refers (Special) to _printf_d.o(.ARM.Collect$$_printf_percent$$00000009) for _printf_d
    imu.o(.text) refers (Special) to _printf_dec.o(.text) for _printf_int_dec
    imu.o(.text) refers (Special) to _printf_percent.o(.ARM.Collect$$_printf_percent$$00000000) for _printf_percent
    imu.o(.text) refers (Special) to _printf_pad.o(.text) for _printf_pre_padding
    imu.o(.text) refers to f2d.o(x$fpl$f2d) for __aeabi_f2d
    imu.o(.text) refers to atan2.o(i.atan2) for atan2
    imu.o(.text) refers to d2f.o(x$fpl$d2f) for __aeabi_d2f
    imu.o(.text) refers to fdiv.o(x$fpl$fdiv) for __aeabi_fdiv
    imu.o(.text) refers to asin.o(i.asin) for asin
    imu.o(.text) refers to sin.o(i.sin) for sin
    imu.o(.text) refers to dmul.o(x$fpl$dmul) for __aeabi_dmul
    imu.o(.text) refers to cos.o(i.cos) for cos
    imu.o(.text) refers to daddsub_clz.o(x$fpl$dadd) for __aeabi_dadd
    imu.o(.text) refers to daddsub_clz.o(x$fpl$dsub) for __aeabi_dsub
    imu.o(.text) refers to imu.o(.data) for G0
    imu.o(.text) refers to fmul.o(x$fpl$fmul) for __aeabi_fmul
    imu.o(.text) refers to faddsub_clz.o(x$fpl$fsub) for __aeabi_fsub
[...]
    rtexit2.o(.ARM.Collect$$rtexit$$00000003) refers to libshutdown.o(.ARM.Collect$$libshutdown$$00000000) for __rt_lib_shutdown
    rtexit2.o(.ARM.Collect$$rtexit$$00000004) refers to usart.o(.text) for _sys_exit
    rtexit2.o(.ARM.exidx) refers to rtexit2.o(.ARM.Collect$$rtexit$$00000001) for .ARM.Collect$$rtexit$$00000001
    rtexit2.o(.ARM.exidx) refers to rtexit2.o(.ARM.Collect$$rtexit$$00000002) for .ARM.Collect$$rtexit$$00000002
    rtexit2.o(.ARM.exidx) refers to rtexit2.o(.ARM.Collect$$rtexit$$00000003) for .ARM.Collect$$rtexit$$00000003
    rtexit2.o(.ARM.exidx) refers to rtexit2.o(.ARM.Collect$$rtexit$$00000004) for .ARM.Collect$$rtexit$$00000004
    argv_veneer.o(.emb_text) refers to no_argv.o(.text) for __ARM_get_argv
    _get_argv_nomalloc.o(.text) refers (Special) to hrguard.o(.text) for __heap_region$guard
    _get_argv_nomalloc.o(.text) refers to defsig_rtmem_outer.o(.text) for __rt_SIGRTMEM
    _get_argv_nomalloc.o(.text) refers to sys_command.o(.text) for _sys_command_string
    libshutdown.o(.ARM.Collect$$libshutdown$$00000000) refers (Special) to libshutdown2.o(.ARM.Collect$$libshutdown$$00000006) for __rt_lib_shutdown_fp_trap_1
    libshutdown.o(.ARM.Collect$$libshutdown$$00000000) refers (Special) to libshutdown2.o(.ARM.Collect$$libshutdown$$0000000E) for __rt_lib_shutdown_heap_1
    libshutdown.o(.ARM.Collect$$libshutdown$$00000000) refers (Special) to libshutdown2.o(.ARM.Collect$$libshutdown$$0000000F) for __rt_lib_shutdown_return
    libshutdown.o(.ARM.Collect$$libshutdown$$00000000) refers (Special) to libshutdown2.o(.ARM.Collect$$libshutdown$$00000009) for __rt_lib_shutdown_signal_1
    libshutdown.o(.ARM.Collect$$libshutdown$$00000000) refers (Special) to libshutdown2.o(.ARM.Collect$$libshutdown$$00000003) for __rt_lib_shutdown_stdio_1
    libshutdown.o(.ARM.Collect$$libshutdown$$00000000) refers (Special) to libshutdown2.o(.ARM.Collect$$libshutdown$$0000000B) for __rt_lib_shutdown_user_alloc_1
    sys_command.o(.text) refers (Special) to use_no_semi.o(.text) for __I$use$semihosting
    defsig_rtmem_outer.o(.text) refers to defsig_rtmem_inner.o(.text) for __rt_SIGRTMEM_inner
    defsig_rtmem_outer.o(.text) refers to defsig_exit.o(.text) for __sig_exit
    defsig_rtmem_formal.o(.text) refers to rt_raise.o(.text) for __rt_raise
    rt_raise.o(.text) refers to __raise.o(.text) for __raise
    rt_raise.o(.text) refers to usart.o(.text) for _sys_exit
    defsig_exit.o(.text) refers to usart.o(.text) for _sys_exit
    defsig_rtmem_inner.o(.text) refers to defsig_general.o(.text) for __default_signal_display
    __raise.o(.text) refers to defsig.o(CL$$defsig) for __default_signal_handler
    defsig_general.o(.text) refers to sys_wrch.o(.text) for _ttywrch
    sys_wrch.o(.text) refers (Special) to use_no_semi.o(.text) for __I$use$semihosting
    defsig.o(CL$$defsig) refers to defsig_rtmem_inner.o(.text) for __rt_SIGRTMEM_inner
    defsig_abrt_inner.o(.text) refers to defsig_general.o(.text) for __default_signal_display
    defsig_fpe_inner.o(.text) refers to defsig_general.o(.text) for __default_signal_display
    defsig_rtred_inner.o(.text) refers to defsig_general.o(.text) for __default_signal_display
    defsig_stak_inner.o(.text) refers to defsig_general.o(.text) for __default_signal_display
    defsig_pvfn_inner.o(.text) refers to defsig_general.o(.text) for __default_signal_display
    defsig_cppl_inner.o(.text) refers to defsig_general.o(.text) for __default_signal_display
    defsig_segv_inner.o(.text) refers to defsig_general.o(.text) for __default_signal_display
    defsig_other.o(.text) refers to defsig_general.o(.text) for __default_signal_display


==============================================================================

Removing Unused input sections from the image.

    Removing 24l01.o(.constdata), (10 bytes).

1 unused section(s) (total 10 bytes) removed from the image.

==============================================================================

Image Symbol Table

    Local Symbols

    Symbol Name                              Value     Ov Type        Size  Object(Section)

    ../../angel/boardlib.s                   0x00000000   Number         0  boardshut.o ABSOLUTE
    ../../angel/boardlib.s                   0x00000000   Number         0  boardinit3.o ABSOLUTE
    ../../angel/boardlib.s                   0x00000000   Number         0  boardinit2.o ABSOLUTE
    ../../angel/boardlib.s                   0x00000000   Number         0  boardinit1.o ABSOLUTE
    ../../angel/handlers.s                   0x00000000   Number         0  __scatter_copy.o ABSOLUTE
    ../../angel/handlers.s                   0x00000000   Number         0  __scatter_zi.o ABSOLUTE
    ../../angel/kernel.s                     0x00000000   Number         0  rtentry.o ABSOLUTE
    ../../angel/kernel.s                     0x00000000   Number         0  rtexit2.o ABSOLUTE
    ../../angel/kernel.s                     0x00000000   Number         0  rtexit.o ABSOLUTE
    ../../angel/kernel.s                     0x00000000   Number         0  rtentry4.o ABSOLUTE
    ../../angel/kernel.s                     0x00000000   Number         0  rtentry2.o ABSOLUTE
    ../../angel/rt.s                         0x00000000   Number         0  rt_errno_addr.o ABSOLUTE
    ../../angel/rt.s                         0x00000000   Number         0  rt_raise.o ABSOLUTE
    ../../angel/rt.s                         0x00000000   Number         0  rt_errno_addr_intlibspace.o ABSOLUTE
    ../../angel/scatter.s                    0x00000000   Number         0  __scatter.o ABSOLUTE
    ../../angel/startup.s                    0x00000000   Number         0  __main.o ABSOLUTE
    ../../angel/sys.s                        0x00000000   Number         0  use_no_semi.o ABSOLUTE
    ../../angel/sys.s                        0x00000000   Number         0  use_no_semi_2.o ABSOLUTE
    ../../angel/sys.s                        0x00000000   Number         0  sys_stackheap_outer.o ABSOLUTE
    ../../angel/sys.s                        0x00000000   Number         0  libspace.o ABSOLUTE
    ../../angel/sysapp.c                     0x00000000   Number         0  sys_command.o ABSOLUTE
    ../../angel/sysapp.c                     0x00000000   Number         0  sys_wrch.o ABSOLUTE
    ../../armsys.c                           0x00000000   Number         0  no_argv.o ABSOLUTE
    ../../armsys.c                           0x00000000   Number         0  argv_veneer.o ABSOLUTE
    ../../armsys.c                           0x00000000   Number         0  argv_veneer.o ABSOLUTE
    ../../armsys.c                           0x00000000   Number         0  _get_argv_nomalloc.o ABSOLUTE
    ../../asin.c                             0x00000000   Number         0  asin.o ABSOLUTE
    ../../atan.c                             0x00000000   Number         0  atan.o ABSOLUTE
    ../../atan2.c                            0x00000000   Number         0  atan2.o ABSOLUTE
    ../../cos.c                              0x00000000   Number         0  cos.o ABSOLUTE
    ../../cos_i.c                            0x00000000   Number         0  cos_i.o ABSOLUTE
    ../../d2f.s                              0x00000000   Number         0  d2f.o ABSOLUTE
    ../../daddsub.s                          0x00000000   Number         0  daddsub_clz.o ABSOLUTE
    ../../dcheck.s                           0x00000000   Number         0  dcheck.o ABSOLUTE
    ../../dcheck1.s                          0x00000000   Number         0  dcheck1.o ABSOLUTE
    ../../dcmpin.s                           0x00000000   Number         0  dcmpin.o ABSOLUTE
    ../../ddiv.s                             0x00000000   Number         0  ddiv.o ABSOLUTE
    ../../dfix.s                             0x00000000   Number         0  dfix.o ABSOLUTE
    ../../dflt.s                             0x00000000   Number         0  dflt_clz.o ABSOLUTE
    ../../division_7m.s                      0x00000000   Number         0  rtudiv10.o ABSOLUTE
    ../../dleqf.s                            0x00000000   Number         0  dleqf.o ABSOLUTE
    ../../dmul.s                             0x00000000   Number         0  dmul.o ABSOLUTE
    ../../drem.s                             0x00000000   Number         0  drem_clz.o ABSOLUTE
    ../../drleqf.s                           0x00000000   Number         0  drleqf.o ABSOLUTE
    ../../dsqrt.s                            0x00000000   Number         0  dsqrt.o ABSOLUTE
    ../../dunder.s                           0x00000000   Number         0  dunder.o ABSOLUTE
    ../../f2d.s                              0x00000000   Number         0  f2d.o ABSOLUTE
    ../../faddsub.s                          0x00000000   Number         0  faddsub_clz.o ABSOLUTE
    ../../fcheck.s                           0x00000000   Number         0  fcheck.o ABSOLUTE
    ../../fcheck1.s                          0x00000000   Number         0  fcheck1.o ABSOLUTE
    ../../fcmpin.s                           0x00000000   Number         0  fcmpin.o ABSOLUTE
    ../../fdiv.s                             0x00000000   Number         0  fdiv.o ABSOLUTE
    ../../fenv.c                             0x00000000   Number         0  _rserrno.o ABSOLUTE
    ../../feqf.s                             0x00000000   Number         0  feqf.o ABSOLUTE
    ../../ffix.s                             0x00000000   Number         0  ffix.o ABSOLUTE
    ../../ffixu.s                            0x00000000   Number         0  ffixu.o ABSOLUTE
    ../../fflt.s                             0x00000000   Number         0  fflt_clz.o ABSOLUTE
    ../../fleqf.s                            0x00000000   Number         0  fleqf.o ABSOLUTE
    ../../fmul.s                             0x00000000   Number         0  fmul.o ABSOLUTE
    ../../fnorm2.s                           0x00000000   Number         0  fnorm2_clz.o ABSOLUTE
    ../../fpinit.s                           0x00000000   Number         0  fpinit.o ABSOLUTE
    ../../frleqf.s                           0x00000000   Number         0  frleqf.o ABSOLUTE
    ../../funder.s                           0x00000000   Number         0  funder.o ABSOLUTE
    ../../heapalloc.c                        0x00000000   Number         0  hrguard.o ABSOLUTE
    ../../heapaux.c                          0x00000000   Number         0  heapauxi.o ABSOLUTE
    ../../libinit.s                          0x00000000   Number         0  libshutdown2.o ABSOLUTE
    ../../libinit.s                          0x00000000   Number         0  libshutdown.o ABSOLUTE
    ../../libinit.s                          0x00000000   Number         0  libinit2.o ABSOLUTE
    ../../libinit.s                          0x00000000   Number         0  libinit.o ABSOLUTE
    ../../misc.s                             0x00000000   Number         0  printf_stubs.o ABSOLUTE
    ../../poly.c                             0x00000000   Number         0  poly.o ABSOLUTE
    ../../printf.c                           0x00000000   Number         0  __printf_flags_ss_wp.o ABSOLUTE
    ../../printf.c                           0x00000000   Number         0  __printf_flags_wp.o ABSOLUTE
    ../../printf.c                           0x00000000   Number         0  __printf_wp.o ABSOLUTE
    ../../printf.c                           0x00000000   Number         0  __printf_nopercent.o ABSOLUTE
    ../../printf.c                           0x00000000   Number         0  __printf_flags_ss.o ABSOLUTE
    ../../printf.c                           0x00000000   Number         0  __printf_ss.o ABSOLUTE
    ../../printf.c                           0x00000000   Number         0  __printf_flags.o ABSOLUTE
    ../../printf.c                           0x00000000   Number         0  _printf_dec.o ABSOLUTE
    ../../printf.c                           0x00000000   Number         0  _printf_intcommon.o ABSOLUTE
    ../../printf.c                           0x00000000   Number         0  _printf_pad.o ABSOLUTE
    ../../printf.c                           0x00000000   Number         0  __printf.o ABSOLUTE
    ../../printf.c                           0x00000000   Number         0  _printf_char_common.o ABSOLUTE
    ../../printf.c                           0x00000000   Number         0  noretval__2printf.o ABSOLUTE
    ../../printf.c                           0x00000000   Number         0  __2printf.o ABSOLUTE
    ../../printf.c                           0x00000000   Number         0  __printf_ss_wp.o ABSOLUTE
    ../../printf_percent.s                   0x00000000   Number         0  _printf_d.o ABSOLUTE
    ../../printf_percent.s                   0x00000000   Number         0  _printf_percent.o ABSOLUTE
    ../../printf_percent.s                   0x00000000   Number         0  _printf_percent_end.o ABSOLUTE
    ../../qnan.c                             0x00000000   Number         0  qnan.o ABSOLUTE
    ../../retnan.s                           0x00000000   Number         0  retnan.o ABSOLUTE
    ../../rred.c                             0x00000000   Number         0  rred.o ABSOLUTE
    ../../scalbn.s                           0x00000000   Number         0  scalbn.o ABSOLUTE
    ../../signal.c                           0x00000000   Number         0  defsig_rtmem_formal.o ABSOLUTE
    ../../signal.c                           0x00000000   Number         0  defsig_exit.o ABSOLUTE
    ../../signal.c                           0x00000000   Number         0  defsig_general.o ABSOLUTE
    ../../signal.c                           0x00000000   Number         0  defsig_rtmem_inner.o ABSOLUTE
    ../../signal.c                           0x00000000   Number         0  defsig_rtmem_outer.o ABSOLUTE
    ../../signal.c                           0x00000000   Number         0  __raise.o ABSOLUTE
    ../../signal.c                           0x00000000   Number         0  defsig_stak_inner.o ABSOLUTE
    ../../signal.c                           0x00000000   Number         0  defsig_pvfn_inner.o ABSOLUTE
    ../../signal.c                           0x00000000   Number         0  defsig_fpe_inner.o ABSOLUTE
    ../../signal.c                           0x00000000   Number         0  defsig_cppl_inner.o ABSOLUTE
    ../../signal.c                           0x00000000   Number         0  defsig_rtred_inner.o ABSOLUTE
    ../../signal.c                           0x00000000   Number         0  defsig_other.o ABSOLUTE
    ../../signal.c                           0x00000000   Number         0  defsig_abrt_inner.o ABSOLUTE
    ../../signal.c                           0x00000000   Number         0  defsig_segv_inner.o ABSOLUTE
    ../../signal.s                           0x00000000   Number         0  defsig.o ABSOLUTE
    ../../sin.c                              0x00000000   Number         0  sin.o ABSOLUTE
    ../../sin_i.c                            0x00000000   Number         0  sin_i.o ABSOLUTE
    ../../sqrt.c                             0x00000000   Number         0  sqrt.o ABSOLUTE
    ../../stdio.c                            0x00000000   Number         0  ferror_locked.o ABSOLUTE
    ../../stdio.c                            0x00000000   Number         0  ferror.o ABSOLUTE
    ../../stdlib.c                           0x00000000   Number         0  exit.o ABSOLUTE
    ../../stdlib.c                           0x00000000   Number         0  abs.o ABSOLUTE
    ../../trapv.s                            0x00000000   Number         0  trapv.o ABSOLUTE
    ../../usenofp.s                          0x00000000   Number         0  usenofp.o ABSOLUTE
    ..\HARDWARE\24CXX\24cxx.c                0x00000000   Number         0  24cxx.o ABSOLUTE
    ..\HARDWARE\24CXX\myiic.c                0x00000000   Number         0  myiic.o ABSOLUTE
    ..\HARDWARE\IMU\imu.c                    0x00000000   Number         0  imu.o ABSOLUTE
    ..\HARDWARE\KEY\key.c                    0x00000000   Number         0  key.o ABSOLUTE
    ..\HARDWARE\LED\led.c                    0x00000000   Number         0  led.o ABSOLUTE
    ..\HARDWARE\NRF24L01\24l01.c             0x00000000   Number         0  24l01.o ABSOLUTE
    ..\HARDWARE\SPI\spi.c                    0x00000000   Number         0  spi.o ABSOLUTE
    ..\HARDWARE\TIMER\timer.c                0x00000000   Number         0  timer.o ABSOLUTE
    ..\HARDWARE\WDG\wdg.c                    0x00000000   Number         0  wdg.o ABSOLUTE
    ..\HARDWARE\WKUP\wkup.c                  0x00000000   Number         0  wkup.o ABSOLUTE
    ..\SYSTEM\delay\delay.c                  0x00000000   Number         0  delay.o ABSOLUTE
    ..\SYSTEM\sys\sys.c                      0x00000000   Number         0  sys.o ABSOLUTE
    ..\SYSTEM\usart\usart.c                  0x00000000   Number         0  usart.o ABSOLUTE
    ..\\SYSTEM\\sys\\sys.c                   0x00000000   Number         0  sys.o ABSOLUTE
    STM32F10x.s                              0x00000000   Number         0  stm32f10x.o ABSOLUTE
    dc.s                                     0x00000000   Number         0  dc.o ABSOLUTE
    test.c                                   0x00000000   Number         0  test.o ABSOLUTE
    RESET                                    0x08000000   Section      236  stm32f10x.o(RESET)
    !!!main                                  0x080000ec   Section        8  __main.o(!!!main)
    !!!scatter                               0x080000f4   Section       52  __scatter.o(!!!scatter)
    !!handler_copy                           0x08000128   Section       26  __scatter_copy.o(!!handler_copy)
    !!handler_zi                             0x08000144   Section       28  __scatter_zi.o(!!handler_zi)
    .ARM.Collect$$_printf_percent$$00000000  0x08000160   Section        0  _printf_percent.o(.ARM.Collect$$_printf_percent$$00000000)
    .ARM.Collect$$_printf_percent$$00000009  0x08000160   Section        6  _printf_d.o(.ARM.Collect$$_printf_percent$$00000009)
    .ARM.Collect$$_printf_percent$$00000017  0x08000166   Section        4  _printf_percent_end.o(.ARM.Collect$$_printf_percent$$00000017)
    .ARM.Collect$$libinit$$00000000          0x0800016a   Section        6  libinit.o(.ARM.Collect$$libinit$$00000000)
    .ARM.Collect$$libinit$$00000006          0x08000170   Section        0  libinit2.o(.ARM.Collect$$libinit$$00000006)
    .ARM.Collect$$libinit$$00000008          0x08000170   Section        0  libinit2.o(.ARM.Collect$$libinit$$00000008)
    .ARM.Collect$$libinit$$0000000A          0x08000170   Section        0  libinit2.o(.ARM.Collect$$libinit$$0000000A)
    .ARM.Collect$$libinit$$0000000D          0x08000170   Section        0  libinit2.o(.ARM.Collect$$libinit$$0000000D)
    .ARM.Collect$$libinit$$0000000F          0x08000170   Section        0  libinit2.o(.ARM.Collect$$libinit$$0000000F)
    .ARM.Collect$$libinit$$00000011          0x08000170   Section        0  libinit2.o(.ARM.Collect$$libinit$$00000011)
    .ARM.Collect$$libinit$$00000013          0x08000170   Section        0  libinit2.o(.ARM.Collect$$libinit$$00000013)
    .ARM.Collect$$libinit$$00000015          0x08000170   Section        0  libinit2.o(.ARM.Collect$$libinit$$00000015)
    .ARM.Collect$$libinit$$00000017          0x08000170   Section        0  libinit2.o(.ARM.Collect$$libinit$$00000017)
    .ARM.Collect$$libinit$$00000019          0x08000170   Section        0  libinit2.o(.ARM.Collect$$libinit$$00000019)
    .ARM.Collect$$libinit$$0000001B          0x08000170   Section        0  libinit2.o(.ARM.Collect$$libinit$$0000001B)
    .ARM.Collect$$libinit$$0000001D          0x08000170   Section        0  libinit2.o(.ARM.Collect$$libinit$$0000001D)
    .ARM.Collect$$libinit$$0000001F          0x08000170   Section        0  libinit2.o(.ARM.Collect$$libinit$$0000001F)
    .ARM.Collect$$libinit$$00000021          0x08000170   Section        0  libinit2.o(.ARM.Collect$$libinit$$00000021)
    .ARM.Collect$$libinit$$00000028          0x08000170   Section        0  libinit2.o(.ARM.Collect$$libinit$$00000028)
    .ARM.Collect$$libinit$$0000002A          0x08000170   Section        0  libinit2.o(.ARM.Collect$$libinit$$0000002A)
    .ARM.Collect$$libinit$$0000002C          0x08000170   Section        0  libinit2.o(.ARM.Collect$$libinit$$0000002C)
    .ARM.Collect$$libinit$$0000002E          0x08000170   Section        0  libinit2.o(.ARM.Collect$$libinit$$0000002E)
    .ARM.Collect$$libinit$$0000002F          0x08000170   Section        2  libinit2.o(.ARM.Collect$$libinit$$0000002F)
    .ARM.Collect$$libshutdown$$00000000      0x08000172   Section        2  libshutdown.o(.ARM.Collect$$libshutdown$$00000000)
    .ARM.Collect$$libshutdown$$00000003      0x08000174   Section        0  libshutdown2.o(.ARM.Collect$$libshutdown$$00000003)
    .ARM.Collect$$libshutdown$$00000006      0x08000174   Section        0  libshutdown2.o(.ARM.Collect$$libshutdown$$00000006)
    .ARM.Collect$$libshutdown$$00000009      0x08000174   Section        0  libshutdown2.o(.ARM.Collect$$libshutdown$$00000009)
    .ARM.Collect$$libshutdown$$0000000B      0x08000174   Section        0  libshutdown2.o(.ARM.Collect$$libshutdown$$0000000B)
    .ARM.Collect$$libshutdown$$0000000E      0x08000174   Section        0  libshutdown2.o(.ARM.Collect$$libshutdown$$0000000E)
    .ARM.Collect$$libshutdown$$0000000F      0x08000174   Section        2  libshutdown2.o(.ARM.Collect$$libshutdown$$0000000F)
    .ARM.Collect$$rtentry$$00000000          0x08000176   Section        0  rtentry.o(.ARM.Collect$$rtentry$$00000000)
    .ARM.Collect$$rtentry$$00000002          0x08000176   Section        0  rtentry2.o(.ARM.Collect$$rtentry$$00000002)
    .ARM.Collect$$rtentry$$00000004          0x08000176   Section        6  rtentry4.o(.ARM.Collect$$rtentry$$00000004)
    .ARM.Collect$$rtentry$$00000009          0x0800017c   Section        0  rtentry2.o(.ARM.Collect$$rtentry$$00000009)
    .ARM.Collect$$rtentry$$0000000A          0x0800017c   Section        4  rtentry2.o(.ARM.Collect$$rtentry$$0000000A)
    .ARM.Collect$$rtentry$$0000000C          0x08000180   Section        0  rtentry2.o(.ARM.Collect$$rtentry$$0000000C)
    .ARM.Collect$$rtentry$$0000000D          0x08000180   Section        8  rtentry2.o(.ARM.Collect$$rtentry$$0000000D)
    .ARM.Collect$$rtexit$$00000000           0x08000188   Section        0  rtexit.o(.ARM.Collect$$rtexit$$00000000)
    .ARM.Collect$$rtexit$$00000002           0x08000188   Section        0  rtexit2.o(.ARM.Collect$$rtexit$$00000002)
    .ARM.Collect$$rtexit$$00000003           0x08000188   Section        4  rtexit2.o(.ARM.Collect$$rtexit$$00000003)
    .ARM.Collect$$rtexit$$00000004           0x0800018c   Section        4  rtexit2.o(.ARM.Collect$$rtexit$$00000004)
    .emb_text                                0x08000190   Section        2  sys.o(.emb_text)
    .text                                    0x08000194   Section       52  stm32f10x.o(.text)
    .text                                    0x080001c8   Section     1300  test.o(.text)
    .text                                    0x080006dc   Section      156  delay.o(.text)
    .text                                    0x08000778   Section      740  sys.o(.text)
    .text                                    0x08000a5c   Section      404  usart.o(.text)
    .text                                    0x08000bf0   Section      128  led.o(.text)
    .text                                    0x08000c70   Section      244  key.o(.text)
    .text                                    0x08000d64   Section      272  wdg.o(.text)
    .text                                    0x08000e74   Section      352  timer.o(.text)
    .text                                    0x08000fd4   Section      216  wkup.o(.text)
    .text                                    0x080010ac   Section      384  spi.o(.text)
    .text                                    0x0800122c   Section    21872  imu.o(.text)
    .text                                    0x0800679c   Section      584  24l01.o(.text)
    .text                                    0x080069e4   Section      514  24cxx.o(.text)
    .text                                    0x08006be8   Section      608  myiic.o(.text)
    .text                                    0x08006e48   Section        2  use_no_semi_2.o(.text)
    .text                                    0x08006e4c   Section       32  noretval__2printf.o(.text)
    .text                                    0x08006e6c   Section       76  _printf_pad.o(.text)
    .text                                    0x08006eb8   Section      112  _printf_dec.o(.text)
    .text                                    0x08006f28   Section      328  __printf_flags_wp.o(.text)
    .text                                    0x08007070   Section        8  abs.o(.text)
    .text                                    0x08007078   Section        6  heapauxi.o(.text)
    .text                                    0x0800707e   Section        2  use_no_semi.o(.text)
    .text                                    0x08007080   Section       22  _rserrno.o(.text)
    .text                                    0x08007096   Section      174  _printf_intcommon.o(.text)
    .text                                    0x08007144   Section       48  _printf_char_common.o(.text)
    _printf_input_char                       0x08007145   Thumb Code    10  _printf_char_common.o(.text)
    .text                                    0x08007174   Section       16  rtudiv10.o(.text)
    .text                                    0x08007184   Section       12  rt_errno_addr_intlibspace.o(.text)
    .text                                    0x08007190   Section        8  libspace.o(.text)
    .text                                    0x08007198   Section       74  sys_stackheap_outer.o(.text)
    .text                                    0x080071e2   Section       12  exit.o(.text)
    i.__ieee754_rem_pio2                     0x080071f0   Section      740  rred.o(i.__ieee754_rem_pio2)
    i.__kernel_cos                           0x080074d4   Section      252  cos_i.o(i.__kernel_cos)
    i.__kernel_poly                          0x080075d0   Section      162  poly.o(i.__kernel_poly)
    i.__kernel_sin                           0x08007674   Section      236  sin_i.o(i.__kernel_sin)
    i.asin                                   0x08007760   Section      652  asin.o(i.asin)
    i.atan                                   0x080079ec   Section      552  atan.o(i.atan)
    i.atan2                                  0x08007c14   Section      376  atan2.o(i.atan2)
    i.cos                                    0x08007d8c   Section      156  cos.o(i.cos)
    i.sin                                    0x08007e28   Section      160  sin.o(i.sin)
    i.sqrt                                   0x08007ec8   Section       84  sqrt.o(i.sqrt)
    x$fpl$d2f                                0x08007f1c   Section      148  d2f.o(x$fpl$d2f)
    x$fpl$dadd                               0x08007fb0   Section      440  daddsub_clz.o(x$fpl$dadd)
    _dadd1                                   0x08007fc1   Thumb Code     0  daddsub_clz.o(x$fpl$dadd)
    x$fpl$dcheck                             0x08008168   Section       16  dcheck.o(x$fpl$dcheck)
    x$fpl$dcheck1                            0x08008178   Section       16  dcheck1.o(x$fpl$dcheck1)
    x$fpl$dcmpinfnan                         0x08008188   Section      120  dcmpin.o(x$fpl$dcmpinfnan)
    x$fpl$dcmpinfnan                         0x08008200   Section       88  fcmpin.o(x$fpl$dcmpinfnan)
    x$fpl$ddiv                               0x08008258   Section     1024  ddiv.o(x$fpl$ddiv)
    ddiv_entry                               0x0800825b   Thumb Code     0  ddiv.o(x$fpl$ddiv)
    x$fpl$dfix                               0x08008658   Section      156  dfix.o(x$fpl$dfix)
    x$fpl$dflt                               0x080086f4   Section       44  dflt_clz.o(x$fpl$dflt)
    x$fpl$dleqf                              0x08008720   Section      112  dleqf.o(x$fpl$dleqf)
    x$fpl$dmul                               0x08008790   Section      456  dmul.o(x$fpl$dmul)
    x$fpl$drem                               0x08008958   Section      408  drem_clz.o(x$fpl$drem)
    x$fpl$drleqf                             0x08008af0   Section      136  drleqf.o(x$fpl$drleqf)
    x$fpl$drsb                               0x08008b78   Section       22  daddsub_clz.o(x$fpl$drsb)
    x$fpl$dsqrt                              0x08008b90   Section      324  dsqrt.o(x$fpl$dsqrt)
    x$fpl$dsub                               0x08008cd4   Section      584  daddsub_clz.o(x$fpl$dsub)
    _dsub1                                   0x08008ce5   Thumb Code     0  daddsub_clz.o(x$fpl$dsub)
    x$fpl$dunder                             0x08008f1c   Section      236  dunder.o(x$fpl$dunder)
    x$fpl$f2d                                0x08009008   Section       80  f2d.o(x$fpl$f2d)
    x$fpl$fadd                               0x08009058   Section      256  faddsub_clz.o(x$fpl$fadd)
    _fadd1                                   0x08009067   Thumb Code     0  faddsub_clz.o(x$fpl$fadd)
    x$fpl$fcheck                             0x08009158   Section       12  fcheck.o(x$fpl$fcheck)
    x$fpl$fcheck1                            0x08009164   Section       12  fcheck1.o(x$fpl$fcheck1)
    x$fpl$fdiv                               0x08009170   Section      484  fdiv.o(x$fpl$fdiv)
    _fdiv1                                   0x08009171   Thumb Code     0  fdiv.o(x$fpl$fdiv)
    x$fpl$feqf                               0x08009354   Section       96  feqf.o(x$fpl$feqf)
    x$fpl$ffix                               0x080093b4   Section      112  ffix.o(x$fpl$ffix)
    x$fpl$ffixu                              0x08009424   Section       88  ffixu.o(x$fpl$ffixu)
    x$fpl$fflt                               0x0800947c   Section       50  fflt_clz.o(x$fpl$fflt)
    x$fpl$ffltu                              0x080094ae   Section        8  fflt_clz.o(x$fpl$ffltu)
    x$fpl$fleqf                              0x080094b8   Section       96  fleqf.o(x$fpl$fleqf)
    x$fpl$fmul                               0x08009518   Section      264  fmul.o(x$fpl$fmul)
    x$fpl$fnorm2                             0x08009620   Section       74  fnorm2_clz.o(x$fpl$fnorm2)
    x$fpl$frleqf                             0x0800966c   Section      108  frleqf.o(x$fpl$frleqf)
    x$fpl$frsb                               0x080096d8   Section       20  faddsub_clz.o(x$fpl$frsb)
    x$fpl$fsub                               0x080096ec   Section      292  faddsub_clz.o(x$fpl$fsub)
    _fsub1                                   0x080096fb   Thumb Code     0  faddsub_clz.o(x$fpl$fsub)
    x$fpl$funder                             0x08009810   Section      134  funder.o(x$fpl$funder)
    x$fpl$retnan                             0x08009896   Section      100  retnan.o(x$fpl$retnan)
    x$fpl$scalbn                             0x080098fa   Section       96  scalbn.o(x$fpl$scalbn)
    x$fpl$trapveneer                         0x0800995a   Section       48  trapv.o(x$fpl$trapveneer)
    .constdata                               0x0800998a   Section       17  __printf_flags_wp.o(.constdata)
    x$fpl$usenofp                            0x0800998a   Section        0  usenofp.o(x$fpl$usenofp)
    maptable                                 0x0800998a   Data          17  __printf_flags_wp.o(.constdata)
    .constdata                               0x080099a0   Section       80  asin.o(.constdata)
    pS                                       0x080099a0   Data          48  asin.o(.constdata)
    qS                                       0x080099d0   Data          32  asin.o(.constdata)
    .constdata                               0x080099f0   Section      152  atan.o(.constdata)
    atanhi                                   0x080099f0   Data          32  atan.o(.constdata)
    atanlo                                   0x08009a10   Data          32  atan.o(.constdata)
    aTodd                                    0x08009a30   Data          40  atan.o(.constdata)
    aTeven                                   0x08009a58   Data          48  atan.o(.constdata)
    .constdata                               0x08009a88   Section       48  cos_i.o(.constdata)
    C                                        0x08009a88   Data          48  cos_i.o(.constdata)
    .constdata                               0x08009ab8   Section        8  qnan.o(.constdata)
    .constdata                               0x08009ac0   Section      192  rred.o(.constdata)
    reductions                               0x08009ac0   Data         144  rred.o(.constdata)
    pio2s                                    0x08009b50   Data          48  rred.o(.constdata)
    .constdata                               0x08009b80   Section       40  sin_i.o(.constdata)
    S                                        0x08009b80   Data          40  sin_i.o(.constdata)
    .data                                    0x20000000   Section        8  test.o(.data)
    .data                                    0x20000008   Section        4  delay.o(.data)
    fac_us                                   0x20000008   Data           1  delay.o(.data)
    fac_ms                                   0x2000000a   Data           2  delay.o(.data)
    .data                                    0x2000000c   Section        8  usart.o(.data)
    .data                                    0x20000014   Section        1  key.o(.data)
    key_up                                   0x20000014   Data           1  key.o(.data)
    .data                                    0x20000015   Section        1  wdg.o(.data)
    .data                                    0x20000018   Section        4  timer.o(.data)
    .data                                    0x2000001c   Section      109  imu.o(.data)
    .bss                                     0x2000008c   Section      128  usart.o(.bss)
    .bss                                     0x2000010c   Section       96  libspace.o(.bss)
    HEAP                                     0x20000170   Section        0  stm32f10x.o(HEAP)
    STACK                                    0x20000170   Section      512  stm32f10x.o(STACK)
    Heap_Mem                                 0x20000170   Data           0  stm32f10x.o(HEAP)
    Stack_Mem                                0x20000170   Data         512  stm32f10x.o(STACK)
    __initial_sp                             0x20000370   Data           0  stm32f10x.o(STACK)

    Global Symbols

    Symbol Name                              Value     Ov Type        Size  Object(Section)

    BuildAttributes$$THM_ISAv4$P$D$K$B$S$PE$A:L22UL41UL21$X:L11$S22US41US21$IEEE1$IW$USESV6$~STKCKD$USESV7$~SHL$OSPACE$ROPI$IEEEJ$EBA8$UX$STANDARDLIB$REQ8$PRES8$EABIv2 0x00000000   Number         0  anon$$obj.o ABSOLUTE
    __ARM_use_no_argv                        0x00000000   Number         0  test.o ABSOLUTE
    _printf_flags                            0x00000000   Number         0  printf_stubs.o ABSOLUTE
    _printf_return_value                     0x00000000   Number         0  printf_stubs.o ABSOLUTE
    _printf_sizespec                         0x00000000   Number         0  printf_stubs.o ABSOLUTE
    _printf_widthprec                        0x00000000   Number         0  printf_stubs.o ABSOLUTE
    __ARM_exceptions_init                     - Undefined Weak Reference
    __alloca_initialize                       - Undefined Weak Reference
    __cpp_initialize__aeabi_                  - Undefined Weak Reference
    __cxa_finalize                            - Undefined Weak Reference
    __fpl_infinity                            - Undefined Weak Reference
    __rt_locale                               - Undefined Weak Reference
    __sigvec_lookup                           - Undefined Weak Reference
    _atexit_init                              - Undefined Weak Reference
    _call_atexit_fns                          - Undefined Weak Reference
    _clock_init                               - Undefined Weak Reference
    _fp_trap_init                             - Undefined Weak Reference
    _fp_trap_shutdown                         - Undefined Weak Reference
    _get_lc_collate                           - Undefined Weak Reference
    _get_lc_ctype                             - Undefined Weak Reference
    _get_lc_monetary                          - Undefined Weak Reference
    _get_lc_numeric                           - Undefined Weak Reference
    _get_lc_time                              - Undefined Weak Reference
    _getenv_init                              - Undefined Weak Reference
    _handle_redirection                       - Undefined Weak Reference
    _init_alloc                               - Undefined Weak Reference
    _init_user_alloc                          - Undefined Weak Reference
    _initio                                   - Undefined Weak Reference
    _mutex_acquire                            - Undefined Weak Reference
    _mutex_release                            - Undefined Weak Reference
    _printf_truncate_signed                   - Undefined Weak Reference
    _printf_truncate_unsigned                 - Undefined Weak Reference
    _rand_init                                - Undefined Weak Reference
    _signal_finish                            - Undefined Weak Reference
    _signal_init                              - Undefined Weak Reference
    _terminate_alloc                          - Undefined Weak Reference
    _terminate_user_alloc                     - Undefined Weak Reference
    _terminateio                              - Undefined Weak Reference
    __Vectors                                0x08000000   Data           4  stm32f10x.o(RESET)
    __main                                   0x080000ed   Thumb Code     8  __main.o(!!!main)
    __scatterload                            0x080000f5   Thumb Code     0  __scatter.o(!!!scatter)
    __scatterload_rt2                        0x080000f5   Thumb Code    44  __scatter.o(!!!scatter)
    __scatterload_rt2_thumb_only             0x080000f5   Thumb Code     0  __scatter.o(!!!scatter)
    __scatterload_null                       0x08000103   Thumb Code     0  __scatter.o(!!!scatter)
    __scatterload_copy                       0x08000129   Thumb Code    26  __scatter_copy.o(!!handler_copy)
    __scatterload_zeroinit                   0x08000145   Thumb Code    28  __scatter_zi.o(!!handler_zi)
    _printf_d                                0x08000161   Thumb Code     0  _printf_d.o(.ARM.Collect$$_printf_percent$$00000009)
    _printf_percent                          0x08000161   Thumb Code     0  _printf_percent.o(.ARM.Collect$$_printf_percent$$00000000)
    _printf_percent_end                      0x08000167   Thumb Code     0  _printf_percent_end.o(.ARM.Collect$$_printf_percent$$00000017)
    __rt_lib_init                            0x0800016b   Thumb Code     0  libinit.o(.ARM.Collect$$libinit$$00000000)
    __rt_lib_init_alloca_1                   0x08000171   Thumb Code     0  libinit2.o(.ARM.Collect$$libinit$$0000002A)
    __rt_lib_init_argv_1                     0x08000171   Thumb Code     0  libinit2.o(.ARM.Collect$$libinit$$00000028)
    __rt_lib_init_atexit_1                   0x08000171   Thumb Code     0  libinit2.o(.ARM.Collect$$libinit$$00000017)
    __rt_lib_init_clock_1                    0x08000171   Thumb Code     0  libinit2.o(.ARM.Collect$$libinit$$0000001D)
    __rt_lib_init_cpp_1                      0x08000171   Thumb Code     0  libinit2.o(.ARM.Collect$$libinit$$0000002E)
    __rt_lib_init_exceptions_1               0x08000171   Thumb Code     0  libinit2.o(.ARM.Collect$$libinit$$0000002C)
    __rt_lib_init_fp_trap_1                  0x08000171   Thumb Code     0  libinit2.o(.ARM.Collect$$libinit$$0000001B)
    __rt_lib_init_getenv_1                   0x08000171   Thumb Code     0  libinit2.o(.ARM.Collect$$libinit$$0000001F)
    __rt_lib_init_heap_1                     0x08000171   Thumb Code     0  libinit2.o(.ARM.Collect$$libinit$$00000006)
    __rt_lib_init_lc_collate_1               0x08000171   Thumb Code     0  libinit2.o(.ARM.Collect$$libinit$$0000000D)
    __rt_lib_init_lc_ctype_1                 0x08000171   Thumb Code     0  libinit2.o(.ARM.Collect$$libinit$$0000000F)
    __rt_lib_init_lc_monetary_1              0x08000171   Thumb Code     0  libinit2.o(.ARM.Collect$$libinit$$00000011)
    __rt_lib_init_lc_numeric_1               0x08000171   Thumb Code     0  libinit2.o(.ARM.Collect$$libinit$$00000013)
    __rt_lib_init_lc_time_1                  0x08000171   Thumb Code     0  libinit2.o(.ARM.Collect$$libinit$$00000015)
    __rt_lib_init_rand_1                     0x08000171   Thumb Code     0  libinit2.o(.ARM.Collect$$libinit$$0000000A)
    __rt_lib_init_return                     0x08000171   Thumb Code     0  libinit2.o(.ARM.Collect$$libinit$$0000002F)
    __rt_lib_init_signal_1                   0x08000171   Thumb Code     0  libinit2.o(.ARM.Collect$$libinit$$00000019)
    __rt_lib_init_stdio_1                    0x08000171   Thumb Code     0  libinit2.o(.ARM.Collect$$libinit$$00000021)
    __rt_lib_init_user_alloc_1               0x08000171   Thumb Code     0  libinit2.o(.ARM.Collect$$libinit$$00000008)
    __rt_lib_shutdown                        0x08000173   Thumb Code     0  libshutdown.o(.ARM.Collect$$libshutdown$$00000000)
    __rt_lib_shutdown_fp_trap_1              0x08000175   Thumb Code     0  libshutdown2.o(.ARM.Collect$$libshutdown$$00000006)
    __rt_lib_shutdown_heap_1                 0x08000175   Thumb Code     0  libshutdown2.o(.ARM.Collect$$libshutdown$$0000000E)
    __rt_lib_shutdown_return                 0x08000175   Thumb Code     0  libshutdown2.o(.ARM.Collect$$libshutdown$$0000000F)
    __rt_lib_shutdown_signal_1               0x08000175   Thumb Code     0  libshutdown2.o(.ARM.Collect$$libshutdown$$00000009)
    __rt_lib_shutdown_stdio_1                0x08000175   Thumb Code     0  libshutdown2.o(.ARM.Collect$$libshutdown$$00000003)
    __rt_lib_shutdown_user_alloc_1           0x08000175   Thumb Code     0  libshutdown2.o(.ARM.Collect$$libshutdown$$0000000B)
    __rt_entry                               0x08000177   Thumb Code     0  rtentry.o(.ARM.Collect$$rtentry$$00000000)
    __rt_entry_presh_1                       0x08000177   Thumb Code     0  rtentry2.o(.ARM.Collect$$rtentry$$00000002)
    __rt_entry_sh                            0x08000177   Thumb Code     0  rtentry4.o(.ARM.Collect$$rtentry$$00000004)
    __rt_entry_li                            0x0800017d   Thumb Code     0  rtentry2.o(.ARM.Collect$$rtentry$$0000000A)
    __rt_entry_postsh_1                      0x0800017d   Thumb Code     0  rtentry2.o(.ARM.Collect$$rtentry$$00000009)
    __rt_entry_main                          0x08000181   Thumb Code     0  rtentry2.o(.ARM.Collect$$rtentry$$0000000D)
    __rt_entry_postli_1                      0x08000181   Thumb Code     0  rtentry2.o(.ARM.Collect$$rtentry$$0000000C)
    __rt_exit                                0x08000189   Thumb Code     0  rtexit.o(.ARM.Collect$$rtexit$$00000000)
    __rt_exit_ls                             0x08000189   Thumb Code     0  rtexit2.o(.ARM.Collect$$rtexit$$00000003)
    __rt_exit_prels_1                        0x08000189   Thumb Code     0  rtexit2.o(.ARM.Collect$$rtexit$$00000002)
    __rt_exit_exit                           0x0800018d   Thumb Code     0  rtexit2.o(.ARM.Collect$$rtexit$$00000004)
    WFI_SET                                  0x08000191   Thumb Code     2  sys.o(.emb_text)
    Reset_Handler                            0x08000195   Thumb Code     4  stm32f10x.o(.text)
    NMI_Handler                              0x08000199   Thumb Code     2  stm32f10x.o(.text)
    HardFault_Handler                        0x0800019b   Thumb Code     2  stm32f10x.o(.text)
    MemManage_Handler                        0x0800019d   Thumb Code     2  stm32f10x.o(.text)
    BusFault_Handler                         0x0800019f   Thumb Code     2  stm32f10x.o(.text)
    UsageFault_Handler                       0x080001a1   Thumb Code     2  stm32f10x.o(.text)
    SVC_Handler                              0x080001a3   Thumb Code     2  stm32f10x.o(.text)
    DebugMon_Handler                         0x080001a5   Thumb Code     2  stm32f10x.o(.text)
    PendSV_Handler                           0x080001a7   Thumb Code     2  stm32f10x.o(.text)
    SysTick_Handler                          0x080001a9   Thumb Code     2  stm32f10x.o(.text)
    ADC_IRQHandler                           0x080001ab   Thumb Code     0  stm32f10x.o(.text)
    CAN_RX1_IRQHandler                       0x080001ab   Thumb Code     0  stm32f10x.o(.text)
    CAN_SCE_IRQHandler                       0x080001ab   Thumb Code     0  stm32f10x.o(.text)
    DMAChannel1_IRQHandler                   0x080001ab   Thumb Code     0  stm32f10x.o(.text)
    DMAChannel2_IRQHandler                   0x080001ab   Thumb Code     0  stm32f10x.o(.text)
    DMAChannel3_IRQHandler                   0x080001ab   Thumb Code     0  stm32f10x.o(.text)
    DMAChannel4_IRQHandler                   0x080001ab   Thumb Code     0  stm32f10x.o(.text)
    DMAChannel5_IRQHandler                   0x080001ab   Thumb Code     0  stm32f10x.o(.text)
    DMAChannel6_IRQHandler                   0x080001ab   Thumb Code     0  stm32f10x.o(.text)
    DMAChannel7_IRQHandler                   0x080001ab   Thumb Code     0  stm32f10x.o(.text)
    EXTI15_10_IRQHandler                     0x080001ab   Thumb Code     0  stm32f10x.o(.text)
    EXTI1_IRQHandler                         0x080001ab   Thumb Code     0  stm32f10x.o(.text)
    EXTI2_IRQHandler                         0x080001ab   Thumb Code     0  stm32f10x.o(.text)
    EXTI3_IRQHandler                         0x080001ab   Thumb Code     0  stm32f10x.o(.text)
    EXTI4_IRQHandler                         0x080001ab   Thumb Code     0  stm32f10x.o(.text)
    EXTI9_5_IRQHandler                       0x080001ab   Thumb Code     0  stm32f10x.o(.text)
    FLASH_IRQHandler                         0x080001ab   Thumb Code     0  stm32f10x.o(.text)
    I2C1_ER_IRQHandler                       0x080001ab   Thumb Code     0  stm32f10x.o(.text)
    I2C1_EV_IRQHandler                       0x080001ab   Thumb Code     0  stm32f10x.o(.text)
    I2C2_ER_IRQHandler                       0x080001ab   Thumb Code     0  stm32f10x.o(.text)
    I2C2_EV_IRQHandler                       0x080001ab   Thumb Code     0  stm32f10x.o(.text)
    PVD_IRQHandler                           0x080001ab   Thumb Code     0  stm32f10x.o(.text)
    RCC_IRQHandler                           0x080001ab   Thumb Code     0  stm32f10x.o(.text)
    RTCAlarm_IRQHandler                      0x080001ab   Thumb Code     0  stm32f10x.o(.text)
    RTC_IRQHandler                           0x080001ab   Thumb Code     0  stm32f10x.o(.text)
    SPI1_IRQHandler                          0x080001ab   Thumb Code     0  stm32f10x.o(.text)
    SPI2_IRQHandler                          0x080001ab   Thumb Code     0  stm32f10x.o(.text)
    TAMPER_IRQHandler                        0x080001ab   Thumb Code     0  stm32f10x.o(.text)
    TIM1_BRK_IRQHandler                      0x080001ab   Thumb Code     0  stm32f10x.o(.text)
    TIM1_CC_IRQHandler                       0x080001ab   Thumb Code     0  stm32f10x.o(.text)
    TIM1_TRG_COM_IRQHandler                  0x080001ab   Thumb Code     0  stm32f10x.o(.text)
    TIM1_UP_IRQHandler                       0x080001ab   Thumb Code     0  stm32f10x.o(.text)
    TIM2_IRQHandler                          0x080001ab   Thumb Code     0  stm32f10x.o(.text)
    TIM4_IRQHandler                          0x080001ab   Thumb Code     0  stm32f10x.o(.text)
    USART2_IRQHandler                        0x080001ab   Thumb Code     0  stm32f10x.o(.text)
    USART3_IRQHandler                        0x080001ab   Thumb Code     0  stm32f10x.o(.text)
    USBWakeUp_IRQHandler                     0x080001ab   Thumb Code     0  stm32f10x.o(.text)
    USB_HP_CAN_TX_IRQHandler                 0x080001ab   Thumb Code     0  stm32f10x.o(.text)
    USB_LP_CAN_RX0_IRQHandler                0x080001ab   Thumb Code     0  stm32f10x.o(.text)
    __user_initial_stackheap                 0x080001ad   Thumb Code     0  stm32f10x.o(.text)
    InitMPU9250                              0x080001c9   Thumb Code    64  test.o(.text)
    main                                     0x08000209   Thumb Code  1232  test.o(.text)
    delay_init                               0x080006dd   Thumb Code    46  delay.o(.text)
    delay_ms                                 0x0800070b   Thumb Code    54  delay.o(.text)
    delay_us                                 0x08000741   Thumb Code    52  delay.o(.text)
    MY_NVIC_SetVectorTable                   0x08000779   Thumb Code    12  sys.o(.text)
    MY_NVIC_PriorityGroupConfig              0x08000785   Thumb Code    36  sys.o(.text)
    MY_NVIC_Init                             0x080007a9   Thumb Code   148  sys.o(.text)
    Ex_NVIC_Config                           0x0800083d   Thumb Code   148  sys.o(.text)
    MYRCC_DeInit                             0x080008d1   Thumb Code    90  sys.o(.text)
    Sys_Standby                              0x0800092b   Thumb Code    70  sys.o(.text)
    Sys_Soft_Reset                           0x08000971   Thumb Code    12  sys.o(.text)
    JTAG_Set                                 0x0800097d   Thumb Code    44  sys.o(.text)
    Stm32_Clock_Init                         0x080009a9   Thumb Code   130  sys.o(.text)
    _sys_exit                                0x08000a5d   Thumb Code     6  usart.o(.text)
    fputc                                    0x08000a63   Thumb Code    22  usart.o(.text)
    USART1_IRQHandler                        0x08000a79   Thumb Code   118  usart.o(.text)
    uart_init                                0x08000aef   Thumb Code   226  usart.o(.text)
    LED_Init                                 0x08000bf1   Thumb Code   110  led.o(.text)
    KEY_Init                                 0x08000c71   Thumb Code   102  key.o(.text)
    KEY_Scan                                 0x08000cd7   Thumb Code   114  key.o(.text)
    IWDG_Init                                0x08000d65   Thumb Code    28  wdg.o(.text)
    IWDG_Feed                                0x08000d81   Thumb Code    10  wdg.o(.text)
    WWDG_Init                                0x08000d8b   Thumb Code   124  wdg.o(.text)
    WWDG_Set_Counter                         0x08000e07   Thumb Code    20  wdg.o(.text)
    WWDG_IRQHandler                          0x08000e1b   Thumb Code    60  wdg.o(.text)
    TIM3_IRQHandler                          0x08000e75   Thumb Code    60  timer.o(.text)
    Timerx_Init                              0x08000eb1   Thumb Code   104  timer.o(.text)
    PWM_Init                                 0x08000f19   Thumb Code   162  timer.o(.text)
    Sys_Enter_Standby                        0x08000fd5   Thumb Code    20  wkup.o(.text)
    Check_WKUP                               0x08000fe9   Thumb Code    70  wkup.o(.text)
    EXTI0_IRQHandler                         0x0800102f   Thumb Code    20  wkup.o(.text)
    WKUP_Init                                0x08001043   Thumb Code    86  wkup.o(.text)
    SPIx_ReadWriteByte                       0x080010ad   Thumb Code    66  spi.o(.text)
    SPIx_Init                                0x080010ef   Thumb Code   156  spi.o(.text)
    SPIx_SetSpeed                            0x0800118b   Thumb Code   140  spi.o(.text)
    Element_4_int                            0x0800122d   Thumb Code  1068  imu.o(.text)
    IMU_AHRSupdateComPass                    0x08001659   Thumb Code  3650  imu.o(.text)
    IMU                                      0x0800249b   Thumb Code  2560  imu.o(.text)
    IMU_AHRSupdate                           0x08002e9b   Thumb Code  1530  imu.o(.text)
    invSqrt                                  0x08003495   Thumb Code    76  imu.o(.text)
    MahonyAHRSupdateIMU                      0x080034e1   Thumb Code  2146  imu.o(.text)
    MahonyAHRSupdate                         0x08003d43   Thumb Code  3222  imu.o(.text)
    MadgwickAHRSupdateIMU                    0x080049d9   Thumb Code  2546  imu.o(.text)
    MadgwickAHRSupdate                       0x080053cb   Thumb Code  5034  imu.o(.text)
    NRF24L01_Init                            0x0800679d   Thumb Code    90  24l01.o(.text)
    NRF24L01_Read_Buf                        0x080067f7   Thumb Code    64  24l01.o(.text)
    NRF24L01_Write_Buf                       0x08006837   Thumb Code    62  24l01.o(.text)
    NRF24L01_Check                           0x08006875   Thumb Code    72  24l01.o(.text)
    NRF24L01_Write_Reg                       0x080068bd   Thumb Code    50  24l01.o(.text)
    NRF24L01_Read_Reg                        0x080068ef   Thumb Code    50  24l01.o(.text)
    NRF24L01_TxPacket                        0x08006921   Thumb Code    94  24l01.o(.text)
    NRF24L01_RxPacket                        0x0800697f   Thumb Code    58  24l01.o(.text)
    AT24CXX_Init                             0x080069e5   Thumb Code     8  24cxx.o(.text)
    AT24CXX_ReadOneByte                      0x080069ed   Thumb Code    90  24cxx.o(.text)
    IIC_ReadOneByte                          0x08006a47   Thumb Code    68  24cxx.o(.text)
    AT24CXX_WriteOneByte                     0x08006a8b   Thumb Code    82  24cxx.o(.text)
    IIC_WriteOneByte                         0x08006add   Thumb Code    64  24cxx.o(.text)
    AT24CXX_WriteLenByte                     0x08006b1d   Thumb Code    42  24cxx.o(.text)
    AT24CXX_ReadLenByte                      0x08006b47   Thumb Code    44  24cxx.o(.text)
    AT24CXX_Check                            0x08006b73   Thumb Code    46  24cxx.o(.text)
    AT24CXX_Read                             0x08006ba1   Thumb Code    34  24cxx.o(.text)
    AT24CXX_Write                            0x08006bc3   Thumb Code    36  24cxx.o(.text)
    IIC_Init                                 0x08006be9   Thumb Code    46  myiic.o(.text)
    IIC_Start                                0x08006c17   Thumb Code    64  myiic.o(.text)
    IIC_Stop                                 0x08006c57   Thumb Code    66  myiic.o(.text)
    IIC_Wait_Ack                             0x08006c99   Thumb Code    84  myiic.o(.text)
    IIC_Ack                                  0x08006ced   Thumb Code    70  myiic.o(.text)
    IIC_NAck                                 0x08006d33   Thumb Code    70  myiic.o(.text)
    IIC_Send_Byte                            0x08006d79   Thumb Code    92  myiic.o(.text)
    IIC_Read_Byte                            0x08006dd5   Thumb Code   100  myiic.o(.text)
    __use_no_semihosting                     0x08006e49   Thumb Code     2  use_no_semi_2.o(.text)
    __2printf                                0x08006e4d   Thumb Code    24  noretval__2printf.o(.text)
    _printf_pre_padding                      0x08006e6d   Thumb Code    42  _printf_pad.o(.text)
    _printf_post_padding                     0x08006e97   Thumb Code    34  _printf_pad.o(.text)
    _printf_int_dec                          0x08006eb9   Thumb Code    96  _printf_dec.o(.text)
    __printf                                 0x08006f29   Thumb Code   324  __printf_flags_wp.o(.text)
    abs                                      0x08007071   Thumb Code     8  abs.o(.text)
    __use_two_region_memory                  0x08007079   Thumb Code     2  heapauxi.o(.text)
    __rt_heap_escrow$2region                 0x0800707b   Thumb Code     2  heapauxi.o(.text)
    __rt_heap_expand$2region                 0x0800707d   Thumb Code     2  heapauxi.o(.text)
    __I$use$semihosting                      0x0800707f   Thumb Code     0  use_no_semi.o(.text)
    __use_no_semihosting_swi                 0x0800707f   Thumb Code     2  use_no_semi.o(.text)
    __read_errno                             0x08007081   Thumb Code    10  _rserrno.o(.text)
    __set_errno                              0x0800708b   Thumb Code    12  _rserrno.o(.text)
    _printf_int_common                       0x08007097   Thumb Code   174  _printf_intcommon.o(.text)
    _printf_char_common                      0x0800714f   Thumb Code    34  _printf_char_common.o(.text)
    __rt_udiv10                              0x08007175   Thumb Code    16  rtudiv10.o(.text)
    __aeabi_errno_addr                       0x08007185   Thumb Code    12  rt_errno_addr_intlibspace.o(.text)
    __errno$intlibspace                      0x08007185   Thumb Code     0  rt_errno_addr_intlibspace.o(.text)
    __rt_errno_addr$intlibspace              0x08007185   Thumb Code     0  rt_errno_addr_intlibspace.o(.text)
    __user_libspace                          0x08007191   Thumb Code     8  libspace.o(.text)
    __user_perproc_libspace                  0x08007191   Thumb Code     0  libspace.o(.text)
    __user_perthread_libspace                0x08007191   Thumb Code     0  libspace.o(.text)
    __user_setup_stackheap                   0x08007199   Thumb Code    74  sys_stackheap_outer.o(.text)
    exit                                     0x080071e3   Thumb Code    12  exit.o(.text)
    __ieee754_rem_pio2                       0x080071f1   Thumb Code   642  rred.o(i.__ieee754_rem_pio2)
    __kernel_cos                             0x080074d5   Thumb Code   222  cos_i.o(i.__kernel_cos)
    __kernel_poly                            0x080075d1   Thumb Code   162  poly.o(i.__kernel_poly)
    __kernel_sin                             0x08007675   Thumb Code   222  sin_i.o(i.__kernel_sin)
    asin                                     0x08007761   Thumb Code   582  asin.o(i.asin)
    atan                                     0x080079ed   Thumb Code   474  atan.o(i.atan)
    atan2                                    0x08007c15   Thumb Code   306  atan2.o(i.atan2)
    cos                                      0x08007d8d   Thumb Code   130  cos.o(i.cos)
    sin                                      0x08007e29   Thumb Code   136  sin.o(i.sin)
    sqrt                                     0x08007ec9   Thumb Code    62  sqrt.o(i.sqrt)
    __aeabi_d2f                              0x08007f1d   Thumb Code     0  d2f.o(x$fpl$d2f)
    _d2f                                     0x08007f1d   Thumb Code   142  d2f.o(x$fpl$d2f)
    __fpl_inf_d2f                            0x08007fa5   Thumb Code     0  d2f.o(x$fpl$d2f)
    __aeabi_dadd                             0x08007fb1   Thumb Code     0  daddsub_clz.o(x$fpl$dadd)
    _dadd                                    0x08007fb1   Thumb Code   424  daddsub_clz.o(x$fpl$dadd)
    __fpl_inf_dadd                           0x08008123   Thumb Code     0  daddsub_clz.o(x$fpl$dadd)
    __fpl_dcheck_NaN2                        0x08008169   Thumb Code    10  dcheck.o(x$fpl$dcheck)
    __fpl_dcheck_NaN1                        0x08008179   Thumb Code    10  dcheck1.o(x$fpl$dcheck1)
    __fpl_dcmp_InfNaN                        0x08008189   Thumb Code   120  dcmpin.o(x$fpl$dcmpinfnan)
    __fpl_inf_dcmp                           0x080081ab   Thumb Code     0  dcmpin.o(x$fpl$dcmpinfnan)
    __fpl_fcmp_InfNaN                        0x08008201   Thumb Code    88  fcmpin.o(x$fpl$dcmpinfnan)
    __fpl_inf_fcmp                           0x08008215   Thumb Code     0  fcmpin.o(x$fpl$dcmpinfnan)
    __aeabi_ddiv                             0x08008259   Thumb Code     0  ddiv.o(x$fpl$ddiv)
    _ddiv                                    0x08008259   Thumb Code   428  ddiv.o(x$fpl$ddiv)
    __fpl_inf_ddiv                           0x080083cd   Thumb Code     0  ddiv.o(x$fpl$ddiv)
    _ddiv_mantissas                          0x08008405   Thumb Code   324  ddiv.o(x$fpl$ddiv)
    __aeabi_d2iz                             0x08008659   Thumb Code     0  dfix.o(x$fpl$dfix)
    _dfix                                    0x08008659   Thumb Code   150  dfix.o(x$fpl$dfix)
    __fpl_inf_dfix                           0x080086e5   Thumb Code     0  dfix.o(x$fpl$dfix)
    __aeabi_i2d                              0x080086f5   Thumb Code     0  dflt_clz.o(x$fpl$dflt)
    _dflt                                    0x080086f5   Thumb Code    44  dflt_clz.o(x$fpl$dflt)
    __dflt_normalise                         0x08008703   Thumb Code     0  dflt_clz.o(x$fpl$dflt)
    __aeabi_cdcmple                          0x08008721   Thumb Code     0  dleqf.o(x$fpl$dleqf)
    _dcmple                                  0x08008721   Thumb Code   106  dleqf.o(x$fpl$dleqf)
    __aeabi_dmul                             0x08008791   Thumb Code     0  dmul.o(x$fpl$dmul)
    _dmul                                    0x08008791   Thumb Code   440  dmul.o(x$fpl$dmul)
    __fpl_inf_dmul                           0x0800891b   Thumb Code     0  dmul.o(x$fpl$dmul)
    _drem                                    0x08008959   Thumb Code   396  drem_clz.o(x$fpl$drem)
    __fpl_inf_drem                           0x08008ab5   Thumb Code     0  drem_clz.o(x$fpl$drem)
    __aeabi_cdrcmple                         0x08008af1   Thumb Code     0  drleqf.o(x$fpl$drleqf)
    _drcmple                                 0x08008af1   Thumb Code   130  drleqf.o(x$fpl$drleqf)
    __aeabi_drsub                            0x08008b79   Thumb Code     0  daddsub_clz.o(x$fpl$drsb)
    _drsb                                    0x08008b79   Thumb Code    22  daddsub_clz.o(x$fpl$drsb)
    _dsqrt                                   0x08008b91   Thumb Code   316  dsqrt.o(x$fpl$dsqrt)
    __fpl_inf_dsqrt                          0x08008cb9   Thumb Code     0  dsqrt.o(x$fpl$dsqrt)
    __aeabi_dsub                             0x08008cd5   Thumb Code     0  daddsub_clz.o(x$fpl$dsub)
    _dsub                                    0x08008cd5   Thumb Code   572  daddsub_clz.o(x$fpl$dsub)
    __fpl_inf_dsub                           0x08008ed9   Thumb Code     0  daddsub_clz.o(x$fpl$dsub)
    __dunder                                 0x08008f1d   Thumb Code   234  dunder.o(x$fpl$dunder)
    __dunder_d                               0x08009007   Thumb Code     2  dunder.o(x$fpl$dunder)
    __aeabi_f2d                              0x08009009   Thumb Code     0  f2d.o(x$fpl$f2d)
    _f2d                                     0x08009009   Thumb Code    76  f2d.o(x$fpl$f2d)
    __fpl_inf_f2d                            0x0800904d   Thumb Code     0  f2d.o(x$fpl$f2d)
    __aeabi_fadd                             0x08009059   Thumb Code     0  faddsub_clz.o(x$fpl$fadd)
    _fadd                                    0x08009059   Thumb Code   248  faddsub_clz.o(x$fpl$fadd)
    __fpl_inf_fadd                           0x08009133   Thumb Code     0  faddsub_clz.o(x$fpl$fadd)
    __fpl_fcheck_NaN2                        0x08009159   Thumb Code     6  fcheck.o(x$fpl$fcheck)
    __fpl_fcheck_NaN1                        0x08009165   Thumb Code     6  fcheck1.o(x$fpl$fcheck1)
    __aeabi_fdiv                             0x08009171   Thumb Code     0  fdiv.o(x$fpl$fdiv)
    _fdiv                                    0x08009171   Thumb Code   476  fdiv.o(x$fpl$fdiv)
    __fpl_inf_fdiv                           0x08009315   Thumb Code     0  fdiv.o(x$fpl$fdiv)
    __aeabi_cfcmpeq                          0x08009355   Thumb Code     0  feqf.o(x$fpl$feqf)
    _fcmpeq                                  0x08009355   Thumb Code    90  feqf.o(x$fpl$feqf)
    __aeabi_f2iz                             0x080093b5   Thumb Code     0  ffix.o(x$fpl$ffix)
    _ffix                                    0x080093b5   Thumb Code   108  ffix.o(x$fpl$ffix)
    __fpl_inf_ffix                           0x08009417   Thumb Code     0  ffix.o(x$fpl$ffix)
    __aeabi_f2uiz                            0x08009425   Thumb Code     0  ffixu.o(x$fpl$ffixu)
    _ffixu                                   0x08009425   Thumb Code    82  ffixu.o(x$fpl$ffixu)
    __fpl_inf_ffixu                          0x08009471   Thumb Code     0  ffixu.o(x$fpl$ffixu)
    __aeabi_i2f                              0x0800947d   Thumb Code     0  fflt_clz.o(x$fpl$fflt)
    _fflt                                    0x0800947d   Thumb Code    50  fflt_clz.o(x$fpl$fflt)
    __fflt_normalise                         0x08009489   Thumb Code     0  fflt_clz.o(x$fpl$fflt)
    __aeabi_ui2f                             0x080094af   Thumb Code     0  fflt_clz.o(x$fpl$ffltu)
    _ffltu                                   0x080094af   Thumb Code     8  fflt_clz.o(x$fpl$ffltu)
    __aeabi_cfcmple                          0x080094b9   Thumb Code     0  fleqf.o(x$fpl$fleqf)
    _fcmple                                  0x080094b9   Thumb Code    90  fleqf.o(x$fpl$fleqf)
    __aeabi_fmul                             0x08009519   Thumb Code     0  fmul.o(x$fpl$fmul)
    _fmul                                    0x08009519   Thumb Code   258  fmul.o(x$fpl$fmul)
    __fpl_inf_fmul                           0x08009605   Thumb Code     0  fmul.o(x$fpl$fmul)
    __fpl_normalise2                         0x08009621   Thumb Code    74  fnorm2_clz.o(x$fpl$fnorm2)
    __aeabi_cfrcmple                         0x0800966d   Thumb Code     0  frleqf.o(x$fpl$frleqf)
    _frcmple                                 0x0800966d   Thumb Code   102  frleqf.o(x$fpl$frleqf)
    __aeabi_frsub                            0x080096d9   Thumb Code     0  faddsub_clz.o(x$fpl$frsb)
    _frsb                                    0x080096d9   Thumb Code    20  faddsub_clz.o(x$fpl$frsb)
    __aeabi_fsub                             0x080096ed   Thumb Code     0  faddsub_clz.o(x$fpl$fsub)
    _fsub                                    0x080096ed   Thumb Code   282  faddsub_clz.o(x$fpl$fsub)
    __fpl_inf_fsub                           0x080097e7   Thumb Code     0  faddsub_clz.o(x$fpl$fsub)
    __funder                                 0x08009811   Thumb Code   132  funder.o(x$fpl$funder)
    __funder_d                               0x08009895   Thumb Code     2  funder.o(x$fpl$funder)
    __fpl_return_NaN                         0x08009897   Thumb Code   100  retnan.o(x$fpl$retnan)
    __ARM_scalbn                             0x080098fb   Thumb Code     0  scalbn.o(x$fpl$scalbn)
    scalbn                                   0x080098fb   Thumb Code    96  scalbn.o(x$fpl$scalbn)
    __fpl_inf_scalbn                         0x08009959   Thumb Code     0  scalbn.o(x$fpl$scalbn)
    __fpl_cmpreturn                          0x0800995b   Thumb Code    48  trapv.o(x$fpl$trapveneer)
    __I$use$fp                               0x0800998b   Thumb Code     0  usenofp.o(x$fpl$usenofp)
    __mathlib_zero                           0x08009ab8   Data           8  qnan.o(.constdata)
    Region$$Table$$Base                      0x08009ba8   Number         0  anon$$obj.o(Region$$Table)
    Region$$Table$$Limit                     0x08009bc8   Number         0  anon$$obj.o(Region$$Table)
    aaa                                      0x20000000   Data           1  test.o(.data)
    bbb                                      0x20000001   Data           1  test.o(.data)
    ccc                                      0x20000002   Data           1  test.o(.data)
    ddd                                      0x20000003   Data           1  test.o(.data)
    time_us                                  0x20000004   Data           2  test.o(.data)
    time_ms                                  0x20000006   Data           2  test.o(.data)
    USART_RX_STA                             0x2000000c   Data           1  usart.o(.data)
    flagw                                    0x2000000d   Data           1  usart.o(.data)
    __stdout                                 0x20000010   Data           4  usart.o(.data)
    WWDG_CNT                                 0x20000015   Data           1  wdg.o(.data)
    count_ms                                 0x20000018   Data           4  timer.o(.data)
    beta                                     0x2000001c   Data           4  imu.o(.data)
    twoKp                                    0x20000020   Data           4  imu.o(.data)
    twoKi                                    0x20000024   Data           4  imu.o(.data)
    integralFBx                              0x20000028   Data           4  imu.o(.data)
    integralFBy                              0x2000002c   Data           4  imu.o(.data)
    integralFBz                              0x20000030   Data           4  imu.o(.data)
    q0                                       0x20000034   Data           4  imu.o(.data)
    q1                                       0x20000038   Data           4  imu.o(.data)
    q2                                       0x2000003c   Data           4  imu.o(.data)
    q3                                       0x20000040   Data           4  imu.o(.data)
    q0r                                      0x20000044   Data           4  imu.o(.data)
    q1r                                      0x20000048   Data           4  imu.o(.data)
    q2r                                      0x2000004c   Data           4  imu.o(.data)
    q3r                                      0x20000050   Data           4  imu.o(.data)
    exInt                                    0x20000054   Data           4  imu.o(.data)
    eyInt                                    0x20000058   Data           4  imu.o(.data)
    ezInt                                    0x2000005c   Data           4  imu.o(.data)
    G0                                       0x20000060   Data           4  imu.o(.data)
    w1                                       0x20000064   Data           4  imu.o(.data)
    w2                                       0x20000068   Data           4  imu.o(.data)
    w3                                       0x2000006c   Data           4  imu.o(.data)
    Pitch                                    0x20000070   Data           4  imu.o(.data)
    Rool                                     0x20000074   Data           4  imu.o(.data)
    Yaw                                      0x20000078   Data           4  imu.o(.data)
    Pitch_angle                              0x2000007c   Data           2  imu.o(.data)
    Rool_angle                               0x2000007e   Data           2  imu.o(.data)
    Yaw_angle                                0x20000080   Data           2  imu.o(.data)
    Yaw_JZ                                   0x20000084   Data           4  imu.o(.data)
    key_num                                  0x20000088   Data           1  imu.o(.data)
    USART_RX_BUF                             0x2000008c   Data         128  usart.o(.bss)
    __libspace_start                         0x2000010c   Data          96  libspace.o(.bss)
    __temporary_stack_top$libspace           0x2000016c   Data           0  libspace.o(.bss)



==============================================================================

Memory Map of the image

  Image Entry point : 0x080000ed

  Load Region LR_IROM1 (Base: 0x08000000, Size: 0x00009c54, Max: 0x00020000, ABSOLUTE)

    Execution Region ER_IROM1 (Base: 0x08000000, Size: 0x00009bc8, Max: 0x00020000, ABSOLUTE)

    Base Addr    Size         Type   Attr      Idx    E Section Name        Object

    0x08000000   0x000000ec   Data   RO            3    RESET               stm32f10x.o
    0x080000ec   0x00000008   Code   RO          412  * !!!main             __main.o(c_w.l)
    0x080000f4   0x00000034   Code   RO          718    !!!scatter          __scatter.o(c_w.l)
    0x08000128   0x0000001a   Code   RO          720    !!handler_copy      __scatter_copy.o(c_w.l)
    0x08000142   0x00000002   PAD
    0x08000144   0x0000001c   Code   RO          722    !!handler_zi        __scatter_zi.o(c_w.l)
    0x08000160   0x00000000   Code   RO          407    .ARM.Collect$$_printf_percent$$00000000  _printf_percent.o(c_w.l)
    0x08000160   0x00000006   Code   RO          406    .ARM.Collect$$_printf_percent$$00000009  _printf_d.o(c_w.l)
    0x08000166   0x00000004   Code   RO          501    .ARM.Collect$$_printf_percent$$00000017  _printf_percent_end.o(c_w.l)
    0x0800016a   0x00000006   Code   RO          600    .ARM.Collect$$libinit$$00000000  libinit.o(c_w.l)
    0x08000170   0x00000000   Code   RO          605    .ARM.Collect$$libinit$$00000006  libinit2.o(c_w.l)
    0x08000170   0x00000000   Code   RO          607    .ARM.Collect$$libinit$$00000008  libinit2.o(c_w.l)
    0x08000170   0x00000000   Code   RO          609    .ARM.Collect$$libinit$$0000000A  libinit2.o(c_w.l)
    0x08000170   0x00000000   Code   RO          612    .ARM.Collect$$libinit$$0000000D  libinit2.o(c_w.l)
    0x08000170   0x00000000   Code   RO          614    .ARM.Collect$$libinit$$0000000F  libinit2.o(c_w.l)
    0x08000170   0x00000000   Code   RO          616    .ARM.Collect$$libinit$$00000011  libinit2.o(c_w.l)
    0x08000170   0x00000000   Code   RO          618    .ARM.Collect$$libinit$$00000013  libinit2.o(c_w.l)
    0x08000170   0x00000000   Code   RO          620    .ARM.Collect$$libinit$$00000015  libinit2.o(c_w.l)
    0x08000170   0x00000000   Code   RO          622    .ARM.Collect$$libinit$$00000017  libinit2.o(c_w.l)
    0x08000170   0x00000000   Code   RO          624    .ARM.Collect$$libinit$$00000019  libinit2.o(c_w.l)
    0x08000170   0x00000000   Code   RO          626    .ARM.Collect$$libinit$$0000001B  libinit2.o(c_w.l)
    0x08000170   0x00000000   Code   RO          628    .ARM.Collect$$libinit$$0000001D  libinit2.o(c_w.l)
    0x08000170   0x00000000   Code   RO          630    .ARM.Collect$$libinit$$0000001F  libinit2.o(c_w.l)
    0x08000170   0x00000000   Code   RO          632    .ARM.Collect$$libinit$$00000021  libinit2.o(c_w.l)
    0x08000170   0x00000000   Code   RO          636    .ARM.Collect$$libinit$$00000028  libinit2.o(c_w.l)
    0x08000170   0x00000000   Code   RO          638    .ARM.Collect$$libinit$$0000002A  libinit2.o(c_w.l)
    0x08000170   0x00000000   Code   RO          640    .ARM.Collect$$libinit$$0000002C  libinit2.o(c_w.l)
    0x08000170   0x00000000   Code   RO          642    .ARM.Collect$$libinit$$0000002E  libinit2.o(c_w.l)
    0x08000170   0x00000002   Code   RO          643    .ARM.Collect$$libinit$$0000002F  libinit2.o(c_w.l)
    0x08000172   0x00000002   Code   RO          662    .ARM.Collect$$libshutdown$$00000000  libshutdown.o(c_w.l)
    0x08000174   0x00000000   Code   RO          673    .ARM.Collect$$libshutdown$$00000003  libshutdown2.o(c_w.l)
    0x08000174   0x00000000   Code   RO          676    .ARM.Collect$$libshutdown$$00000006  libshutdown2.o(c_w.l)
    0x08000174   0x00000000   Code   RO          679    .ARM.Collect$$libshutdown$$00000009  libshutdown2.o(c_w.l)
    0x08000174   0x00000000   Code   RO          681    .ARM.Collect$$libshutdown$$0000000B  libshutdown2.o(c_w.l)
    0x08000174   0x00000000   Code   RO          684    .ARM.Collect$$libshutdown$$0000000E  libshutdown2.o(c_w.l)
    0x08000174   0x00000002   Code   RO          685    .ARM.Collect$$libshutdown$$0000000F  libshutdown2.o(c_w.l)
    0x08000176   0x00000000   Code   RO          493    .ARM.Collect$$rtentry$$00000000  rtentry.o(c_w.l)
    0x08000176   0x00000000   Code   RO          557    .ARM.Collect$$rtentry$$00000002  rtentry2.o(c_w.l)
    0x08000176   0x00000006   Code   RO          572    .ARM.Collect$$rtentry$$00000004  rtentry4.o(c_w.l)
    0x0800017c   0x00000000   Code   RO          559    .ARM.Collect$$rtentry$$00000009  rtentry2.o(c_w.l)
    0x0800017c   0x00000004   Code   RO          560    .ARM.Collect$$rtentry$$0000000A  rtentry2.o(c_w.l)
    0x08000180   0x00000000   Code   RO          562    .ARM.Collect$$rtentry$$0000000C  rtentry2.o(c_w.l)
    0x08000180   0x00000008   Code   RO          563    .ARM.Collect$$rtentry$$0000000D  rtentry2.o(c_w.l)
    0x08000188   0x00000000   Code   RO          601    .ARM.Collect$$rtexit$$00000000  rtexit.o(c_w.l)
    0x08000188   0x00000000   Code   RO          647    .ARM.Collect$$rtexit$$00000002  rtexit2.o(c_w.l)
    0x08000188   0x00000004   Code   RO          648    .ARM.Collect$$rtexit$$00000003  rtexit2.o(c_w.l)
    0x0800018c   0x00000004   Code   RO          649    .ARM.Collect$$rtexit$$00000004  rtexit2.o(c_w.l)
    0x08000190   0x00000002   Code   RO          196    .emb_text           sys.o
    0x08000192   0x00000002   PAD
    0x08000194   0x00000034   Code   RO            4    .text               stm32f10x.o
    0x080001c8   0x00000514   Code   RO           10    .text               test.o
    0x080006dc   0x0000009c   Code   RO          182    .text               delay.o
    0x08000778   0x000002e4   Code   RO          197    .text               sys.o
    0x08000a5c   0x00000194   Code   RO          212    .text               usart.o
    0x08000bf0   0x00000080   Code   RO          235    .text               led.o
    0x08000c70   0x000000f4   Code   RO          247    .text               key.o
    0x08000d64   0x00000110   Code   RO          260    .text               wdg.o
    0x08000e74   0x00000160   Code   RO          275    .text               timer.o
    0x08000fd4   0x000000d8   Code   RO          290    .text               wkup.o
    0x080010ac   0x00000180   Code   RO          302    .text               spi.o
    0x0800122c   0x00005570   Code   RO          317    .text               imu.o
    0x0800679c   0x00000248   Code   RO          332    .text               24l01.o
    0x080069e4   0x00000202   Code   RO          350    .text               24cxx.o
    0x08006be6   0x00000002   PAD
    0x08006be8   0x00000260   Code   RO          362    .text               myiic.o
    0x08006e48   0x00000002   Code   RO          376    .text               use_no_semi_2.o(c_w.l)
    0x08006e4a   0x00000002   PAD
    0x08006e4c   0x00000020   Code   RO          380    .text               noretval__2printf.o(c_w.l)
    0x08006e6c   0x0000004c   Code   RO          384    .text               _printf_pad.o(c_w.l)
    0x08006eb8   0x00000070   Code   RO          386    .text               _printf_dec.o(c_w.l)
    0x08006f28   0x00000148   Code   RO          398    .text               __printf_flags_wp.o(c_w.l)
    0x08007070   0x00000008   Code   RO          408    .text               abs.o(c_w.l)
    0x08007078   0x00000006   Code   RO          410    .text               heapauxi.o(c_w.l)
    0x0800707e   0x00000002   Code   RO          491    .text               use_no_semi.o(c_w.l)
    0x08007080   0x00000016   Code   RO          495    .text               _rserrno.o(c_w.l)
    0x08007096   0x000000ae   Code   RO          497    .text               _printf_intcommon.o(c_w.l)
    0x08007144   0x00000030   Code   RO          499    .text               _printf_char_common.o(c_w.l)
    0x08007174   0x00000010   Code   RO          506    .text               rtudiv10.o(c_w.l)
    0x08007184   0x0000000c   Code   RO          577    .text               rt_errno_addr_intlibspace.o(c_w.l)
    0x08007190   0x00000008   Code   RO          587    .text               libspace.o(c_w.l)
    0x08007198   0x0000004a   Code   RO          590    .text               sys_stackheap_outer.o(c_w.l)
    0x080071e2   0x0000000c   Code   RO          592    .text               exit.o(c_w.l)
    0x080071ee   0x00000002   PAD
    0x080071f0   0x000002e4   Code   RO          550    i.__ieee754_rem_pio2  rred.o(m_ws.l)
    0x080074d4   0x000000fc   Code   RO          544    i.__kernel_cos      cos_i.o(m_ws.l)
    0x080075d0   0x000000a2   Code   RO          547    i.__kernel_poly     poly.o(m_ws.l)
    0x08007672   0x00000002   PAD
    0x08007674   0x000000ec   Code   RO          553    i.__kernel_sin      sin_i.o(m_ws.l)
    0x08007760   0x0000028c   Code   RO          471    i.asin              asin.o(m_ws.l)
    0x080079ec   0x00000228   Code   RO          540    i.atan              atan.o(m_ws.l)
    0x08007c14   0x00000178   Code   RO          476    i.atan2             atan2.o(m_ws.l)
    0x08007d8c   0x0000009c   Code   RO          480    i.cos               cos.o(m_ws.l)
    0x08007e28   0x000000a0   Code   RO          484    i.sin               sin.o(m_ws.l)
    0x08007ec8   0x00000054   Code   RO          488    i.sqrt              sqrt.o(m_ws.l)
    0x08007f1c   0x00000094   Code   RO          414    x$fpl$d2f           d2f.o(fz_ws.l)
    0x08007fb0   0x000001b8   Code   RO          416    x$fpl$dadd          daddsub_clz.o(fz_ws.l)
    0x08008168   0x00000010   Code   RO          508    x$fpl$dcheck        dcheck.o(fz_ws.l)
    0x08008178   0x00000010   Code   RO          510    x$fpl$dcheck1       dcheck1.o(fz_ws.l)
    0x08008188   0x00000078   Code   RO          512    x$fpl$dcmpinfnan    dcmpin.o(fz_ws.l)
    0x08008200   0x00000058   Code   RO          524    x$fpl$dcmpinfnan    fcmpin.o(fz_ws.l)
    0x08008258   0x00000400   Code   RO          423    x$fpl$ddiv          ddiv.o(fz_ws.l)
    0x08008658   0x0000009c   Code   RO          426    x$fpl$dfix          dfix.o(fz_ws.l)
    0x080086f4   0x0000002c   Code   RO          431    x$fpl$dflt          dflt_clz.o(fz_ws.l)
    0x08008720   0x00000070   Code   RO          434    x$fpl$dleqf         dleqf.o(fz_ws.l)
    0x08008790   0x000001c8   Code   RO          436    x$fpl$dmul          dmul.o(fz_ws.l)
    0x08008958   0x00000198   Code   RO          581    x$fpl$drem          drem_clz.o(fz_ws.l)
    0x08008af0   0x00000088   Code   RO          514    x$fpl$drleqf        drleqf.o(fz_ws.l)
    0x08008b78   0x00000016   Code   RO          417    x$fpl$drsb          daddsub_clz.o(fz_ws.l)
    0x08008b8e   0x00000002   PAD
    0x08008b90   0x00000144   Code   RO          516    x$fpl$dsqrt         dsqrt.o(fz_ws.l)
    0x08008cd4   0x00000248   Code   RO          418    x$fpl$dsub          daddsub_clz.o(fz_ws.l)
    0x08008f1c   0x000000ec   Code   RO          518    x$fpl$dunder        dunder.o(fz_ws.l)
    0x08009008   0x00000050   Code   RO          438    x$fpl$f2d           f2d.o(fz_ws.l)
    0x08009058   0x00000100   Code   RO          440    x$fpl$fadd          faddsub_clz.o(fz_ws.l)
    0x08009158   0x0000000c   Code   RO          520    x$fpl$fcheck        fcheck.o(fz_ws.l)
    0x08009164   0x0000000c   Code   RO          522    x$fpl$fcheck1       fcheck1.o(fz_ws.l)
    0x08009170   0x000001e4   Code   RO          447    x$fpl$fdiv          fdiv.o(fz_ws.l)
    0x08009354   0x00000060   Code   RO          450    x$fpl$feqf          feqf.o(fz_ws.l)
    0x080093b4   0x00000070   Code   RO          452    x$fpl$ffix          ffix.o(fz_ws.l)
    0x08009424   0x00000058   Code   RO          456    x$fpl$ffixu         ffixu.o(fz_ws.l)
    0x0800947c   0x00000032   Code   RO          461    x$fpl$fflt          fflt_clz.o(fz_ws.l)
    0x080094ae   0x00000008   Code   RO          460    x$fpl$ffltu         fflt_clz.o(fz_ws.l)
    0x080094b6   0x00000002   PAD
    0x080094b8   0x00000060   Code   RO          464    x$fpl$fleqf         fleqf.o(fz_ws.l)
    0x08009518   0x00000108   Code   RO          466    x$fpl$fmul          fmul.o(fz_ws.l)
    0x08009620   0x0000004a   Code   RO          526    x$fpl$fnorm2        fnorm2_clz.o(fz_ws.l)
    0x0800966a   0x00000002   PAD
    0x0800966c   0x0000006c   Code   RO          468    x$fpl$frleqf        frleqf.o(fz_ws.l)
    0x080096d8   0x00000014   Code   RO          441    x$fpl$frsb          faddsub_clz.o(fz_ws.l)
    0x080096ec   0x00000124   Code   RO          442    x$fpl$fsub          faddsub_clz.o(fz_ws.l)
    0x08009810   0x00000086   Code   RO          528    x$fpl$funder        funder.o(fz_ws.l)
    0x08009896   0x00000064   Code   RO          583    x$fpl$retnan        retnan.o(fz_ws.l)
    0x080098fa   0x00000060   Code   RO          533    x$fpl$scalbn        scalbn.o(fz_ws.l)
    0x0800995a   0x00000030   Code   RO          585    x$fpl$trapveneer    trapv.o(fz_ws.l)
    0x0800998a   0x00000000   Code   RO          538    x$fpl$usenofp       usenofp.o(fz_ws.l)
    0x0800998a   0x00000011   Data   RO          399    .constdata          __printf_flags_wp.o(c_w.l)
    0x0800999b   0x00000005   PAD
    0x080099a0   0x00000050   Data   RO          472    .constdata          asin.o(m_ws.l)
    0x080099f0   0x00000098   Data   RO          541    .constdata          atan.o(m_ws.l)
    0x08009a88   0x00000030   Data   RO          545    .constdata          cos_i.o(m_ws.l)
    0x08009ab8   0x00000008   Data   RO          549    .constdata          qnan.o(m_ws.l)
    0x08009ac0   0x000000c0   Data   RO          551    .constdata          rred.o(m_ws.l)
    0x08009b80   0x00000028   Data   RO          554    .constdata          sin_i.o(m_ws.l)
    0x08009ba8   0x00000020   Data   RO          716    Region$$Table       anon$$obj.o


    Execution Region RW_IRAM1 (Base: 0x20000000, Size: 0x00000370, Max: 0x00005000, ABSOLUTE)

    Base Addr    Size         Type   Attr      Idx    E Section Name        Object

    0x20000000   0x00000008   Data   RW           11    .data               test.o
    0x20000008   0x00000004   Data   RW          183    .data               delay.o
    0x2000000c   0x00000008   Data   RW          214    .data               usart.o
    0x20000014   0x00000001   Data   RW          248    .data               key.o
    0x20000015   0x00000001   Data   RW          261    .data               wdg.o
    0x20000016   0x00000002   PAD
    0x20000018   0x00000004   Data   RW          276    .data               timer.o
    0x2000001c   0x0000006d   Data   RW          318    .data               imu.o
    0x20000089   0x00000003   PAD
    0x2000008c   0x00000080   Zero   RW          213    .bss                usart.o
    0x2000010c   0x00000060   Zero   RW          588    .bss                libspace.o(c_w.l)
    0x2000016c   0x00000004   PAD
    0x20000170   0x00000000   Zero   RW            2    HEAP                stm32f10x.o
    0x20000170   0x00000200   Zero   RW            1    STACK               stm32f10x.o


==============================================================================

Image component sizes


      Code (inc. data)   RO Data    RW Data    ZI Data      Debug   Object Name

       514          0          0          0          0       3427   24cxx.o
       584         44          0          0          0       3041   24l01.o
       156          4          0          4          0       1003   delay.o
     21872        930          0        109          0      18299   imu.o
       244         28          0          1          0        740   key.o
       128         18          0          0          0        435   led.o
       608         16          0          0          0       1832   myiic.o
       384         22          0          0          0        993   spi.o
        52         18        236          0        512        472   stm32f10x.o
       742         50          0          0          0       2699   sys.o
      1300         76          0          8          0       6593   test.o
       352         26          0          4          0       1194   timer.o
       404         32          0          8        128       3128   usart.o
       272         30          0          1          0       1480   wdg.o
       216         20          0          0          0        982   wkup.o

    ----------------------------------------------------------------------
     27832       1314        268        140        640      46318   Object Totals
         0          0         32          0          0          0   (incl. Generated)
         4          0          0          5          0          2   (incl. Padding)

    ----------------------------------------------------------------------

      Code (inc. data)   RO Data    RW Data    ZI Data      Debug   Library Member Name

         8          0          0          0          0         68   __main.o
       328          4         17          0          0         88   __printf_flags_wp.o
        52          8          0          0          0          0   __scatter.o
        26          0          0          0          0          0   __scatter_copy.o
        28          0          0          0          0          0   __scatter_zi.o
        48          4          0          0          0         96   _printf_char_common.o
         6          0          0          0          0          0   _printf_d.o
       112         16          0          0          0         92   _printf_dec.o
       174          0          0          0          0         88   _printf_intcommon.o
        76          0          0          0          0        104   _printf_pad.o
         0          0          0          0          0          0   _printf_percent.o
         4          0          0          0          0          0   _printf_percent_end.o
        22          0          0          0          0         96   _rserrno.o
         8          0          0          0          0         68   abs.o
       652         70         80          0          0        136   asin.o
       552         78        152          0          0        176   atan.o
       376         70          0          0          0        140   atan2.o
       156         26          0          0          0        100   cos.o
       252         30         48          0          0        112   cos_i.o
       148          6          0          0          0         68   d2f.o
      1046         28          0          0          0        320   daddsub_clz.o
        16          6          0          0          0         68   dcheck.o
        16          6          0          0          0         68   dcheck1.o
       120          0          0          0          0         84   dcmpin.o
      1024        272          0          0          0        160   ddiv.o
       156          6          0          0          0         76   dfix.o
        44          0          0          0          0         68   dflt_clz.o
       112          6          0          0          0         68   dleqf.o
       456         16          0          0          0        100   dmul.o
       408         12          0          0          0        100   drem_clz.o
       136          6          0          0          0         68   drleqf.o
       324          8          0          0          0        100   dsqrt.o
       236          0          0          0          0         92   dunder.o
        12          0          0          0          0         68   exit.o
        80          4          0          0          0         68   f2d.o
       568         18          0          0          0        204   faddsub_clz.o
        12          6          0          0          0         68   fcheck.o
        12          6          0          0          0         68   fcheck1.o
        88          0          0          0          0         68   fcmpin.o
       484         76          0          0          0         76   fdiv.o
        96          6          0          0          0         68   feqf.o
       112          4          0          0          0         68   ffix.o
        88          6          0          0          0         68   ffixu.o
        58          0          0          0          0        136   fflt_clz.o
        96          6          0          0          0         68   fleqf.o
       264          6          0          0          0         68   fmul.o
        74          0          0          0          0         84   fnorm2_clz.o
       108          6          0          0          0         68   frleqf.o
       134          0          0          0          0         84   funder.o
         6          0          0          0          0        148   heapauxi.o
         6          0          0          0          0          0   libinit.o
         2          0          0          0          0          0   libinit2.o
         2          0          0          0          0          0   libshutdown.o
         2          0          0          0          0          0   libshutdown2.o
         8          4          0          0         96         68   libspace.o
        32          8          0          0          0         80   noretval__2printf.o
       162          0          0          0          0         96   poly.o
         0          0          8          0          0          0   qnan.o
       100          0          0          0          0         68   retnan.o
       740         98        192          0          0         96   rred.o
        12          6          0          0          0         68   rt_errno_addr_intlibspace.o
         0          0          0          0          0          0   rtentry.o
        12          0          0          0          0          0   rtentry2.o
         6          0          0          0          0          0   rtentry4.o
         0          0          0          0          0          0   rtexit.o
         8          0          0          0          0          0   rtexit2.o
        16          0          0          0          0         68   rtudiv10.o
        96          0          0          0          0         68   scalbn.o
       160         24          0          0          0        100   sin.o
       236         14         40          0          0        128   sin_i.o
        84         22          0          0          0         84   sqrt.o
        74          0          0          0          0         80   sys_stackheap_outer.o
        48          0          0          0          0         68   trapv.o
         2          0          0          0          0         68   use_no_semi.o
         2          0          0          0          0         68   use_no_semi_2.o
         0          0          0          0          0          0   usenofp.o

    ----------------------------------------------------------------------
     11238        998        542          0        100       5492   Library Totals
        14          0          5          0          4          0   (incl. Padding)

    ----------------------------------------------------------------------

      Code (inc. data)   RO Data    RW Data    ZI Data      Debug   Library Name

      1094         50         17          0         96       1416   c_w.l
      6760        516          0          0          0       2908   fz_ws.l
      3370        432        520          0          0       1168   m_ws.l

    ----------------------------------------------------------------------
     11238        998        542          0        100       5492   Library Totals

    ----------------------------------------------------------------------

==============================================================================


      Code (inc. data)   RO Data    RW Data    ZI Data      Debug   

     39070       2312        810        140        740      47612   Grand Totals
     39070       2312        810        140        740      47612   ELF Image Totals
     39070       2312        810        140          0          0   ROM Totals

==============================================================================

    Total RO  Size (Code + RO Data)                39880 (  38.95kB)
    Total RW  Size (RW Data + ZI Data)               880 (   0.86kB)
    Total ROM Size (Code + RO Data + RW Data)      40020 (  39.08kB)

==============================================================================

